Boomkat scraper — Today: 2026-07-20, Cutoff: 2026-07-19, Pages: 2, Limit: 100
Creating tab and navigating to New Releases...

=== Page 1 ===
Found 50 products on page 1

=== Page 2 ===
Found 50 products on page 2

Total unique products: 100
  OK — ARTHUR RUSSELL : Another Thought (2026-07-20)
  OK — Saphileaum : Heavenly Hills (2026-07-20)
  OK — Mohamed Bourouissa : LILA (2026-07-20)
  OK — Pendant : To All Sides They Will Stretch Out Their Hands (2026-07-20)
  OK — Nashpaints : Everyone Good Is Called Molly (2026-07-20)
  OK — Various Artists : A Minha Vida é um Filme e Nele Eu Sou o Vilão - Carimbos e Vinhetas dos Paredões Brasileiros (2026-07-20)
  OK — Nurse With Wound : 1984 : A Happening (2026-07-20)
  OK — Grouper : Dragging a Dead Deer Up a Hill (2026-07-20)
  OK — Low End Activist : Low End Activism 004 (2026-07-20)
  OK — So Savoeun : The Golden Voice Of Phnom Penh, 1962- 1974 (2026-07-20)
  OK — Bill Laswell + P.ST : Mount Analogue (2026-07-20)
  OK — Low End Activist & Sikka Rymes : Invite Chaos (Kill Dem) (2026-07-20)
  OK — Low End Activist : Engineers Origins (2026-07-20)
  OK — Pharoah Sanders & Bill Laswell : With a Heartbeat (2026-07-20)
  OK — DADAWAH : Peace & Love (2026-07-20)
  OK — Jejune : No One Like You b/w The Boy With The Thorn In His Side (2026-07-20)
  OK — Pictish Trail : Hold It (Both Hands remix) (2026-07-20)
  OK — Danny Clay : A Moment Beyond (2026-07-20)
  OK — Junge Eko : Metal Horse II (2026-07-20)
  OK — Corey King : The Damndest (2026-07-20)
  OK — Morning People, Adam Feingold, M Salaciak, Richard : Morning People (2026-07-20)
  OK — Jody Fingers Finch : Jack Your Big Booty (2026-07-20)
  OK — DX2OV : Tonegues (2026-07-20)
  OK — Florian T M Zeisig : Music for Parents (2026-07-20)
  OK — T++ : Wireless (2026-07-20)
  OK — Nídia & Valentina : Estradas (Versions) (2026-07-20)
  OK — Benabou : Rise & Merge (2026-07-20)
  OK — Distinct Motive : Hypnotize (2026-07-20)
  OK — Aeson Zervas : 3 (2026-07-20)
  OK — Tricky : Different When It's Silent (2026-07-20)
  OK — Iguana : CHORA (2026-07-20)
  OK — Paul Kendall : AMENace, goodbye (2026-07-20)
  OK — Egil Kalman & Hans Hulbaekmo : Unit of Time (2026-07-20)
  OK — Static Cleaner Lost Reward : Breathing Under Honey (2026-07-20)
  OK — Helado Tropical : Helado Tropical (2026-07-20)
  OK — THE WIRE : Issue 510: August 2026 (2026-07-20)
  OK — Foul Play : Origins (2026-07-20)
  OK — DJ Manny & DJ Phil : Feature Presentation EP (2026-07-20)
  OK — Nuke Watch : Fusion (2026-07-20)
  OK — PROTOCOL : Channel Zero (2026-07-20)
  OK — Sylvain Chauveau : The Complexity of the Simple (2026-07-20)
  OK — Untold : False Vacuum EP (2026-07-20)
  OK — Picture : Uuuuuuuu (2026-07-20)
  OK — Old Saw : The Wringing Cloth (2026-07-20)
  OK — Jana Irmert : Messengers (Original Soundtrack) (2026-07-20)
  OK — Various Artists : STUDIO SIMPA: DIGITAL DANCE MUSIC ON VCD FROM DAGBON, NORTHERN GHANA (2026-07-20)
  OK — Tomo Katsurada and Jonny Nash : At The Emerald Pool (2026-07-20)
  OK — Various Artists : Virtual Dreams II - Ambient Explorations In The House & Techno Age, Japan 1993-1999 (2026-07-20)
  OK — Vincent Yuen Ruiz : Trio (2026-07-20)
  OK — NEOBORIS : Hélas (2026-07-20)

=== Visiting 50 product pages for full body ===
  [1/50] ARTHUR RUSSELL : Another Thought...
    body: 1609 chars
  [2/50] Saphileaum : Heavenly Hills...
    body: 1548 chars
  [3/50] Mohamed Bourouissa : LILA...
    body: 2072 chars
  [4/50] Pendant : To All Sides They Will Stretch Out Their...
    body: 2774 chars
  [5/50] Nashpaints : Everyone Good Is Called Molly...
    body: 2973 chars
  [6/50] Various Artists : A Minha Vida é um Filme e Nele Eu Sou o ...
    body: 3061 chars
  [7/50] Nurse With Wound : 1984 : A Happening...
    body: 1078 chars
  [8/50] Grouper : Dragging a Dead Deer Up a Hill...
    body: 1480 chars
  [9/50] Low End Activist : Low End Activism 004...
    body: 967 chars
  [10/50] So Savoeun : The Golden Voice Of Phnom Penh, 1962- 19...
    body: 1544 chars
  [11/50] Bill Laswell + P.ST : Mount Analogue...
    body: 1972 chars
  [12/50] Low End Activist & Sikka Rymes : Invite Chaos (Kill Dem)...
    body: 708 chars
  [13/50] Low End Activist : Engineers Origins...
    body: 1120 chars
  [14/50] Pharoah Sanders & Bill Laswell : With a Heartbeat...
    body: 1814 chars
  [15/50] DADAWAH : Peace & Love...
    body: 1130 chars
  [16/50] Jejune : No One Like You b/w The Boy With The Tho...
    body: 910 chars
  [17/50] Pictish Trail : Hold It (Both Hands remix)...
    body: 866 chars
  [18/50] Danny Clay : A Moment Beyond...
    body: 1290 chars
  [19/50] Junge Eko : Metal Horse II...
    body: 649 chars
  [20/50] Corey King : The Damndest...
    body: 1046 chars
  [21/50] Morning People, Adam Feingold, M Salaciak, Richard : Morning People...
    body: 1205 chars
  [22/50] Jody Fingers Finch : Jack Your Big Booty...
    body: 1082 chars
  [23/50] DX2OV : Tonegues...
    body: 1845 chars
  [24/50] Florian T M Zeisig : Music for Parents...
    body: 1449 chars
  [25/50] T++ : Wireless...
    body: 2131 chars
  [26/50] Nídia & Valentina : Estradas (Versions)...
    body: 1459 chars
  [27/50] Benabou : Rise & Merge...
    body: 886 chars
  [28/50] Distinct Motive : Hypnotize...
    body: 389 chars
  [29/50] Aeson Zervas : 3...
    body: 2141 chars
  [30/50] Tricky : Different When It's Silent...
    body: 2926 chars
  [31/50] Iguana : CHORA...
    body: 1987 chars
  [32/50] Paul Kendall : AMENace, goodbye...
    body: 2178 chars
  [33/50] Egil Kalman & Hans Hulbaekmo : Unit of Time...
    body: 3816 chars
  [34/50] Static Cleaner Lost Reward : Breathing Under Honey...
    body: 2100 chars
  [35/50] Helado Tropical : Helado Tropical...
    body: 3588 chars
  [36/50] THE WIRE : Issue 510: August 2026...
    body: 4998 chars
  [37/50] Foul Play : Origins...
    body: 1466 chars
  [38/50] DJ Manny & DJ Phil : Feature Presentation EP...
    body: 673 chars
  [39/50] Nuke Watch : Fusion...
    body: 1865 chars
  [40/50] PROTOCOL : Channel Zero...
    body: 874 chars
  [41/50] Sylvain Chauveau : The Complexity of the Simple...
    body: 1663 chars
  [42/50] Untold : False Vacuum EP...
    body: 1238 chars
  [43/50] Picture : Uuuuuuuu...
    body: 864 chars
  [44/50] Old Saw : The Wringing Cloth...
    body: 2142 chars
  [45/50] Jana Irmert : Messengers (Original Soundtrack)...
    body: 1557 chars
  [46/50] Various Artists : STUDIO SIMPA: DIGITAL DANCE MUSIC ON VCD...
    body: 1768 chars
  [47/50] Tomo Katsurada and Jonny Nash : At The Emerald Pool...
    body: 2641 chars
  [48/50] Various Artists : Virtual Dreams II - Ambient Explorations...
    body: 2291 chars
  [49/50] Vincent Yuen Ruiz : Trio...
    body: 1975 chars
  [50/50] NEOBORIS : Hélas...
    body: 2890 chars

Total: 50 items
Closed tab bc4cee1a-e493-4c75-be3c-e9bbf9fe466c
