Boomkat scraper — Today: 2026-07-09, Cutoff: 2026-07-08, Pages: 2, Limit: 100
Creating tab and navigating to New Releases...

=== Page 1 ===
Found 50 products on page 1

=== Page 2 ===
Found 49 products on page 2

Total unique products: 99
  OK — LEENALCHI : Here Comes That Crow (2026-07-09)
  OK — Xmal Deutschland : Peel (The Complete Peel Sessions) (2026-07-09)
  OK — DX2OV : Tonegues (2026-07-09)
  OK — inrain : Rise (2026-07-09)
  OK — Mayerling : Finis Terrae (2026-07-09)
  OK — ManonMars : Entertainment System (2026-07-09)
  OK — Inweys : Inweys (2026-07-09)
  OK — Sylvia Lim : Flare (2026-07-09)
  OK — John T. Gast : Infant (2026-07-09)
  OK — Alex Zhang Hungtai : Orion/Mother (2026-07-09)
  OK — Various Artists : Documents Of Different Reality (2026-07-09)
  OK — MNEMONIC DEVICES : Workshop 34 (2026-07-09)
  OK — THE WIRE : Issue 510: August 2026 (2026-07-09)
  OK — Kristofer Svensson, Maya Bennardo, Erik Blennow Calälv : For a Lemon Tree (2026-07-09)
  OK — DJ Plead & rRoxymore : Read Round City EP (2026-07-09)
  OK — heimelektronik & MAS 2008 : Electronic Corporation 1998-2006 (2026-07-09)
  OK — Michael Brook : Cobalt Blue & Live at the Aquarium (2026 Remaster) (2026-07-09)
  OK — Elori Saxl & Henry Solomon : Seeing Is Forgetting (2026-07-09)
  OK — Speaker Music : Synoptic Audio (2026-07-09)
  OK — Kevin Richard Martin : Sub Zero - Refractions (The Bug / Ghost Dubs Remixes) (2026-07-09)
  OK — 2K88 & Lauren Duffus & Rainy Miller & Bianca Scout : Everything Always Changes, For We’re Truly Here (2026-07-09)
  OK — Kassel Jaeger : Sub Re (2026-07-09)
  OK — Sunn O))) : sunn O))) (2026-07-09)
  OK — JOACHIM NORDWALL : Fight Fire With Fire (2026-07-09)
  OK — James M. Creed : Tending (2026-07-09)
  OK — ¿DONDEDOS : Drifting Nowhere (2026-07-09)
  OK — Jeff Bruner : Four Corners (2026-07-09)
  OK — HEALING FORCE PROJECT : Unholy Magnetic (2026-07-09)
  OK — THE DURUTTI COLUMN : A Paean to Wilson (2026-07-09)
  OK — Memotone : Warm Shadows (2026-07-09)
  OK — Felicia Atkinson : Sans Visage (2026-07-09)
  OK — Akusmi : Terra Incognita (2026-07-09)
  OK — Sam Binga & Addison Groove : BAGS INC. (2026-07-09)
  OK — Emer feat. Ugnė Uma : You And Me (2026-07-09)
  OK — J.WLSN & Liam Keenan : Country/The Country (2026-07-09)
  OK — T++ : Wireless (2026-07-09)
  OK — Burial & Four Tet & Thom Yorke : Her Revolution / His Rope (2026-07-09)
  OK — Various Artists : Blues in the Mississippi Night (2026-07-09)
  OK — Function : Aeternum (Existenz) (2026-07-09)
  OK — Kelela : new avatar (2026-07-09)
  OK — Klaus Lang : geschrieben in wasser (2026-07-09)
  OK — Pavel Milyakov / Yana Pavlova : Thrill (2026-07-09)
  OK — Panda Bear & Sonic Boom : A ? of WHEN (2026-07-09)
  OK — Martyn : Music for Existing (2026-07-09)
  OK — Seekersinternational & wzrdryAV : Orbit Flares (2026-07-09)
  OK — XIU XIU : Eraserhead Xiu Xiu (2026-07-09)
  OK — Edgar : Pavor (2026-07-09)
  OK — Arvo Pärt : Alina (2026-07-09)
  OK — Al Wootton : River Songs (2026-07-09)
  OK — Old Saw : Country Tropics (2026-07-09)
  OK — Eldritch Anisette : Complete Fairytales [Paperback Edition] (2026-07-09)
  OK — Aubrey Hoermann : The Dance Flo-Funk EP (2026-07-09)
  OK — Sees : Ampersand Curve (2026-07-09)
  OK — Luca Durán & Kelman Duran : Lejanía (2026-07-09)
  OK — Lucid Dreams : Mesmerism (2026-07-09)
  OK — Cat Power : The Greatest (20th Anniversary Edition) (2026-07-09)
  OK — Frances Chang : Auratones of Desire (2026-07-09)
  OK — Push For Night : That Porous Line (2026-07-09)
  OK — GILBERTO GIL : Louvação (2026-07-09)
  OK — Lauren Martin : Aftershock: The Seismic Impact of Dubstep (2026-07-09)
  OK — SCRITTI POLITTI : Cupid & Psyche 85 (2026-07-09)
  OK — Function : Existenz (2026-07-09)
  OK — Natalia Beylis & Eimear Reidy : She Came Through the Window to Stand by the Door (2026-07-09)
  OK — Jürg Frey : Clarinet Quintet (2026-07-09)
  OK — Batu & Donato Dozzy : Exhale (2026-07-09)
  OK — Aphex Twin : Selected Ambient Works 85-92 (2026-07-09)
  OK — Blue Eyed Soul : You Ain't No Weight (2026-07-09)
  OK — GREG : bby / Kas Frekans (2026-07-09)
  OK — Tomoyoshi Date + Stijn Hüwels : Tatemono (建物) (2026-07-09)
  OK — 12k Gotti : CLIMAX (2026-07-09)
  OK — BB. angel : Shaitania (2026-07-09)
  OK — Jack Hill : Don't Deny My Love b/w That's All I Need (2026-07-09)
  OK — Rudy Lambert : My Heart b/w That's What I Call Love (2026-07-09)
  OK — HIJINX : Watson (2026-07-09)
  OK — Gilla Band : Placeholder (2026-07-09)
  OK — Two Shell : Infinite Now+ (2026-07-09)
  OK — Tom Boogizm : All Night Long Vol 4 (2026-07-09)
  OK — Cindy : I'm Cindy (2026-07-09)
  OK — Dean Blunt : Black Metal 2 (2026-07-09)
  OK — In Transit : In Transit (2026-07-09)
  OK — Adrian Rew : Slot Machine Music, Vol. 1 & 2: Field Recordings from Middle American Casinos (2026-07-09)
  OK — Radio Silence Collective : (No More) Radio Silence (2026-07-09)
  OK — Shakali : Toinen Luonto (2026-07-09)
  OK — Asher White : The eagle is no omen (2026-07-09)
  OK — Funkadelic : Can You Get To That (2026 Remastered) (2026-07-09)
  OK — Wille : Planetary Vision (2026-07-09)
  OK — Tomé Silva : Na Sobreda (2026-07-09)
  OK — The Sick Man Of Europe : Negative Stimuli (Edit) (2026-07-09)
  OK — Sarah Davachi : Interlude V: Harmonic, for Woodwinds (2026-07-09)
  OK — Jacques Greene & DJ BORING : Closer (ft DJ BORING) (2026-07-09)
  OK — Lemna + HIIIT : Waltz of the Fossils (2026-07-09)
  OK — Lean Low : Faizoon (2026-07-09)
  OK — A CERTAIN RATIO : Knife Slits Water EM 12" (2026-07-09)
  OK — Oneness : Thank You b/w The Boss (2026-07-09)
  OK — DENIRO : 4 Cities EP (2026-07-09)
  OK — Kaap : Reconsider (2026-07-09)
  OK — Phil Geraldi : Rural Deceased Undiscovered (2026-07-09)
  OK — The Sick Man Of Europe : Negative Stimuli (2026-07-09)
  OK — Rudi J : I Guess I'm Not In Tune After All (2026-07-09)

=== Visiting 99 product pages for full body ===
  [1/99] LEENALCHI : Here Comes That Crow...
    body: 1041 chars
  [2/99] Xmal Deutschland : Peel (The Complete Peel Sessions)...
    body: 6354 chars
  [3/99] DX2OV : Tonegues...
    body: 1845 chars
  [4/99] inrain : Rise...
    body: 1696 chars
  [5/99] Mayerling : Finis Terrae...
    body: 1175 chars
  [6/99] ManonMars : Entertainment System...
    body: 2685 chars
  [7/99] Inweys : Inweys...
    body: 1968 chars
  [8/99] Sylvia Lim : Flare...
    body: 1392 chars
  [9/99] John T. Gast : Infant...
    body: 1929 chars
  [10/99] Alex Zhang Hungtai : Orion/Mother...
    body: 2097 chars
  [11/99] Various Artists : Documents Of Different Reality...
    body: 2383 chars
  [12/99] MNEMONIC DEVICES : Workshop 34...
    body: 718 chars
  [13/99] THE WIRE : Issue 510: August 2026...
    body: 4781 chars
  [14/99] Kristofer Svensson, Maya Bennardo, Erik Blennow Calälv : For a Lemon Tree...
    body: 1212 chars
  [15/99] DJ Plead & rRoxymore : Read Round City EP...
    body: 1564 chars
  [16/99] heimelektronik & MAS 2008 : Electronic Corporation 1998-2006...
    body: 2096 chars
  [17/99] Michael Brook : Cobalt Blue & Live at the Aquarium (2026...
    body: 3360 chars
  [18/99] Elori Saxl & Henry Solomon : Seeing Is Forgetting...
    body: 1625 chars
  [19/99] Speaker Music : Synoptic Audio...
    body: 3507 chars
  [20/99] Kevin Richard Martin : Sub Zero - Refractions (The Bug / Ghost ...
    body: 1340 chars
  [21/99] 2K88 & Lauren Duffus & Rainy Miller & Bianca Scout : Everything Always Changes, For We’re Tru...
    body: 2425 chars
  [22/99] Kassel Jaeger : Sub Re...
    body: 2161 chars
  [23/99] Sunn O))) : sunn O)))...
    body: 2279 chars
  [24/99] JOACHIM NORDWALL : Fight Fire With Fire...
    body: 1476 chars
  [25/99] James M. Creed : Tending...
    body: 560 chars
  [26/99] ¿DONDEDOS : Drifting Nowhere...
    body: 1673 chars
  [27/99] Jeff Bruner : Four Corners...
    body: 2951 chars
  [28/99] HEALING FORCE PROJECT : Unholy Magnetic...
    body: 2025 chars
  [29/99] THE DURUTTI COLUMN : A Paean to Wilson...
    body: 1579 chars
  [30/99] Memotone : Warm Shadows...
    body: 2066 chars
  [31/99] Felicia Atkinson : Sans Visage...
    body: 2065 chars
  [32/99] Akusmi : Terra Incognita...
    body: 1392 chars
  [33/99] Sam Binga & Addison Groove : BAGS INC....
    body: 1145 chars
  [34/99] Emer feat. Ugnė Uma : You And Me...
    body: 1392 chars
  [35/99] J.WLSN & Liam Keenan : Country/The Country...
    body: 1075 chars
  [36/99] T++ : Wireless...
    body: 2131 chars
  [37/99] Burial & Four Tet & Thom Yorke : Her Revolution / His Rope...
    body: 171 chars
  [38/99] Various Artists : Blues in the Mississippi Night...
    body: 2412 chars
  [39/99] Function : Aeternum (Existenz)...
    body: 1296 chars
  [40/99] Kelela : new avatar...
    body: 4919 chars
  [41/99] Klaus Lang : geschrieben in wasser...
    body: 801 chars
  [42/99] Pavel Milyakov / Yana Pavlova : Thrill...
    body: 2207 chars
  [43/99] Panda Bear & Sonic Boom : A ? of WHEN...
    body: 3123 chars
  [44/99] Martyn : Music for Existing...
    body: 1459 chars
  [45/99] Seekersinternational & wzrdryAV : Orbit Flares...
    body: 1526 chars
  [46/99] XIU XIU : Eraserhead Xiu Xiu...
    body: 2018 chars
  [47/99] Edgar : Pavor...
    body: 1569 chars
  [48/99] Arvo Pärt : Alina...
    body: 1066 chars
  [49/99] Al Wootton : River Songs...
    body: 826 chars
  [50/99] Old Saw : Country Tropics...
    body: 1867 chars
  [51/99] Eldritch Anisette : Complete Fairytales [Paperback Edition]...
    body: 1551 chars
  [52/99] Aubrey Hoermann : The Dance Flo-Funk EP...
    body: 703 chars
  [53/99] Sees : Ampersand Curve...
    body: 2427 chars
  [54/99] Luca Durán & Kelman Duran : Lejanía...
    body: 504 chars
  [55/99] Lucid Dreams : Mesmerism...
    body: 1804 chars
  [56/99] Cat Power : The Greatest (20th Anniversary Edition)...
    body: 1722 chars
  [57/99] Frances Chang : Auratones of Desire...
    body: 751 chars
  [58/99] Push For Night : That Porous Line...
    body: 2946 chars
  [59/99] GILBERTO GIL : Louvação...
    body: 1956 chars
  [60/99] Lauren Martin : Aftershock: The Seismic Impact of Dubste...
    body: 3246 chars
  [61/99] SCRITTI POLITTI : Cupid & Psyche 85...
    body: 1242 chars
  [62/99] Function : Existenz...
    body: 3531 chars
  [63/99] Natalia Beylis & Eimear Reidy : She Came Through the Window to Stand by ...
    body: 1828 chars
  [64/99] Jürg Frey : Clarinet Quintet...
    body: 697 chars
  [65/99] Batu & Donato Dozzy : Exhale...
    body: 2124 chars
  [66/99] Aphex Twin : Selected Ambient Works 85-92...
    body: 286 chars
  [67/99] Blue Eyed Soul : You Ain't No Weight...
    body: 320 chars
  [68/99] GREG : bby / Kas Frekans...
    body: 895 chars
  [69/99] Tomoyoshi Date + Stijn Hüwels : Tatemono (建物)...
    body: 1465 chars
  [70/99] 12k Gotti : CLIMAX...
    body: 633 chars
  [71/99] BB. angel : Shaitania...
    body: 1250 chars
  [72/99] Jack Hill : Don't Deny My Love b/w That's All I Need...
    body: 882 chars
  [73/99] Rudy Lambert : My Heart b/w That's What I Call Love...
    body: 874 chars
  [74/99] HIJINX : Watson...
    body: 393 chars
  [75/99] Gilla Band : Placeholder...
    body: 643 chars
  [76/99] Two Shell : Infinite Now+...
    body: 2439 chars
  [77/99] Tom Boogizm : All Night Long Vol 4...
    body: 963 chars
  [78/99] Cindy : I'm Cindy...
    body: 1391 chars
  [79/99] Dean Blunt : Black Metal 2...
    body: 1567 chars
  [80/99] In Transit : In Transit...
    body: 1643 chars
  [81/99] Adrian Rew : Slot Machine Music, Vol. 1 & 2: Field Re...
    body: 3707 chars
  [82/99] Radio Silence Collective : (No More) Radio Silence...
    body: 655 chars
  [83/99] Shakali : Toinen Luonto...
    body: 1247 chars
  [84/99] Asher White : The eagle is no omen...
    body: 661 chars
  [85/99] Funkadelic : Can You Get To That (2026 Remastered)...
    body: 695 chars
  [86/99] Wille : Planetary Vision...
    body: 870 chars
  [87/99] Tomé Silva : Na Sobreda...
    body: 2808 chars
  [88/99] The Sick Man Of Europe : Negative Stimuli (Edit)...
    body: 667 chars
  [89/99] Sarah Davachi : Interlude V: Harmonic, for Woodwinds...
    body: 693 chars
  [90/99] Jacques Greene & DJ BORING : Closer (ft DJ BORING)...
    body: 871 chars
  [91/99] Lemna + HIIIT : Waltz of the Fossils...
    body: 661 chars
  [92/99] Lean Low : Faizoon...
    body: 635 chars
  [93/99] A CERTAIN RATIO : Knife Slits Water EM 12"...
    body: 879 chars
  [94/99] Oneness : Thank You b/w The Boss...
    body: 846 chars
  [95/99] DENIRO : 4 Cities EP...
    body: 1221 chars
  [96/99] Kaap : Reconsider...
    body: 870 chars
  [97/99] Phil Geraldi : Rural Deceased Undiscovered...
    body: 395 chars
  [98/99] The Sick Man Of Europe : Negative Stimuli...
    body: 862 chars
  [99/99] Rudi J : I Guess I'm Not In Tune After All...
    body: 3227 chars

Total: 99 items
Closed tab ce23cf7e-500e-45d7-981e-d6b5416c3fdb
