RSS: 50 站, 8 线程, cutoff ≥ 2026-07-08
  [icareifyoulisten] 2 条
  [avant_music_news] 9 条
  [bandcamp_daily] 8 条
  [a_closer_listen] 2 条
  [fluid_radio] 10 条
  [world_music_central] 0 条
  [van_magazine] 2 条
  [sequenza21] 0 条
  [rhythm_passport] 2 条
  [the_quietus] 6 条
  [jazztimes] 2 条
  [progarchives] 24 条
  [chain_dlk] 0 条
  [attn_magazine] 0 条
  [new_music_buff] 0 条
  [five_against_four] 0 条
  [jazz_journal] 2 条
  [hhv_mag] 2 条
  [the_classic_review] 1 条
  [the_wire] 0 条
  [prog_mistress] 0 条
  [modern_classical_music] 0 条
  [noise_not_music] 1 条
  [i_die_you_die] 2 条
  [side_line] 7 条
  [froots] 0 条
  [peek_a_boo_magazine] 0 条
  [the_noise_beneath_the_snow] 0 条
  [post_punk_com] 4 条
  [can_this_even_be_called_music] 0 条
  [record_crates_united] 0 条
  [rest_is_noise_ph] 0 条
  [heavy_blog_is_heavy] 1 条
  [hosoda_note] 0 条
  [the_elite_extremophile] 0 条
  [ontomo] 5 条
  [hiroyasu_tangerine] 3 条
  [freude] 0 条
  [noisenotmusic] 1 条
  [varelser] 0 条
  [mercure_des_arts] 0 条
  [ajazznoise] 0 条
  [cinra] 10 条
  [arban] 0 条
  [komekyo510] 0 条
  [kansai_studies] 0 条
  [prtcll] 0 条
  [leap250] 0 条
  [artscape] 2 条
  [igloo_magazine] 0 条

✅ 108 条 → /home/liyifan/music-record/2026/07/2026-07-10/rss_merged.json
