Wild City scraper - Today: 2026-07-09, Cutoff: 2026-07-08, Pages: 2
Creating tab and navigating to /news...

=== Listing page 1: https://www.thewildcity.com/news ===
Found 15 sidebar items, 20 anchors on page 1

=== Listing page 2: https://www.thewildcity.com/news?offset=10 ===
Found 15 sidebar items, 25 anchors on page 2

Total unique article candidates (after date/podcast/non-music filters): 16

[1/16] id=21749 https://www.thewildcity.com/news/21749-tyrell-dub-corp-dials-up-the-latter-bit-in-dub-techno-on-mk618 (known_date=2026-07-08)
 OK - Tyrell Dub Corp Dials Up The Latter Bit In Dub Techno On 'MK... (2026-07-08, 1386 chars)

[2/16] id=21719 https://www.thewildcity.com/news/21719-jazz-fusion-12-piece-in-between-sessions-shows-that-bigger-doesn-t-mean-not-intimate-on-debut-ep (known_date=None)
 SKIP (body date 2026-06-11 before cutoff 2026-07-08)

[3/16] id=21716 https://www.thewildcity.com/news/21716-zokhuma-hiranya-m-more-release-new-hypnotic-techno-as-part-of-dh-ra (known_date=None)
 SKIP (body date 2026-06-10 before cutoff 2026-07-08)

[4/16] id=21712 https://www.thewildcity.com/news/21712-compos-mentis-15-musicians-to-get-community-funded-one-to-one-mental-health-support (known_date=None)
 SKIP (body date 2026-06-09 before cutoff 2026-07-08)

[5/16] id=21708 https://www.thewildcity.com/news/21708-treble-puns-release-a-concept-album-alternating-between-comical-skits-sombre-post-rock-jams (known_date=None)
 SKIP (body date 2026-06-04 before cutoff 2026-07-08)

[6/16] id=21705 https://www.thewildcity.com/news/21705-watch-delhi-s-synth-communities-represent-at-antariksh-records-kissa-in-store-radio (known_date=None)
 SKIP (body date 2026-06-03 before cutoff 2026-07-08)

[7/16] id=21702 https://www.thewildcity.com/news/21702-i7hvn-reckons-with-avant-garde-techno-on-priests-of-decay (known_date=None)
 SKIP (body date 2026-05-29 before cutoff 2026-07-08)

[8/16] id=21699 https://www.thewildcity.com/news/21699-mon-s-debut-album-lucid-dreams-moves-between-techno-breakbeats-industrial-noise (known_date=None)
 SKIP (body date 2026-05-26 before cutoff 2026-07-08)

[9/16] id=21696 https://www.thewildcity.com/news/21696-noni-mouse-makes-her-hindi-debut-with-2-step-bop-sun-lo (known_date=None)
 SKIP (body date 2026-05-21 before cutoff 2026-07-08)

[10/16] id=21693 https://www.thewildcity.com/news/21693-reble-returns-to-her-aggressive-trap-roots-with-praying-mantis-after-bollywood-breakthrough (known_date=None)
 SKIP (body date 2026-05-20 before cutoff 2026-07-08)

[11/16] id=21675 https://www.thewildcity.com/news/21675-nash-steps-into-a-producer-s-role-with-a-remix-for-nina-las-vegas (known_date=None)
 SKIP (body date 2026-05-13 before cutoff 2026-07-08)

[12/16] id=21664 https://www.thewildcity.com/news/21664-khokkosh-doesn-t-flinch-from-distilling-unease-into-leftfield-pop-on-freeuse-org (known_date=None)
 SKIP (body date 2026-05-07 before cutoff 2026-07-08)

[13/16] id=21661 https://www.thewildcity.com/news/21661-that-boy-roby-set-out-to-mix-haryanvi-ragini-with-dub-end-up-with-a-psych-rock-jam (known_date=None)
 SKIP (body date 2026-05-06 before cutoff 2026-07-08)

[14/16] id=21658 https://www.thewildcity.com/news/21658-rajah-betta-flips-classic-ad-jingles-south-asian-cultural-memory-for-the-club-on-offcuts (known_date=None)
 SKIP (body date 2026-05-05 before cutoff 2026-07-08)

[15/16] id=21654 https://www.thewildcity.com/news/21654-yung-singh-launches-label-ekta-with-new-single-nug46 (known_date=None)
 SKIP (body date 2026-04-30 before cutoff 2026-07-08)

[16/16] id=21647 https://www.thewildcity.com/news/21647-sick-industry-infuses-doomer-pop-with-a-rocker-s-energy-on-debut-ep-rust-in-the-economy (known_date=None)
 SKIP (body date 2026-04-28 before cutoff 2026-07-08)

Total: 1 items
Closed tab 613d5c98-9836-4e8a-ad73-2457a08944fc
