  Cutoff: 2026-08-03 (1.5 days ago)
  Max items: 20
  Creating tab for https://musicircus.on.coocan.jp/...
  Tab f8a9c626-eec3-4a01-9997-116e0a5fcde1 created, waiting for page load...
  No cookie wall detected.
  Waiting 2s before probing DOM...
  Page HTML length: 0 chars
  WARN: HTML suspiciously short, retrying with longer wait...
  Page HTML length (retry): 0 chars
  HTML still empty — re-probing tab liveness...
  Found 2 entries in Update table
  Recent entries within cutoff: 0
{
  "meta": {
    "total": 0,
    "scraped_at": "2026-08-04T20:04:36+00:00",
    "cutoff_date": "2026-08-03T08:04:36.440362+00:00",
    "hours_scanned": 36.0,
    "site": "musicircus",
    "source": "musicircus.on.coocan.jp",
    "site_id": "musicircus",
    "crawl_status": "ok"
  },
  "items": []
}
  Closed tab f8a9c626-eec3-4a01-9997-116e0a5fcde1
