JazzTokyo (resilient) — now=2026-07-04T20:09:10.129158+00:00 cutoff=2026-07-03T08:09:10.129158+00:00

=== Listing https://jazztokyo.org/ ===
  [tab] POST /tabs returned 500: {"error":"Internal server error"}
  [tab] checking existing tabs...
  [tab] recovered existing tab 4eeefb46-da76-4095-b241-b01a99db1206 url=https://jazztokyo.org/
  [tab] using recovered tab 4eeefb46-da76-4095-b241-b01a99db1206 (will wait for body)
  [list] found 29 post links

=== Listing https://jazztokyo.org/page/2/ ===
  [tab] created OK (020d0556-0216-4399-b653-85436430ec66)
  [list] found 12 post links

Total unique candidates: 33
  [art] https://jazztokyo.org/column/post-122803/
  [tab] POST /tabs returned 500: {"error":"Internal server error"}
  [tab] checking existing tabs...
  [tab] recovered existing tab 1ec0887b-184a-40d8-81e1-f05ca73971df url=about:blank
  [tab] using recovered tab 1ec0887b-184a-40d8-81e1-f05ca73971df (will wait for body)
 [1/30] SKIP no-date: https://jazztokyo.org/column/post-122803/
  [art] https://jazztokyo.org/column/sugawara/post-71934/
  [tab] created OK (74054bba-db03-4659-a3d7-a8253f7ed331)
 [2/30] SKIP old (pub=2021-12-04): 菅原光博 ジャズを撮る！ #11 ソニー・ロリンズ Sonny Rollins
  [art] https://jazztokyo.org/reviews/live-report/post-122851/
  [tab] POST /tabs returned 500: {"error":"Internal server error"}
  [tab] checking existing tabs...
  [tab] recovered existing tab 449a350f-f162-4073-8faa-2db34cc5d4d0 url=about:blank
  [tab] using recovered tab 449a350f-f162-4073-8faa-2db34cc5d4d0 (will wait for body)
 [3/30] SKIP no-date: https://jazztokyo.org/reviews/live-report/post-122851/
  [art] https://jazztokyo.org/interviews/post-122777/
  [tab] created OK (01767743-07be-4830-88c1-da057b7cccb3)
 [4/30] SKIP old (pub=2026-06-20): Interview（アーカイヴ） ソニー・ロリンズ AAJ
  [art] https://jazztokyo.org/reviews/cd-dvd-review/post-122450/
  [tab] created OK (4ba84a22-1328-47e8-af4e-f4adaefe9608)
 [5/30] SKIP old (pub=2026-06-20): #2445 『サニー・マレイ＆豊住芳三郎／太陽の恵み』
『Sunny Murray & Sabu T
  [art] https://jazztokyo.org/reviews/cd-dvd-review/post-122478/
  [tab] POST /tabs returned 500: {"error":"Internal server error"}
  [tab] checking existing tabs...
  [tab] recovered existing tab 4ebfad76-df4e-4069-802d-1c9c4153af94 url=about:blank
  [tab] using recovered tab 4ebfad76-df4e-4069-802d-1c9c4153af94 (will wait for body)
 [6/30] SKIP no-date: https://jazztokyo.org/reviews/cd-dvd-review/post-122478/
  [art] https://jazztokyo.org/reviews/cd-dvd-review/post-122759/
  [tab] created OK (9d1bea26-bdc8-4cdc-be31-256bc6577d87)
 [7/30] SKIP old (pub=2026-06-20): #2443 『マリオン・ブラウン / Live in Europe 1968 & 1972』
  [art] https://jazztokyo.org/reviews/cd-dvd-review/post-122482/
  [tab] created OK (b7ca96b3-ea59-4a38-b4da-7a9eb759087a)
 [8/30] SKIP old (pub=2026-06-20): #2442 『マリリン・クリスペル＆アンデルス・ヨルミン／メメント』
  [art] https://jazztokyo.org/interviews/post-122689/
  [tab] created OK (c805ce6b-345e-4cb0-b8be-afef83ebe0cc)
 [9/30] SKIP old (pub=2026-06-20): Interview (Archive) 増尾好秋、ソニー・ロリンズを語る
  [art] https://jazztokyo.org/interviews/improviser/post-122539/
  [tab] POST /tabs returned 500: {"error":"Internal server error"}
  [tab] checking existing tabs...
  [tab] recovered existing tab 1e807311-ec68-46b0-b3b8-d8064a36eef9 url=about:blank
  [tab] using recovered tab 1e807311-ec68-46b0-b3b8-d8064a36eef9 (will wait for body)
 [10/30] SKIP no-date: https://jazztokyo.org/interviews/improviser/post-122539/
  [art] https://jazztokyo.org/reviews/sound-check/post-122558/
  [tab] created OK (9a94ca90-e718-4bb1-bc85-de5c09d789a0)
 [11/30] SKIP old (pub=2026-06-20): #23 『Han H / Silent Wisdom』
『ハン H. / サイレント・ウィズダム』
  [art] https://jazztokyo.org/column/my-shot/post-122803/
  [tab] POST /tabs returned 500: {"error":"Internal server error"}
  [tab] checking existing tabs...
  [tab] recovered existing tab e25b7332-e532-4551-adce-500bd5529555 url=https://jazztokyo.org/column/my-shot/post-122803/
  [tab] using recovered tab e25b7332-e532-4551-adce-500bd5529555 (will wait for body)
 [12/30] SKIP old (pub=2026-06-20): 私の撮った１枚 #7 富樫雅彦「歓送会」
  [art] https://jazztokyo.org/column/live-after-live/post-122631/
  [tab] created OK (8f239002-f140-4d1c-b7f3-0d65280f244f)
 [13/30] SKIP old (pub=2026-06-20): 小野健彦のLive after Live #541~546
  [art] https://jazztokyo.org/column/kaze-wo-aruku/post-122517/
  [tab] created OK (263b90fd-147c-4f72-bf47-dc99509bcaef)
 [14/30] SKIP old (pub=2026-06-20): 風巻隆「風を歩く」からVol.49 神蔵香芳さん～「月と遊園地」〜
  [art] https://jazztokyo.org/column/waka-to-jazz/post-122411/
  [tab] created OK (f63158ab-a260-4b5f-877c-2b5a347bd6b9)
 [15/30] SKIP old (pub=2026-06-20): S-008 和泉式部と「恋に恋して」
  [art] https://jazztokyo.org/reviews/live-report/post-122766/
  [tab] POST /tabs returned 500: {"error":"Internal server error"}
  [tab] checking existing tabs...
  [tab] recovered existing tab 6d9c55b1-3047-42ee-8b82-0d5b5c510bf3 url=https://jazztokyo.org/reviews/live-report/post-122766/
  [tab] using recovered tab 6d9c55b1-3047-42ee-8b82-0d5b5c510bf3 (will wait for body)
 [16/30] SKIP old (pub=2026-06-20): #1415 映画『1975年のケルン・コンサート』
  [art] https://jazztokyo.org/reviews/live-report/post-122585/
  [tab] POST /tabs returned 500: {"error":"Internal server error"}
  [tab] checking existing tabs...
  [tab] recovered existing tab 64fdb83d-7976-40bf-aca0-a2a8c9aaf80d url=about:blank
  [tab] using recovered tab 64fdb83d-7976-40bf-aca0-a2a8c9aaf80d (will wait for body)
