Boomkat scraper — Today: 2026-07-17, Cutoff: 2026-07-16, Pages: 2, Limit: 100
Creating tab and navigating to New Releases...

=== Page 1 ===
Found 0 products on page 1

=== Page 2 ===
Found 50 products on page 2

Total unique products: 50
  OK — ENVY : Insomniac Doze (2026-07-17)
  OK — Yara Asmar : everyone i love is sleeping and i love them so so much (2026-07-17)
  OK — Various Artists : Blues in the Mississippi Night (2026-07-17)
  OK — Abul Mogard & Rafael Anton Irisarri : Where Light Pauses in the Silence of the Sun (2026-07-17)
  OK — Bob Bellerue : Chaos Is A Law (2026-07-17)
  OK — Martyn : Music for Existing (2026-07-17)
  OK — Rue des Garderies : Live at Pe:rsona (2026-07-17)
  OK — Piezo : Sky Burial (2026-07-17)
  OK — CLOCK DVA : White Souls In Black Suits (2026-07-17)
  OK — Bim Sherman : Ghetto Dub (2026-07-17)
  OK — Evil Graham Lee : I Think I'm Alone Now (2026-07-17)
  OK — The Milky Way : Summer-Time Love Song (2026-07-17)
  OK — Efdemin : Mirror Phase EP (2026-07-17)
  OK — Ton Klami (Masahiko Satoh, Kang Tae-Hwan, Midori Takada) : Ton Klami (2026-07-17)
  OK — Viviankrist : Morgenrøde (2026-07-17)
  OK — Mary Lawson : Mary In Voice Memo (2026-07-17)
  OK — Peder Mannerfelt : Iguana Aura (2026-07-17)
  OK — JULIAN LINDSEY : Don't Know How To Change EP (2026-07-17)
  OK — GILBERTO GIL : Louvação (2026-07-17)
  OK — NeWRoomfreaK : NeWRoomfreaK (2026-07-17)
  OK — Hadley Caliman : Iapetus (2026-07-17)
  OK — Ejay Mass / Jah Massagan Sound : Mass-Studio Dubs! (2026-07-17)
  OK — Jad Atoui : It Will Take Forever (2026-07-17)
  OK — Brokenchord : Lima Echo Crack! (2026-07-17)
  OK — Benabou : Rise & Merge (2026-07-17)
  OK — Brian Ennals, Blockhead : Boatshoes (2026-07-17)
  OK — Distinct Motive : Hypnotize (2026-07-17)
  OK — jackzebra : Blessed (2026-07-17)
  OK — Hot Chip : One Life Stand (Expanded Edition) (2026-07-17)
  OK — Hot Chip : Made In The Dark (Expanded Edition) (2026-07-17)
  OK — Hot Chip : The Warning (20th Anniversary Edition) (2026-07-17)
  OK — Jimmy Scott : Doesn't Love Mean More? (2026-07-17)
  OK — Paul Ngozi : Heavy Metal (Live! Nairobi International Casino!) (2026-07-17)
  OK — Norf Tech : Phantom Grade (2026-07-17)
  OK — Darryl Jenifer : The Weather Channel (2026-07-17)
  OK — Aisha Vaughan : Water World (2026-07-17)
  OK — Matteo Just : X Amor EP (2026-07-17)
  OK — Various Artists : Gockel & Friends (2026-07-17)
  OK — Alien Radio (DE) : Moah (2026-07-17)
  OK — Alex Lahey : B-Grade University (Reunion Edition) (2026-07-17)
  OK — Evan Parker & John Zorn : Those Landings (2026-07-17)
  OK — Baba Stiltz : Relief (2026-07-17)
  OK — John Hassall & The April Rainers : John Hassall & The April Rainers (2026-07-17)
  OK — Robert Hood : Invincible (2026-07-17)
  OK — Nebraska Presents Dubl Drat : The Alter Alter Ego EP (2026-07-17)
  OK — Robert Hood : Minimal Minded (2026-07-17)
  OK — Tweakz : Rough Cut EP (2026-07-17)
  OK — ADRIAN YOUNGE : Afro-Disco Makossa (2026-07-17)
  OK — Asa Tate : Andromeda (2026-07-17)
  OK — Momery : Galaxy EP (2026-07-17)

=== Visiting 50 product pages for full body ===
  [1/50] ENVY : Insomniac Doze...
    body: 840 chars
  [2/50] Yara Asmar : everyone i love is sleeping and i love t...
    body: 1887 chars
  [3/50] Various Artists : Blues in the Mississippi Night...
    body: 4561 chars
  [4/50] Abul Mogard & Rafael Anton Irisarri : Where Light Pauses in the Silence of the...
    body: 3598 chars
  [5/50] Bob Bellerue : Chaos Is A Law...
    body: 1172 chars
  [6/50] Martyn : Music for Existing...
    body: 1459 chars
  [7/50] Rue des Garderies : Live at Pe:rsona...
    body: 897 chars
  [8/50] Piezo : Sky Burial...
    body: 855 chars
  [9/50] CLOCK DVA : White Souls In Black Suits...
    body: 1731 chars
  [10/50] Bim Sherman : Ghetto Dub...
    body: 1573 chars
  [11/50] Evil Graham Lee : I Think I'm Alone Now...
    body: 1342 chars
  [12/50] The Milky Way : Summer-Time Love Song...
    body: 967 chars
  [13/50] Efdemin : Mirror Phase EP...
    body: 657 chars
  [14/50] Ton Klami (Masahiko Satoh, Kang Tae-Hwan, Midori Takada) : Ton Klami...
    body: 2097 chars
  [15/50] Viviankrist : Morgenrøde...
    body: 998 chars
  [16/50] Mary Lawson : Mary In Voice Memo...
    body: 2685 chars
  [17/50] Peder Mannerfelt : Iguana Aura...
    body: 839 chars
  [18/50] JULIAN LINDSEY : Don't Know How To Change EP...
    body: 739 chars
  [19/50] GILBERTO GIL : Louvação...
    body: 1323 chars
  [20/50] NeWRoomfreaK : NeWRoomfreaK...
    body: 863 chars
  [21/50] Hadley Caliman : Iapetus...
    body: 998 chars
  [22/50] Ejay Mass / Jah Massagan Sound : Mass-Studio Dubs!...
    body: 1238 chars
  [23/50] Jad Atoui : It Will Take Forever...
    body: 983 chars
  [24/50] Brokenchord : Lima Echo Crack!...
    body: 948 chars
  [25/50] Benabou : Rise & Merge...
    body: 886 chars
  [26/50] Brian Ennals, Blockhead : Boatshoes...
    body: 206 chars
  [27/50] Distinct Motive : Hypnotize...
    body: 389 chars
  [28/50] jackzebra : Blessed...
    body: 378 chars
  [29/50] Hot Chip : One Life Stand (Expanded Edition)...
    body: 1250 chars
  [30/50] Hot Chip : Made In The Dark (Expanded Edition)...
    body: 1245 chars
  [31/50] Hot Chip : The Warning (20th Anniversary Edition)...
    body: 1238 chars
  [32/50] Jimmy Scott : Doesn't Love Mean More?...
    body: 2301 chars
  [33/50] Paul Ngozi : Heavy Metal (Live! Nairobi International...
    body: 2285 chars
  [34/50] Norf Tech : Phantom Grade...
    body: 1442 chars
  [35/50] Darryl Jenifer : The Weather Channel...
    body: 2622 chars
  [36/50] Aisha Vaughan : Water World...
    body: 1630 chars
  [37/50] Matteo Just : X Amor EP...
    body: 1019 chars
  [38/50] Various Artists : Gockel & Friends...
    body: 1220 chars
  [39/50] Alien Radio (DE) : Moah...
    body: 1685 chars
  [40/50] Alex Lahey : B-Grade University (Reunion Edition)...
    body: 1029 chars
  [41/50] Evan Parker & John Zorn : Those Landings...
    body: 1456 chars
  [42/50] Baba Stiltz : Relief...
    body: 633 chars
  [43/50] John Hassall & The April Rainers : John Hassall & The April Rainers...
    body: 395 chars
  [44/50] Robert Hood : Invincible...
    body: 1080 chars
  [45/50] Nebraska Presents Dubl Drat : The Alter Alter Ego EP...
    body: 721 chars
  [46/50] Robert Hood : Minimal Minded...
    body: 649 chars
  [47/50] Tweakz : Rough Cut EP...
    body: 1227 chars
  [48/50] ADRIAN YOUNGE : Afro-Disco Makossa...
    body: 1652 chars
  [49/50] Asa Tate : Andromeda...
    body: 1241 chars
  [50/50] Momery : Galaxy EP...
    body: 1045 chars

Total: 50 items
Closed tab 6b7c5b0d-0a0d-404c-b71c-8ee355782ca4
