Boomkat scraper — Today: 2026-07-15, Cutoff: 2026-07-14, Pages: 2, Limit: 100
Creating tab and navigating to New Releases...

=== Page 1 ===
Found 50 products on page 1

=== Page 2 ===
Found 50 products on page 2

Total unique products: 100
  OK — Paul Kendall : AMENace, goodbye (2026-07-15)
  OK — Egil Kalman & Hans Hulbaekmo : Unit of Time (2026-07-15)
  OK — Static Cleaner Lost Reward : Breathing Under Honey (2026-07-15)
  OK — Soul Jazz Records Presents : Rumble In The Jungle (20th Anniversary Edition) (2026-07-15)
  OK — Nuke Watch : Fusion (2026-07-15)
  OK — PROTOCOL : Channel Zero (2026-07-15)
  OK — Florian T M Zeisig : Music for Parents (2026-07-15)
  OK — Picture : Uuuuuuuu (2026-07-15)
  OK — Old Saw : Dissection Maps (2026-07-15)
  OK — Old Saw : The Wringing Cloth (2026-07-15)
  OK — Yumiko Morioka : Resonance (2026-07-15)
  OK — Various Artists : Virtual Dreams II - Ambient Explorations In The House & Techno Age, Japan 1993-1999 (2026-07-15)
  OK — Vincent Yuen Ruiz : Trio (2026-07-15)
  OK — FILA BRAZILLIA : Old Codes New Chaos - 2026 Remastered Edition (2026-07-15)
  OK — NEOBORIS : Hélas (2026-07-15)
  OK — Various Artists : Virtual Dreams: Ambient Explorations In The House & Techno Age, 1993-1997 (2026-07-15)
  OK — I. JORDAN : Soft Serve Summer (2026-07-15)
  OK — LA MARR (Ron Trent) : Mood Programs - Extended Play (2026-07-15)
  OK — JULIAN LINDSEY : Don't Know How To Change EP (2026-07-15)
  OK — Sutcliffe Jugend : Offal (2026-07-15)
  OK — Sutcliffe Jugend : Pigdaddy (2026-07-15)
  OK — PUB : Do You Ever Regret Pantomime? (2026-07-15)
  OK — PUB : Summer (2026-07-15)
  OK — ML Buch : Skinned (2026-07-15)
  OK — NEUROSIS : An Undying Love for a Burning World (2026-07-15)
  OK — Sun Ra : East Two + 7 (2026-07-15)
  OK — Alek Lee : Like A Flower (2026-07-15)
  OK — GAS : November 89 (2026-07-15)
  OK — Yara Asmar : everyone i love is sleeping and i love them so so much (2026-07-15)
  OK — Various Artists : Blues in the Mississippi Night (2026-07-15)
  OK — Martyn : Music for Existing (2026-07-15)
  OK — Piezo : Sky Burial (2026-07-15)
  OK — CLOCK DVA : White Souls In Black Suits (2026-07-15)
  OK — The Milky Way : Summer-Time Love Song (2026-07-15)
  OK — Ton Klami (Masahiko Satoh, Kang Tae-Hwan, Midori Takada) : Ton Klami (2026-07-15)
  OK — Viviankrist : Morgenrøde (2026-07-15)
  OK — Nídia & Valentina : Estradas (Versions) (2026-07-15)
  OK — GILBERTO GIL : Louvação (2026-07-15)
  OK — NeWRoomfreaK : NeWRoomfreaK (2026-07-15)
  OK — Hadley Caliman : Iapetus (2026-07-15)
  OK — Brokenchord : Lima Echo Crack! (2026-07-15)
  OK — Jani Ho : DTM011 (2026-07-15)
  OK — Kiwi Jr. : Photos of the Reenactment (2026-07-15)
  OK — Eden Samara : Oracle (2026-07-15)
  OK — No Joy : Barking at the Sun (2026-07-15)
  OK — Okvsho : Where moments wait (2026-07-15)
  OK — OREN AMBARCHI : Hidden Tableau (excerpt) (2026-07-15)
  OK — IROIRO : Once (Single Mix) (2026-07-15)
  OK — Kay Mascara : Dismissive Attitude (2026-07-15)
  OK — Regina Collage : Horizont (2026-07-15)
  OK — Soft Cell : Danceteria (Luv Foundation) (2026-07-15)
  OK — James P. Taylor : Are You Ready (2026-07-15)
  OK — Chuck Manning : Let's Go b/w You Walked Out On Me Last Sunday (2026-07-15)
  OK — Kino Todo feat. Tesfit Asgodom & Kazuyo Shionoiri : Gidafi Na (2026-07-15)
  OK — Diplo, Major Lazer & Tokischa : pAPi wiTH tOKisCha (Safety Trance REMIX) (2026-07-15)
  OK — Overmono & John Joseph Holt : Knight In Shining Prada (2026-07-15)
  OK — GB : The Next Day (2026-07-15)
  OK — Psychick Warriors Ov Gaia : Ov Biospheres And Sacred Grooves: A Document Ov New Edge Folk Classic (2026-07-15)
  OK — Foul Play : Origins (2026-07-15)
  OK — Debit : Potpourri (2026-07-15)
  OK — Sylvain Chauveau : The Complexity of the Simple (2026-07-15)
  OK — Various Artists : STUDIO SIMPA: DIGITAL DANCE MUSIC ON VCD FROM DAGBON, NORTHERN GHANA (2026-07-15)
  OK — Al Wootton : CRUX (2026-07-15)
  OK — K-6000 : WAR GAMES (2026-07-15)
  OK — TENNISCOATS : Hip Hop Tennis (2026-07-15)
  OK — Lovegod : Rendezvous (2026-07-15)
  OK — EZEKIEL HONIG : Surfaces Of A Broken Marching Band (2026 Remaster) (2026-07-15)
  OK — Theo Parrish : Lovely Edits Vol.1 (2026-07-15)
  OK — Abul Mogard & Rafael Anton Irisarri : Where Light Pauses in the Silence of the Sun (2026-07-15)
  OK — Rue des Garderies : Live at Pe:rsona (2026-07-15)
  OK — Gi Gi : In Lieu (2026-07-15)
  OK — Ejay Mass / Jah Massagan Sound : Mass-Studio Dubs! (2026-07-15)
  OK — Benabou : Rise & Merge (2026-07-15)
  OK — Coil : Cardinal Points (2026 Remaster) (2026-07-15)
  OK — Eartheater : Heavenly Body: If I'm The Bottle You’re The Message (2026-07-15)
  OK — Distinct Motive : Hypnotize (2026-07-15)
  OK — Manuka Honey, T.NO : Sclera (2026-07-15)
  OK — Cletus Strap : chilli (2026-07-15)
  OK — Olsvangèr : At the Masquerade (2026-07-15)
  OK — Red 40 : Seventeen (2026-07-15)
  OK — UNIIQU3, Leonce : Calling My Name (2026-07-15)
  OK — Alva Noto, Ryuichi Sakamoto : Conversation 3 (2026-07-15)
  OK — Hot Chip : Do Not Wait (2026-07-15)
  OK — Garden Variety & Dahlia Seed : Parker b/w Statement Of Purpose (2026-07-15)
  OK — Pépe : Search Engine Optimisation (2026-07-15)
  OK — Damon Wild : Chaos Theatre (2026-07-15)
  OK — Julia Jacklin feat. The Maes : I Wish (2026-07-15)
  OK — Roy Montgomery & Martha Skye Murphy : At Dawn (2026-07-15)
  OK — Arabian Prince : Let's Hit The Beach Remixes (2026-07-15)
  OK — Sylvia Lim : Flare (2026-07-15)
  OK — John T. Gast : Infant (2026-07-15)
  OK — Helado Tropical : Helado Tropical (2026-07-15)
  OK — THE WIRE : Issue 510: August 2026 (2026-07-15)
  OK — TIBSLC : City of Something (2026-07-15)
  OK — Tomo Katsurada and Jonny Nash : At The Emerald Pool (2026-07-15)
  OK — Keith Hudson : Playing It Cool & Playing It Right (2026-07-15)
  OK — Sunn O))) : sunn O))) (2026-07-15)
  OK — Inox Traxx : Love Letter (2026-07-15)
  OK — ManonMars : Entertainment System (2026-07-15)
  OK — Sutcliffe Jugend : With Extreme Prejudice (2026-07-15)

=== Visiting 100 product pages for full body ===
  [1/100] Paul Kendall : AMENace, goodbye...
    body: 2178 chars
  [2/100] Egil Kalman & Hans Hulbaekmo : Unit of Time...
    body: 3816 chars
  [3/100] Static Cleaner Lost Reward : Breathing Under Honey...
    body: 2100 chars
  [4/100] Soul Jazz Records Presents : Rumble In The Jungle (20th Anniversary E...
    body: 1490 chars
  [5/100] Nuke Watch : Fusion...
    body: 1865 chars
  [6/100] PROTOCOL : Channel Zero...
    body: 874 chars
  [7/100] Florian T M Zeisig : Music for Parents...
    body: 1449 chars
  [8/100] Picture : Uuuuuuuu...
    body: 864 chars
  [9/100] Old Saw : Dissection Maps...
    body: 1589 chars
  [10/100] Old Saw : The Wringing Cloth...
    body: 2142 chars
  [11/100] Yumiko Morioka : Resonance...
    body: 1363 chars
  [12/100] Various Artists : Virtual Dreams II - Ambient Explorations...
    body: 2291 chars
  [13/100] Vincent Yuen Ruiz : Trio...
    body: 1975 chars
  [14/100] FILA BRAZILLIA : Old Codes New Chaos - 2026 Remastered Ed...
    body: 1608 chars
  [15/100] NEOBORIS : Hélas...
    body: 2890 chars
  [16/100] Various Artists : Virtual Dreams: Ambient Explorations In ...
    body: 3061 chars
  [17/100] I. JORDAN : Soft Serve Summer...
    body: 637 chars
  [18/100] LA MARR (Ron Trent) : Mood Programs - Extended Play...
    body: 1335 chars
  [19/100] JULIAN LINDSEY : Don't Know How To Change EP...
    body: 1721 chars
  [20/100] Sutcliffe Jugend : Offal...
    body: 887 chars
  [21/100] Sutcliffe Jugend : Pigdaddy...
    body: 639 chars
  [22/100] PUB : Do You Ever Regret Pantomime?...
    body: 1429 chars
  [23/100] PUB : Summer...
    body: 1364 chars
  [24/100] ML Buch : Skinned...
    body: 3114 chars
  [25/100] NEUROSIS : An Undying Love for a Burning World...
    body: 3608 chars
  [26/100] Sun Ra : East Two + 7...
    body: 1566 chars
  [27/100] Alek Lee : Like A Flower...
    body: 1079 chars
  [28/100] GAS : November 89...
    body: 1896 chars
  [29/100] Yara Asmar : everyone i love is sleeping and i love t...
    body: 1887 chars
  [30/100] Various Artists : Blues in the Mississippi Night...
    body: 2412 chars
  [31/100] Martyn : Music for Existing...
    body: 1459 chars
  [32/100] Piezo : Sky Burial...
    body: 855 chars
  [33/100] CLOCK DVA : White Souls In Black Suits...
    body: 1731 chars
  [34/100] The Milky Way : Summer-Time Love Song...
    body: 967 chars
  [35/100] Ton Klami (Masahiko Satoh, Kang Tae-Hwan, Midori Takada) : Ton Klami...
    body: 2097 chars
  [36/100] Viviankrist : Morgenrøde...
    body: 998 chars
  [37/100] Nídia & Valentina : Estradas (Versions)...
    body: 1459 chars
  [38/100] GILBERTO GIL : Louvação...
    body: 1323 chars
  [39/100] NeWRoomfreaK : NeWRoomfreaK...
    body: 863 chars
  [40/100] Hadley Caliman : Iapetus...
    body: 998 chars
  [41/100] Brokenchord : Lima Echo Crack!...
    body: 948 chars
  [42/100] Jani Ho : DTM011...
    body: 1027 chars
  [43/100] Kiwi Jr. : Photos of the Reenactment...
    body: 1271 chars
  [44/100] Eden Samara : Oracle...
    body: 633 chars
  [45/100] No Joy : Barking at the Sun...
    body: 861 chars
  [46/100] Okvsho : Where moments wait...
    body: 657 chars
  [47/100] OREN AMBARCHI : Hidden Tableau (excerpt)...
    body: 669 chars
  [48/100] IROIRO : Once (Single Mix)...
    body: 655 chars
  [49/100] Kay Mascara : Dismissive Attitude...
    body: 1737 chars
  [50/100] Regina Collage : Horizont...
    body: 652 chars
  [51/100] Soft Cell : Danceteria (Luv Foundation)...
    body: 913 chars
  [52/100] James P. Taylor : Are You Ready...
    body: 864 chars
  [53/100] Chuck Manning : Let's Go b/w You Walked Out On Me Last S...
    body: 892 chars
  [54/100] Kino Todo feat. Tesfit Asgodom & Kazuyo Shionoiri : Gidafi Na...
    body: 1230 chars
  [55/100] Diplo, Major Lazer & Tokischa : pAPi wiTH tOKisCha (Safety Trance REMIX)...
    body: 905 chars
  [56/100] Overmono & John Joseph Holt : Knight In Shining Prada...
    body: 667 chars
  [57/100] GB : The Next Day...
    body: 645 chars
  [58/100] Psychick Warriors Ov Gaia : Ov Biospheres And Sacred Grooves: A Docu...
    body: 2096 chars
  [59/100] Foul Play : Origins...
    body: 1466 chars
  [60/100] Debit : Potpourri...
    body: 3461 chars
  [61/100] Sylvain Chauveau : The Complexity of the Simple...
    body: 3762 chars
  [62/100] Various Artists : STUDIO SIMPA: DIGITAL DANCE MUSIC ON VCD...
    body: 1768 chars
  [63/100] Al Wootton : CRUX...
    body: 2344 chars
  [64/100] K-6000 : WAR GAMES...
    body: 1342 chars
  [65/100] TENNISCOATS : Hip Hop Tennis...
    body: 3259 chars
  [66/100] Lovegod : Rendezvous...
    body: 656 chars
  [67/100] EZEKIEL HONIG : Surfaces Of A Broken Marching Band (2026...
    body: 1481 chars
  [68/100] Theo Parrish : Lovely Edits Vol.1...
    body: 757 chars
  [69/100] Abul Mogard & Rafael Anton Irisarri : Where Light Pauses in the Silence of the...
    body: 3598 chars
  [70/100] Rue des Garderies : Live at Pe:rsona...
    body: 897 chars
  [71/100] Gi Gi : In Lieu...
    body: 1614 chars
  [72/100] Ejay Mass / Jah Massagan Sound : Mass-Studio Dubs!...
    body: 1238 chars
  [73/100] Benabou : Rise & Merge...
    body: 886 chars
  [74/100] Coil : Cardinal Points (2026 Remaster)...
    body: 507 chars
  [75/100] Eartheater : Heavenly Body: If I'm The Bottle You’re ...
    body: 735 chars
  [76/100] Distinct Motive : Hypnotize...
    body: 389 chars
  [77/100] Manuka Honey, T.NO : Sclera...
    body: 633 chars
  [78/100] Cletus Strap : chilli...
    body: 633 chars
  [79/100] Olsvangèr : At the Masquerade...
    body: 1240 chars
  [80/100] Red 40 : Seventeen...
    body: 1250 chars
  [81/100] UNIIQU3, Leonce : Calling My Name...
    body: 651 chars
  [82/100] Alva Noto, Ryuichi Sakamoto : Conversation 3...
    body: 649 chars
  [83/100] Hot Chip : Do Not Wait...
    body: 643 chars
  [84/100] Garden Variety & Dahlia Seed : Parker b/w Statement Of Purpose...
    body: 864 chars
  [85/100] Pépe : Search Engine Optimisation...
    body: 1047 chars
  [86/100] Damon Wild : Chaos Theatre...
    body: 1645 chars
  [87/100] Julia Jacklin feat. The Maes : I Wish...
    body: 633 chars
  [88/100] Roy Montgomery & Martha Skye Murphy : At Dawn...
    body: 635 chars
  [89/100] Arabian Prince : Let's Hit The Beach Remixes...
    body: 1607 chars
  [90/100] Sylvia Lim : Flare...
    body: 1392 chars
  [91/100] John T. Gast : Infant...
    body: 1929 chars
  [92/100] Helado Tropical : Helado Tropical...
    body: 2761 chars
  [93/100] THE WIRE : Issue 510: August 2026...
    body: 4998 chars
  [94/100] TIBSLC : City of Something...
    body: 1429 chars
  [95/100] Tomo Katsurada and Jonny Nash : At The Emerald Pool...
    body: 2641 chars
  [96/100] Keith Hudson : Playing It Cool & Playing It Right...
    body: 2142 chars
  [97/100] Sunn O))) : sunn O)))...
    body: 2279 chars
  [98/100] Inox Traxx : Love Letter...
    body: 492 chars
  [99/100] ManonMars : Entertainment System...
    body: 2324 chars
  [100/100] Sutcliffe Jugend : With Extreme Prejudice...
    body: 860 chars

Total: 100 items
Closed tab b53ea5e0-c0fd-40d5-95ba-81a3d447aa85
