Boomkat scraper — Today: 2026-08-23, Cutoff: 2026-08-22, Pages: 2, Limit: 100
Creating tab and navigating to New Releases...
Waiting 15s for CF challenge to clear...
CF check: Boomkat|50

=== Page 1 (https://boomkat.com/new-releases?show=100) ===
Found 50 products on page 1

=== Page 2 (https://boomkat.com/new-releases?show=100&page=2) ===
Found 46 products on page 2

Total unique products: 96
  OK — Manuel Göttsching : E2-E4 (2026-08-23)
  OK — GB : Herzsprung (2026-08-23)
  OK — STEPHEN O'MALLEY : Avaeken (2026-08-23)
  OK — Ghost Dubs : Damaged (2026-08-23)
  OK — TYONDAI BRAXTON : Splayed Werks (2026-08-23)
  OK — Frances Chang : been thinking bout confession (2026-08-23)
  OK — Barnt : Geffen (2026-08-23)
  OK — Lyeform : Vintage Gilly (2026-08-23)
  OK — Carrier : Thresholds (2026-08-23)
  OK — YHWH Nailgun : Magazine (2026-08-23)
  OK — Kotaro Maruyama : Vapor Curve (2026-08-23)
  OK — Darlynn : Dyke Den (2026-08-23)
  OK — SWELL MAPS : The John Peel Sessions (2026-08-23)
  OK — Mark Jenkin : The Rose Of Nevada (Original Score) (2026-08-23)
  OK — Christer Bothén, Oren Ambarchi, Johan Berthling, Andreas Werliin : Serpentine (2026-08-23)
  OK — Charles Dodge : Synthesized Voices (2026-08-23)
  OK — Anne Clark : Our Darkness (2026-08-23)
  OK — White Light & Jo Bogaert : Whale (2026-08-23)
  OK — Intertoto x Michael J. Blood : If I Take You Home (Michael J. Blood Mixes) (2026-08-23)
  OK — Sa Pa : Girls on Tour EP (2026-08-23)
  OK — LUSINE : Melting Days (2026-08-23)
  OK — K. Freund : Window Left Open (2026-08-23)
  OK — Regina Collage : Horizont (2026-08-23)
  OK — Daniel Pineda : Landlocked (2026-08-23)
  OK — Kirk Barley : Arc (2026-08-23)
  OK — Ezra Feinberg : Soft Power (2026-08-23)
  OK — Dinosaur Jr. : I Bet on Sky (2026-08-23)
  OK — Charanjit Singh : Synthesizing: Ten Ragas To A Disco Beat (2026-08-23)
  OK — LAMBCHOP : Punching the Clown (2026-08-23)
  OK — Julia Holter : Materia (2026-08-23)
  OK — Lovely Dave : Lovely Dave (2026-08-23)
  OK — Various Artists : AMERICAN DUB ELECTRONICS (2026-08-23)
  OK — aisie : Black Fire Dream (2026-08-23)
  OK — John Coltrane : Meditations (Verve Vault) (2026-08-23)
  OK — Various Artists : My Heart is Dust Before Him: 21st Century Gasba from Algeria (2026-08-23)
  OK — AKUFEN : Architextures 1 -2 -3 (2026-08-23)
  OK — Various Artists : Never Say When (2026-08-23)
  OK — Francesca Gaza and Kugelförmigkeit Ensemble : Crown Shyness (2026-08-23)
  OK — Black Marble : Life in Small Spaces (2026-08-23)
  OK — Guiding Light : Fear on My Own Time (2026-08-23)
  OK — Giraffe : The Towering Inferno With Bongo Drums (2026-08-23)
  OK — Various Artists : Sofa Singles Club #3 (2026-08-23)
  OK — Enofa : Small Modernist House in Woodland Setting (2026-08-23)
  OK — IROIRO : Formosa (Single Mix) (2026-08-23)
  OK — Marie Delprat : What Remains After Desire (2026-08-23)
  OK — Scrambled Eggs : Happier Together, Filthier Than Ever [The Best Of] (2026-08-23)
  OK — The Incompetents : A Temporary Convergence Of Interests [The Disgruntled Best Of] (2026-08-23)
  OK — Clara Hill and Crackazat : I Want You to Know (My Heart Beats Slow) (2026-08-23)
  OK — Maťkovia : 1982-1986 (Expanded) (2026-08-23)
  OK — The Force of Music : Dub Duel (2026-08-23)

=== Visiting 50 product pages for full body ===
  [1/50] Manuel Göttsching : E2-E4...
    body: 1390 chars
  [2/50] GB : Herzsprung...
    body: 1825 chars
  [3/50] STEPHEN O'MALLEY : Avaeken...
    body: 2468 chars
  [4/50] Ghost Dubs : Damaged...
    body: 2239 chars
  [5/50] TYONDAI BRAXTON : Splayed Werks...
    body: 6833 chars
  [6/50] Frances Chang : been thinking bout confession...
    body: 1996 chars
  [7/50] Barnt : Geffen...
    body: 522 chars
  [8/50] Lyeform : Vintage Gilly...
    body: 628 chars
  [9/50] Carrier : Thresholds...
    body: 1538 chars
  [10/50] YHWH Nailgun : Magazine...
    body: 2890 chars
  [11/50] Kotaro Maruyama : Vapor Curve...
    body: 1260 chars
  [12/50] Darlynn : Dyke Den...
    body: 1713 chars
  [13/50] SWELL MAPS : The John Peel Sessions...
    body: 1444 chars
  [14/50] Mark Jenkin : The Rose Of Nevada (Original Score)...
    body: 1638 chars
  [15/50] Christer Bothén, Oren Ambarchi, Johan Berthling, Andreas Werliin : Serpentine...
    body: 2079 chars
  [16/50] Charles Dodge : Synthesized Voices...
    body: 3370 chars
  [17/50] Anne Clark : Our Darkness...
    body: 1331 chars
  [18/50] White Light & Jo Bogaert : Whale...
    body: 737 chars
  [19/50] Intertoto x Michael J. Blood : If I Take You Home (Michael J. Blood Mix...
    body: 630 chars
  [20/50] Sa Pa : Girls on Tour EP...
    body: 1110 chars
  [21/50] LUSINE : Melting Days...
    body: 1420 chars
  [22/50] K. Freund : Window Left Open...
    body: 1450 chars
  [23/50] Regina Collage : Horizont...
    body: 4243 chars
  [24/50] Daniel Pineda : Landlocked...
    body: 1516 chars
  [25/50] Kirk Barley : Arc...
    body: 1895 chars
  [26/50] Ezra Feinberg : Soft Power...
    body: 3067 chars
  [27/50] Dinosaur Jr. : I Bet on Sky...
    body: 1646 chars
  [28/50] Charanjit Singh : Synthesizing: Ten Ragas To A Disco Beat...
    body: 1437 chars
  [29/50] LAMBCHOP : Punching the Clown...
    body: 1264 chars
  [30/50] Julia Holter : Materia...
    body: 3306 chars
  [31/50] Lovely Dave : Lovely Dave...
    body: 886 chars
  [32/50] Various Artists : AMERICAN DUB ELECTRONICS...
    body: 1720 chars
  [33/50] aisie : Black Fire Dream...
    body: 1314 chars
  [34/50] John Coltrane : Meditations (Verve Vault)...
    body: 1099 chars
  [35/50] Various Artists : My Heart is Dust Before Him: 21st Centur...
    body: 1070 chars
  [36/50] AKUFEN : Architextures 1 -2 -3...
    body: 1179 chars
  [37/50] Various Artists : Never Say When...
    body: 673 chars
  [38/50] Francesca Gaza and Kugelförmigkeit Ensemble : Crown Shyness...
    body: 2252 chars
  [39/50] Black Marble : Life in Small Spaces...
    body: 2374 chars
  [40/50] Guiding Light : Fear on My Own Time...
    body: 1850 chars
  [41/50] Giraffe : The Towering Inferno With Bongo Drums...
    body: 2498 chars
  [42/50] Various Artists : Sofa Singles Club #3...
    body: 1502 chars
  [43/50] Enofa : Small Modernist House in Woodland Settin...
    body: 395 chars
  [44/50] IROIRO : Formosa (Single Mix)...
    body: 636 chars
  [45/50] Marie Delprat : What Remains After Desire...
    body: 969 chars
  [46/50] Scrambled Eggs : Happier Together, Filthier Than Ever [Th...
    body: 2783 chars
  [47/50] The Incompetents : A Temporary Convergence Of Interests [Th...
    body: 395 chars
  [48/50] Clara Hill and Crackazat : I Want You to Know (My Heart Beats Slow)...
    body: 843 chars
  [49/50] Maťkovia : 1982-1986 (Expanded)...
    body: 3204 chars
  [50/50] The Force of Music : Dub Duel...
    body: 3405 chars

Total: 50 items
Closed tab 9bcba62d-a928-483f-b183-869c2bb165ba
