Boomkat scraper — Today: 2026-07-14, Cutoff: 2026-07-13, Pages: 2, Limit: 100
Creating tab and navigating to New Releases...

=== Page 1 ===
Found 50 products on page 1

=== Page 2 ===
Found 49 products on page 2

Total unique products: 99
  OK — Psychick Warriors Ov Gaia : Ov Biospheres And Sacred Grooves: A Document Ov New Edge Folk Classic (2026-07-14)
  OK — Foul Play : Origins (2026-07-14)
  OK — Soul Jazz Records Presents : Rumble In The Jungle (20th Anniversary Edition) (2026-07-14)
  OK — Debit : Potpourri (2026-07-14)
  OK — PROTOCOL : Channel Zero (2026-07-14)
  OK — Sylvain Chauveau : The Complexity of the Simple (2026-07-14)
  OK — Florian T M Zeisig : Music for Parents (2026-07-14)
  OK — Picture : Uuuuuuuu (2026-07-14)
  OK — Nuke Watch : Fusion (2026-07-14)
  OK — Old Saw : Dissection Maps (2026-07-14)
  OK — Old Saw : The Wringing Cloth (2026-07-14)
  OK — Various Artists : STUDIO SIMPA: DIGITAL DANCE MUSIC ON VCD FROM DAGBON, NORTHERN GHANA (2026-07-14)
  OK — Yumiko Morioka : Resonance (2026-07-14)
  OK — Vincent Yuen Ruiz : Trio (2026-07-14)
  OK — Al Wootton : CRUX (2026-07-14)
  OK — K-6000 : WAR GAMES (2026-07-14)
  OK — NEOBORIS : Hélas (2026-07-14)
  OK — TENNISCOATS : Hip Hop Tennis (2026-07-14)
  OK — Lovegod : Rendezvous (2026-07-14)
  OK — EZEKIEL HONIG : Surfaces Of A Broken Marching Band (2026 Remaster) (2026-07-14)
  OK — PUB : Do You Ever Regret Pantomime? (2026-07-14)
  OK — PUB : Summer (2026-07-14)
  OK — Theo Parrish : Lovely Edits Vol.1 (2026-07-14)
  OK — Yara Asmar : everyone i love is sleeping and i love them so so much (2026-07-14)
  OK — Abul Mogard & Rafael Anton Irisarri : Where Light Pauses in the Silence of the Sun (2026-07-14)
  OK — Rue des Garderies : Live at Pe:rsona (2026-07-14)
  OK — Piezo : Sky Burial (2026-07-14)
  OK — CLOCK DVA : White Souls In Black Suits (2026-07-14)
  OK — Egil Kalman & Hans Hulbaekmo : Unit of Time (2026-07-14)
  OK — Gi Gi : In Lieu (2026-07-14)
  OK — GILBERTO GIL : Louvação (2026-07-14)
  OK — NeWRoomfreaK : NeWRoomfreaK (2026-07-14)
  OK — FILA BRAZILLIA : Old Codes New Chaos - 2026 Remastered Edition (2026-07-14)
  OK — Ejay Mass / Jah Massagan Sound : Mass-Studio Dubs! (2026-07-14)
  OK — Benabou : Rise & Merge (2026-07-14)
  OK — Coil : Cardinal Points (2026 Remaster) (2026-07-14)
  OK — Eartheater : Heavenly Body: If I'm The Bottle You’re The Message (2026-07-14)
  OK — Distinct Motive : Hypnotize (2026-07-14)
  OK — Manuka Honey, T.NO : Sclera (2026-07-14)
  OK — Cletus Strap : chilli (2026-07-14)
  OK — Olsvangèr : At the Masquerade (2026-07-14)
  OK — Red 40 : Seventeen (2026-07-14)
  OK — UNIIQU3, Leonce : Calling My Name (2026-07-14)
  OK — Alva Noto, Ryuichi Sakamoto : Conversation 3 (2026-07-14)
  OK — Hot Chip : Do Not Wait (2026-07-14)
  OK — Garden Variety & Dahlia Seed : Parker b/w Statement Of Purpose (2026-07-14)
  OK — Pépe : Search Engine Optimisation (2026-07-14)
  OK — Damon Wild : Chaos Theatre (2026-07-14)
  OK — Julia Jacklin feat. The Maes : I Wish (2026-07-14)
  OK — Roy Montgomery & Martha Skye Murphy : At Dawn (2026-07-14)
  OK — Sylvia Lim : Flare (2026-07-13)
  OK — John T. Gast : Infant (2026-07-13)
  OK — THE WIRE : Issue 510: August 2026 (2026-07-13)
  OK — TIBSLC : City of Something (2026-07-13)
  OK — Tomo Katsurada and Jonny Nash : At The Emerald Pool (2026-07-13)
  OK — Keith Hudson : Playing It Cool & Playing It Right (2026-07-13)
  OK — Sunn O))) : sunn O))) (2026-07-13)
  OK — Inox Traxx : Love Letter (2026-07-13)
  OK — ManonMars : Entertainment System (2026-07-13)
  OK — Sutcliffe Jugend : Offal (2026-07-13)
  OK — Sutcliffe Jugend : With Extreme Prejudice (2026-07-13)
  OK — Jejune : Wait A Lifetime (2026-07-13)
  OK — Burial & Four Tet & Thom Yorke : Her Revolution / His Rope (2026-07-13)
  OK — Function : Aeternum (Existenz) (2026-07-13)
  OK — Bob Bellerue : Chaos Is A Law (2026-07-13)
  OK — Panda Bear & Sonic Boom : A ? of WHEN (2026-07-13)
  OK — Al Wootton : River Songs (2026-07-13)
  OK — Keith Hudson, Soul Syndicate : Nuh Skin Up Dub (2026-07-13)
  OK — Bim Sherman : Ghetto Dub (2026-07-13)
  OK — Evil Graham Lee : I Think I'm Alone Now (2026-07-13)
  OK — Hadley Caliman : Iapetus (2026-07-13)
  OK — Ton Klami (Masahiko Satoh, Kang Tae-Hwan, Midori Takada) : Ton Klami (2026-07-13)
  OK — The Milky Way : Summer-Time Love Song (2026-07-13)
  OK — Monolake : Hongkong (2026-07-13)
  OK — Cat Power : The Greatest (20th Anniversary Edition) (2026-07-13)
  OK — SCRITTI POLITTI : Cupid & Psyche 85 (Deluxe Edition Remastered) (2026-07-13)
  OK — Hildur Guðnadóttir : Without Sinking (2026-07-13)
  OK — Dimi Angélis : Time Capsule (2026-07-13)
  OK — We Jazz Magazine : Issue 19 / Summer 2026 "Milestones" (2026-07-13)
  OK — Viviankrist : Morgenrøde (2026-07-13)
  OK — Tevo Howard : Samba Time Clock the Mode (Suite For Violin Number 1 and 2) (Memorial (Movements 1-4), Sometimes Love Gets in the Way (Movements 1-4)) (2026-07-13)
  OK — Ty Segall : Running to Nowhere (2026-07-13)
  OK — Laza : Acceptance (2026-07-13)
  OK — KOKO, Elena Moroder : I Can't Understand (2026-07-13)
  OK — Joyce Faison : Thanks To The Fool b/w Loves Merry Go Round (2026-07-13)
  OK — Yul McClay : Never Leave Me Alone b/w Over The Rainbow (2026-07-13)
  OK — Turn On The Sunlight : Iseo (2026-07-13)
  OK — Michael Brook : Cobalt Blue & Live at the Aquarium (2026 Remaster) (2026-07-13)
  OK — Memotone : Warm Shadows (2026-07-13)
  OK — Seekersinternational & wzrdryAV : Orbit Flares (2026-07-13)
  OK — DJ Haram & Sha Ray : Critical Thot (2026-07-13)
  OK — FREDDY FRESH : Kick This Rhythm (2026-07-13)
  OK — Xmal Deutschland : Peel (The Complete Peel Sessions) (2026-07-13)
  OK — DX2OV : Tonegues (2026-07-13)
  OK — Inweys : Inweys (2026-07-13)
  OK — Alex Zhang Hungtai : Orion/Mother (2026-07-13)
  OK — Various Artists : Documents Of Different Reality (2026-07-13)
  OK — Kristofer Svensson, Maya Bennardo, Erik Blennow Calälv : For a Lemon Tree (2026-07-13)
  OK — DJ Plead & rRoxymore : Read Round City EP (2026-07-13)

=== Visiting 99 product pages for full body ===
  [1/99] Psychick Warriors Ov Gaia : Ov Biospheres And Sacred Grooves: A Docu...
    body: 2096 chars
  [2/99] Foul Play : Origins...
    body: 1480 chars
  [3/99] Soul Jazz Records Presents : Rumble In The Jungle (20th Anniversary E...
    body: 1490 chars
  [4/99] Debit : Potpourri...
    body: 3461 chars
  [5/99] PROTOCOL : Channel Zero...
    body: 1205 chars
  [6/99] Sylvain Chauveau : The Complexity of the Simple...
    body: 1663 chars
  [7/99] Florian T M Zeisig : Music for Parents...
    body: 1449 chars
  [8/99] Picture : Uuuuuuuu...
    body: 864 chars
  [9/99] Nuke Watch : Fusion...
    body: 2348 chars
  [10/99] Old Saw : Dissection Maps...
    body: 1589 chars
  [11/99] Old Saw : The Wringing Cloth...
    body: 2142 chars
  [12/99] Various Artists : STUDIO SIMPA: DIGITAL DANCE MUSIC ON VCD...
    body: 1768 chars
  [13/99] Yumiko Morioka : Resonance...
    body: 1304 chars
  [14/99] Vincent Yuen Ruiz : Trio...
    body: 1975 chars
  [15/99] Al Wootton : CRUX...
    body: 2344 chars
  [16/99] K-6000 : WAR GAMES...
    body: 1342 chars
  [17/99] NEOBORIS : Hélas...
    body: 2890 chars
  [18/99] TENNISCOATS : Hip Hop Tennis...
    body: 3259 chars
  [19/99] Lovegod : Rendezvous...
    body: 656 chars
  [20/99] EZEKIEL HONIG : Surfaces Of A Broken Marching Band (2026...
    body: 1481 chars
  [21/99] PUB : Do You Ever Regret Pantomime?...
    body: 1429 chars
  [22/99] PUB : Summer...
    body: 1364 chars
  [23/99] Theo Parrish : Lovely Edits Vol.1...
    body: 757 chars
  [24/99] Yara Asmar : everyone i love is sleeping and i love t...
    body: 1887 chars
  [25/99] Abul Mogard & Rafael Anton Irisarri : Where Light Pauses in the Silence of the...
    body: 4998 chars
  [26/99] Rue des Garderies : Live at Pe:rsona...
    body: 897 chars
  [27/99] Piezo : Sky Burial...
    body: 855 chars
  [28/99] CLOCK DVA : White Souls In Black Suits...
    body: 1731 chars
  [29/99] Egil Kalman & Hans Hulbaekmo : Unit of Time...
    body: 752 chars
  [30/99] Gi Gi : In Lieu...
    body: 1614 chars
  [31/99] GILBERTO GIL : Louvação...
    body: 1323 chars
  [32/99] NeWRoomfreaK : NeWRoomfreaK...
    body: 863 chars
  [33/99] FILA BRAZILLIA : Old Codes New Chaos - 2026 Remastered Ed...
    body: 870 chars
  [34/99] Ejay Mass / Jah Massagan Sound : Mass-Studio Dubs!...
    body: 1238 chars
  [35/99] Benabou : Rise & Merge...
    body: 886 chars
  [36/99] Coil : Cardinal Points (2026 Remaster)...
    body: 507 chars
  [37/99] Eartheater : Heavenly Body: If I'm The Bottle You’re ...
    body: 735 chars
  [38/99] Distinct Motive : Hypnotize...
    body: 389 chars
  [39/99] Manuka Honey, T.NO : Sclera...
    body: 633 chars
  [40/99] Cletus Strap : chilli...
    body: 633 chars
  [41/99] Olsvangèr : At the Masquerade...
    body: 1240 chars
  [42/99] Red 40 : Seventeen...
    body: 1250 chars
  [43/99] UNIIQU3, Leonce : Calling My Name...
    body: 651 chars
  [44/99] Alva Noto, Ryuichi Sakamoto : Conversation 3...
    body: 649 chars
  [45/99] Hot Chip : Do Not Wait...
    body: 643 chars
  [46/99] Garden Variety & Dahlia Seed : Parker b/w Statement Of Purpose...
    body: 864 chars
  [47/99] Pépe : Search Engine Optimisation...
    body: 1047 chars
  [48/99] Damon Wild : Chaos Theatre...
    body: 1645 chars
  [49/99] Julia Jacklin feat. The Maes : I Wish...
    body: 633 chars
  [50/99] Roy Montgomery & Martha Skye Murphy : At Dawn...
    body: 635 chars
  [51/99] Sylvia Lim : Flare...
    body: 1392 chars
  [52/99] John T. Gast : Infant...
    body: 1929 chars
  [53/99] THE WIRE : Issue 510: August 2026...
    body: 4998 chars
  [54/99] TIBSLC : City of Something...
    body: 1429 chars
  [55/99] Tomo Katsurada and Jonny Nash : At The Emerald Pool...
    body: 2641 chars
  [56/99] Keith Hudson : Playing It Cool & Playing It Right...
    body: 2142 chars
  [57/99] Sunn O))) : sunn O)))...
    body: 2279 chars
  [58/99] Inox Traxx : Love Letter...
    body: 492 chars
  [59/99] ManonMars : Entertainment System...
    body: 2324 chars
  [60/99] Sutcliffe Jugend : Offal...
    body: 887 chars
  [61/99] Sutcliffe Jugend : With Extreme Prejudice...
    body: 860 chars
  [62/99] Jejune : Wait A Lifetime...
    body: 2558 chars
  [63/99] Burial & Four Tet & Thom Yorke : Her Revolution / His Rope...
    body: 171 chars
  [64/99] Function : Aeternum (Existenz)...
    body: 1296 chars
  [65/99] Bob Bellerue : Chaos Is A Law...
    body: 1172 chars
  [66/99] Panda Bear & Sonic Boom : A ? of WHEN...
    body: 3143 chars
  [67/99] Al Wootton : River Songs...
    body: 826 chars
  [68/99] Keith Hudson, Soul Syndicate : Nuh Skin Up Dub...
    body: 1571 chars
  [69/99] Bim Sherman : Ghetto Dub...
    body: 3635 chars
  [70/99] Evil Graham Lee : I Think I'm Alone Now...
    body: 1342 chars
  [71/99] Hadley Caliman : Iapetus...
    body: 3205 chars
  [72/99] Ton Klami (Masahiko Satoh, Kang Tae-Hwan, Midori Takada) : Ton Klami...
    body: 2141 chars
  [73/99] The Milky Way : Summer-Time Love Song...
    body: 2332 chars
  [74/99] Monolake : Hongkong...
    body: 1829 chars
  [75/99] Cat Power : The Greatest (20th Anniversary Edition)...
    body: 1722 chars
  [76/99] SCRITTI POLITTI : Cupid & Psyche 85 (Deluxe Edition Remast...
    body: 1242 chars
  [77/99] Hildur Guðnadóttir : Without Sinking...
    body: 2371 chars
  [78/99] Dimi Angélis : Time Capsule...
    body: 508 chars
  [79/99] We Jazz Magazine : Issue 19 / Summer 2026 "Milestones"...
    body: 2451 chars
  [80/99] Viviankrist : Morgenrøde...
    body: 1743 chars
  [81/99] Tevo Howard : Samba Time Clock the Mode (Suite For Vio...
    body: 2313 chars
  [82/99] Ty Segall : Running to Nowhere...
    body: 854 chars
  [83/99] Laza : Acceptance...
    body: 1089 chars
  [84/99] KOKO, Elena Moroder : I Can't Understand...
    body: 880 chars
  [85/99] Joyce Faison : Thanks To The Fool b/w Loves Merry Go Ro...
    body: 888 chars
  [86/99] Yul McClay : Never Leave Me Alone b/w Over The Rainbo...
    body: 884 chars
  [87/99] Turn On The Sunlight : Iseo...
    body: 2928 chars
  [88/99] Michael Brook : Cobalt Blue & Live at the Aquarium (2026...
    body: 3360 chars
  [89/99] Memotone : Warm Shadows...
    body: 2066 chars
  [90/99] Seekersinternational & wzrdryAV : Orbit Flares...
    body: 1526 chars
  [91/99] DJ Haram & Sha Ray : Critical Thot...
    body: 2159 chars
  [92/99] FREDDY FRESH : Kick This Rhythm...
    body: 653 chars
  [93/99] Xmal Deutschland : Peel (The Complete Peel Sessions)...
    body: 6354 chars
  [94/99] DX2OV : Tonegues...
    body: 1845 chars
  [95/99] Inweys : Inweys...
    body: 1968 chars
  [96/99] Alex Zhang Hungtai : Orion/Mother...
    body: 2097 chars
  [97/99] Various Artists : Documents Of Different Reality...
    body: 2383 chars
  [98/99] Kristofer Svensson, Maya Bennardo, Erik Blennow Calälv : For a Lemon Tree...
    body: 1212 chars
  [99/99] DJ Plead & rRoxymore : Read Round City EP...
    body: 1564 chars

Total: 99 items
Closed tab c5ea4bbc-8dab-4972-a5e4-e5b7161ae5d3
