Boomkat: today=2026-06-26 cutoff=2026-06-25 pages=2 tab=7fd69404-5757-437c-aeec-c63047358f94
Page 1: loaded 50 candidates
Page 2: loaded 50 candidates
Total unique candidates: 100
After cutoff/format filter: 100
  [1/100] KADAPT & Nova Ruth featuring Siko Setyanto : Ocean Cage
    body: 2244 chars
  [2/100] KiMiMi : ИМА (イマ)
    body: 2816 chars
  [3/100] Basic Rhythm : 8 Bar Techno
    body: 1370 chars
  [4/100] Tran Uy Duc : ByyShh
    body: 1724 chars
  [5/100] Brannten Schnüre : Geträumt hab ich vom Martinszug
    body: 1863 chars
  [6/100] GÖRL : Dark Silver Moon Light
    body: 1583 chars
  [7/100] Zsela, Daniel Aged, Taul Katz : 4 Dreams
    body: 2165 chars
  [8/100] CURRENT 93 : Nature Unveiled
    body: 1558 chars
  [9/100] John Coltrane : Ascension (Edition I & II) (Verve Vault)
    body: 3026 chars
  [10/100] Mor Elian : Built In Waves
    body: 1186 chars
  [11/100] Various Artists : Documents Of Different Reality
    body: 2383 chars
  [12/100] Takkak Takkak : Abu
    body: 1543 chars
  [13/100] Turn On The Sunlight : Iseo
    body: 2928 chars
  [14/100] Lolina : Monopoly of Mistakes
    body: 1998 chars
  [15/100] Shawescape Renegade : Exoframe
    body: 1336 chars
  [16/100] Cindy : I'm Cindy
    body: 1391 chars
  [17/100] Taiga Ultan : Shade Zero
    body: 1280 chars
  [18/100] TIBSLC : City of Something
    body: 1429 chars
  [19/100] Eera : Just Keep Holding On
    body: 1531 chars
  [20/100] SML : Spontaneous Music Live
    body: 2257 chars
  [21/100] Concepción Huerta : El Sol de los Muertos
    body: 2387 chars
  [22/100] DJ GAWAD & Pierre Pepe : Dove
    body: 403 chars
  [23/100] The Sprigs : For Red Riverbank
    body: 3355 chars
  [24/100] Oliver Coates : Pillion (Original Soundtrack)
    body: 1014 chars
  [25/100] Wendy Eisenberg : Wendy Eisenberg
    body: 2142 chars
  [26/100] Keith Hudson : Playing It Cool & Playing It Right
    body: 2142 chars
  [27/100] heimelektronik & MAS 2008 : Electronic Corporation 1998-2006
    body: 1928 chars
  [28/100] Deutsche Schäferhunde : Kein Abschied
    body: 1620 chars
  [29/100] M. Geddes Gengras : Guest List
    body: 2511 chars
  [30/100] Emahoy Tsege Mariam Gebru : Souvenirs
    body: 2812 chars
  [31/100] Astrid Sonne : Great Doubt
    body: 3019 chars
  [32/100] Earth Ball : Actual Earth Music - Volume 3 & 4
    body: 2615 chars
  [33/100] Chanel Beads : Your Day Will Come
    body: 2919 chars
  [34/100] SWANS : LIVE ROPE
    body: 620 chars
  [35/100] Artefakt & KMRU : Collaborations III
    body: 973 chars
  [36/100] Kennedy : Dream 5
    body: 1924 chars
  [37/100] Inox Traxx : Love Letter
    body: 492 chars
  [38/100] Various Artists : BURGERS FOR MY NEW LIFE
    body: 1692 chars
  [39/100] JAN JELINEK : Loop Finding Jazz Records
    body: 1638 chars
  [40/100] Kryptic Minds : The Things They Left Behind
    body: 1579 chars
  [41/100] Kelan Phil Cohran & Legacy : African Skies
    body: 2744 chars
  [42/100] Various Artists : Let Me Perish Without Return: Lament and Longing f
    body: 970 chars
  [43/100] Mr Fingers : Leev Ur Mynd
    body: 1311 chars
  [44/100] Lekan Animashaun : Low Profile
    body: 1956 chars
  [45/100] BCMC : Stash
    body: 1019 chars
  [46/100] Judith Hamann, James Rushford : Midmeste
    body: 2847 chars
  [47/100] Felicia Atkinson : Sans Visage
    body: 2065 chars
  [48/100] Shalt : Votive
    body: 1675 chars
  [49/100] Dorothy Ashby : Plays For Beautiful People
    body: 1245 chars
  [50/100] Rezzett : Into the Boiling Darks
    body: 1188 chars
  [51/100] Nein Flower : Nein Flower
    body: 2040 chars
  [52/100] FaltyDL : Body Me
    body: 1073 chars
  [53/100] Victoria Mingot : God Spill
    body: 1248 chars
  [54/100] Natural Information Society & Bitchin Bajas : Automaginary + Totality
    body: 2849 chars
  [55/100] Otto A Totland : Pinô
    body: 1790 chars
  [56/100] JAGA JAZZIST : A Living Room Hush
    body: 2344 chars
  [57/100] Abul Mogard & Rafael Anton Irisarri : Where Light Pauses in the Silence of the Sun
    body: 3598 chars
  [58/100] Various Artists : Heavenly Ethiopiques: The Best Of The Ethiopiques 
    body: 1083 chars
  [59/100] Piezo : Sky Burial
    body: 855 chars
  [60/100] Aaron MF Olson : Songs Album II
    body: 4211 chars
  [61/100] Martina Bertoni & Stefan Schneider Monti : Holding on and letting go
    body: 1220 chars
  [62/100] Mija Milovic : STILL LIFE
    body: 1175 chars
  [63/100] A Good Year : Play
    body: 1549 chars
  [64/100] Arvo Pärt : Alina
    body: 1066 chars
  [65/100] KARATE : Pockets
    body: 494 chars
  [66/100] CURRENT 93 : Dogs Blood Rising
    body: 1527 chars
  [67/100] Pixies : Complete B Sides
    body: 2069 chars
  [68/100] LOVESLIESCRUSHING : Bloweyelashwish (Deluxe Version)
    body: 1795 chars
  [69/100] Lau Ro : Lau
    body: 1064 chars
  [70/100] dgoHn : Tessares
    body: 2291 chars
  [71/100] Steve Rachmad : 3-6-9 EP
    body: 634 chars
  [72/100] DJ Plead : Please
    body: 2056 chars
  [73/100] Imagination : Night Dubbing
    body: 4196 chars
  [74/100] Bleeder : Marble Station
    body: 1831 chars
  [75/100] Lagoss : Música para Plátanos
    body: 1666 chars
  [76/100] Aliya Ultan : Looks Far Woman
    body: 949 chars
  [77/100] Eldritch Anisette : Complete Fairytales [Paperback Edition]
    body: 455 chars
  [78/100] DJ Scott feat. Mc Stompin, Mc Jet & Mc Nat : HANGAR 13 v Uprising 24th May 2004
    body: 1392 chars
  [79/100] Ronald Langestraat : Searching
    body: 1084 chars
  [80/100] Liss : I Guess Nothing Will Be The Same
    body: 1547 chars
  [81/100] O.G. Jigg : Black Tor Tracks
    body: 1400 chars
  [82/100] Jump Source : Fold
    body: 1560 chars
  [83/100] Helen Svoboda : Headwater
    body: 1002 chars
  [84/100] Beatrice M. : Sinking Part 1
    body: 1220 chars
  [85/100] Pugilist : Triads
    body: 804 chars
  [86/100] Brannten Schnüre : Sommer Im Pfirsichhain
    body: 1785 chars
  [87/100] Estray & Federsen : Dubalearic EP
    body: 750 chars
  [88/100] 1OO1O : Tres De Espadas
    body: 751 chars
  [89/100] Adrian Sherwood, African Head Charge & Speakers Corner Quartet : Barbican Heights
    body: 932 chars
  [90/100] Organ of Corti, Bill Orcutt : Percussio / Economy & Discipline
    body: 1196 chars
  [91/100] John Coltrane : Impressions (Acoustic Sounds)
    body: 1062 chars
  [92/100] Facta : witness
    body: 807 chars
  [93/100] Various Artists : ON LIFE VOLUME 4
    body: 1032 chars
  [94/100] Ricardo Villalobos x goat (JP) : Without References / Cindy van Acker (Ricardo Vill
    body: 1146 chars
  [95/100] Jadasea : Holly Grove
    body: 911 chars
  [96/100] Beatrice M. : Sinking Part 2
    body: 1199 chars
  [97/100] Beatrice M. : Sinking Part 3
    body: 1193 chars
  [98/100] CV313 : Lost Sequence
    body: 761 chars
  [99/100] Downtown Boys : Public Luxury
    body: 2622 chars
  [100/100] Rizomagic : Cumbión Planetario
    body: 2415 chars

Wrote 100 items to /home/liyifan/music-record/2026/06/2026-06-27/boomkat_reviews.json
Total: 100 items
