Boomkat scraper — Today: 2026-08-27, Cutoff: 2026-08-26, Pages: 2, Limit: 100
Creating tab and navigating to New Releases...
Waiting 15s for CF challenge to clear...
CF check: Boomkat|50

=== Page 1 (https://boomkat.com/new-releases?show=100) ===
Found 50 products on page 1

=== Page 2 (https://boomkat.com/new-releases?show=100&page=2) ===
Found 49 products on page 2

Total unique products: 99
  OK — THE OTHER PEOPLE PLACE : Lifestyles Of The Laptop Café (2026-08-27)
  OK — Tzusing : 東方不敗 (2026-08-27)
  OK — RACHEL'S : Handwriting (2026-08-27)
  OK — FAUN FABLES : The Transit Rider (2026-08-27)
  OK — Cities Aviv : EVEN COLDER SPRING (2026-08-27)
  OK — Roland Kayn, Luigi Nono : Kayn: Cybernetics III / Nono: Contrappunto dialettico alla mente (Avantgarde Vinyl Series) (2026-08-27)
  OK — Ghost Dubs : Damaged (2026-08-27)
  OK — FLORENCE : A Requiem for Prime Time TV (2026-08-27)
  OK — Hans Reichel : Dalbergia Retusa (2026-08-27)
  OK — Klara Lewis : Opening (2026-08-27)
  OK — DJ Plead & rRoxymore : Read Round City EP (2026-08-27)
  OK — Leo : Dissipating Heavily (2026-08-27)
  OK — FM3 : Buddha Machine #1 2023 Reissue (2026-08-27)
  OK — Elori Saxl & Henry Solomon : Seeing Is Forgetting (2026-08-27)
  OK — Kevin Richard Martin : Sub Zero (Remastered) (2026-08-27)
  OK — Sarah Davachi : The Will of Tongues (2026-08-27)
  OK — Various Artists : Peach Pals, Vol. 5 (2026-08-27)
  OK — HTRK : Work (Work, Work) (2026-08-27)
  OK — Dinosaur Jr. : There Near (2026-08-27)
  OK — andrew chalk : Mystical Obscurant (2026-08-27)
  OK — Cindy Lee : Diamond Jubilee (2026-08-27)
  OK — Tara Clerkin Trio : Somewhere Good (2026-08-27)
  OK — Gramm (Jan Jelinek) : Personal Rock (2026-08-27)
  OK — Dean Blunt : Black Metal 2 (2026-08-27)
  OK — TERRE THAEMLITZ : Tranquilizer (30th Anniversary Restored & Expanded Edition 1994-2024) (2026-08-27)
  OK — OREN AMBARCHI : Hubris (10th Anniversary Remaster) (2026-08-27)
  OK — A CERTAIN RATIO : Force Majeure (2026-08-27)
  OK — A CERTAIN RATIO : The Joy of Sextet (2026-08-27)
  OK — Various Artists : Dioses Tribales (2026-08-27)
  OK — BITCHIN BAJAS : Isle Peaks (2026-08-27)
  OK — Abiu : It's The Rest Of A Stump (2026-08-27)
  OK — Opéra De Nuit : Opéra De Nuit (2026-08-27)
  OK — Bushes & Klaus : Live at La Chunky (2026-08-27)
  OK — Ezra Feinberg : Soft Power (2026-08-27)
  OK — Lynn Wright : Before The Sinking Plains (2026-08-27)
  OK — Frances Chang : I can feel the waves (2026-08-27)
  OK — Steve (Suzanne Ciani) : Out Of The Closet (2026-08-27)
  OK — Ty Segall : Chrome (2026-08-27)
  OK — Victoria Mingot : God Spill (2026-08-27)
  OK — KOMET : Rausch (2026-08-27)
  OK — Asher White : Love Aggregates (2026-08-27)
  OK — Shinichi Atobe : Butterfly Effect (2026-08-27)
  OK — Various Artists : Kwalk (2026 Edition) (2026-08-27)
  OK — Kali Malone : The Sacrificial Code (2026-08-27)
  OK — Shinichi Atobe : Ongaku 1 (2026-08-27)
  OK — Charanjit Singh : Synthesizing: Ten Ragas To A Disco Beat (2026-08-27)
  OK — Marco Cassanelli : Visions EP (2026-08-27)
  OK — Various Artists : WPH Summer Special 2026 (2026-08-27)
  OK — St Circul : Ley Lines (2026-08-27)
  OK — QUIET LIGHT : BLUE ANGEL SPARKLING SILVER 2 (2026-08-27)
  OK — Erykah Badu & The Alchemist : Witch Doctor (2026-08-27)
  OK — Mike Cooper : Stochastic Parrot (2026-08-27)
  OK — Hakushi Hasegawa : Honest Feeling Album (2026-08-27)
  OK — JOSEPHINE FOSTER : No More Lamps In The Morning (2026-08-27)
  OK — AKUFEN : Architextures 1 -2 -3 (2026-08-27)
  OK — emer : Fog (2026-08-27)
  OK — Shinichi Atobe : Ship-Scope (2026-08-27)
  OK — Wanderwelle : Ghosts Beneath The Brine (2026-08-27)
  OK — RUSSIAN CIRCLES : Nine (2026-08-27)
  OK — Patricia Wolf : Hrafnamynd (2026-08-27)
  OK — Blanck Mass : Crime 101 (Original Motion Picture Soundtrack) (2026-08-27)
  OK — Substance & Vainqueur, Skee Mask & More : Curation Three: Verraco (2026-08-27)
  OK — Floating Points : Mere Mortals (2026-08-27)
  OK — Aphex Twin : Selected Ambient Works 85-92 (2026-08-27)
  OK — Oliver Coates : The History Of Sound- Original Motion Picture Soundtrack (2026-08-27)
  OK — Alexander Holm : Dial / Head Stroll (2026-08-27)
  OK — Eartheater : Heavenly Body: If I'm The Bottle You’re The Message (2026-08-27)
  OK — CRUV : CRUV2 (2026-08-27)
  OK — .multibeat and TOS : Hold Me Down (2026-08-27)
  OK — Kaktus Einarsson : The Decipherer (2026-08-27)
  OK — Objectiv : 2008 (2026-08-27)
  OK — Alfred Quest : #3 Life Recordings (2026-08-27)
  OK — Aberva : Intermestra (2026-08-27)
  OK — Photons : Rentrée Solaire (2026-08-27)
  OK — offerings : End Credits Noumena (2026-08-27)
  OK — Carlton Norris : It'll Be A Cold Day b/w I'll Keep Foolin' Around (2026-08-27)
  OK — Protomartyr : Feed the Sewer (2026-08-27)
  OK — Frank Konvicka : Queen "Bee" Waltz b/w The Frankie Polka (2026-08-27)
  OK — Harry Hayes : Moolah (2026-08-27)
  OK — CxBxT, Tujiko Noriko & Adrian Corker : .After Again (2026-08-27)
  OK — Picture : Yyyyyyyyy (2026-08-27)
  OK — Wendy Eisenberg : Wendy Eisenberg (2026-08-27)
  OK — Sunn O))) : sunn O))) (2026-08-27)
  OK — Pole : 1 2 3 (2026-08-27)
  OK — Resavoir, Matt Gold : Horizon (2026-08-27)
  OK — MAD PROFESSOR : Melodies International presents Ariwa Sounds (2026-08-27)
  OK — MODEL 500 : I See The Light / Pick Up The Flow (2026-08-27)
  OK — LAMBCHOP : Punching the Clown (2026-08-27)
  OK — Prince Riser : Through The Storm (2026-08-27)
  OK — Outer World : Break that Chain (2026-08-27)
  OK — Courant Zéro : Strange Aorta / Eroding Us (2026-08-27)
  OK — Light Conductor : Omenize / Ghost City Radio (2026-08-27)
  OK — Steve Bates : Easier sad than done / Lettre d'amour à Fly Pan Am (2026-08-27)
  OK — Alva Noto, Ryuichi Sakamoto : Conversation 6 (2026-08-27)
  OK — THAO & Neko Case : Catch As Catch Can (2026-08-27)
  OK — William Basinski : Passing the Cup of Sorrows 1.1 (2026-08-27)
  OK — Lex Walton : ULTIMATE LOVE FOREVER (2026-08-27)
  OK — Mike Reed's Separatist Party : New Angels (2026-08-27)
  OK — Apparel Wax : D003 (2026-08-27)

=== Visiting 99 product pages for full body ===
  [1/99] THE OTHER PEOPLE PLACE : Lifestyles Of The Laptop Café...
    body: 1185 chars
  [2/99] Tzusing : 東方不敗...
    body: 1328 chars
  [3/99] RACHEL'S : Handwriting...
    body: 2170 chars
  [4/99] FAUN FABLES : The Transit Rider...
    body: 1831 chars
  [5/99] Cities Aviv : EVEN COLDER SPRING...
    body: 1823 chars
  [6/99] Roland Kayn, Luigi Nono : Kayn: Cybernetics III / Nono: Contrappun...
    body: 1528 chars
  [7/99] Ghost Dubs : Damaged...
    body: 2239 chars
  [8/99] FLORENCE : A Requiem for Prime Time TV...
    body: 3677 chars
  [9/99] Hans Reichel : Dalbergia Retusa...
    body: 4998 chars
  [10/99] Klara Lewis : Opening...
    body: 3192 chars
  [11/99] DJ Plead & rRoxymore : Read Round City EP...
    body: 1564 chars
  [12/99] Leo : Dissipating Heavily...
    body: 1191 chars
  [13/99] FM3 : Buddha Machine #1 2023 Reissue...
    body: 4542 chars
  [14/99] Elori Saxl & Henry Solomon : Seeing Is Forgetting...
    body: 1625 chars
  [15/99] Kevin Richard Martin : Sub Zero (Remastered)...
    body: 1871 chars
  [16/99] Sarah Davachi : The Will of Tongues...
    body: 5185 chars
  [17/99] Various Artists : Peach Pals, Vol. 5...
    body: 732 chars
  [18/99] HTRK : Work (Work, Work)...
    body: 1544 chars
  [19/99] Dinosaur Jr. : There Near...
    body: 1792 chars
  [20/99] andrew chalk : Mystical Obscurant...
    body: 1951 chars
  [21/99] Cindy Lee : Diamond Jubilee...
    body: 4392 chars
  [22/99] Tara Clerkin Trio : Somewhere Good...
    body: 2908 chars
  [23/99] Gramm (Jan Jelinek) : Personal Rock...
    body: 1114 chars
  [24/99] Dean Blunt : Black Metal 2...
    body: 1567 chars
  [25/99] TERRE THAEMLITZ : Tranquilizer (30th Anniversary Restored ...
    body: 3533 chars
  [26/99] OREN AMBARCHI : Hubris (10th Anniversary Remaster)...
    body: 1771 chars
  [27/99] A CERTAIN RATIO : Force Majeure...
    body: 1041 chars
  [28/99] A CERTAIN RATIO : The Joy of Sextet...
    body: 1168 chars
  [29/99] Various Artists : Dioses Tribales...
    body: 3844 chars
  [30/99] BITCHIN BAJAS : Isle Peaks...
    body: 1185 chars
  [31/99] Abiu : It's The Rest Of A Stump...
    body: 2030 chars
  [32/99] Opéra De Nuit : Opéra De Nuit...
    body: 1469 chars
  [33/99] Bushes & Klaus : Live at La Chunky...
    body: 1016 chars
  [34/99] Ezra Feinberg : Soft Power...
    body: 3067 chars
  [35/99] Lynn Wright : Before The Sinking Plains...
    body: 1843 chars
  [36/99] Frances Chang : I can feel the waves...
    body: 1717 chars
  [37/99] Steve (Suzanne Ciani) : Out Of The Closet...
    body: 2021 chars
  [38/99] Ty Segall : Chrome...
    body: 1690 chars
  [39/99] Victoria Mingot : God Spill...
    body: 1205 chars
  [40/99] KOMET : Rausch...
    body: 717 chars
  [41/99] Asher White : Love Aggregates...
    body: 2217 chars
  [42/99] Shinichi Atobe : Butterfly Effect...
    body: 1242 chars
  [43/99] Various Artists : Kwalk (2026 Edition)...
    body: 1358 chars
  [44/99] Kali Malone : The Sacrificial Code...
    body: 1874 chars
  [45/99] Shinichi Atobe : Ongaku 1...
    body: 1445 chars
  [46/99] Charanjit Singh : Synthesizing: Ten Ragas To A Disco Beat...
    body: 1437 chars
  [47/99] Marco Cassanelli : Visions EP...
    body: 507 chars
  [48/99] Various Artists : WPH Summer Special 2026...
    body: 722 chars
  [49/99] St Circul : Ley Lines...
    body: 2011 chars
  [50/99] QUIET LIGHT : BLUE ANGEL SPARKLING SILVER 2...
    body: 1662 chars
  [51/99] Erykah Badu & The Alchemist : Witch Doctor...
    body: 1057 chars
  [52/99] Mike Cooper : Stochastic Parrot...
    body: 1551 chars
  [53/99] Hakushi Hasegawa : Honest Feeling Album...
    body: 721 chars
  [54/99] JOSEPHINE FOSTER : No More Lamps In The Morning...
    body: 1250 chars
  [55/99] AKUFEN : Architextures 1 -2 -3...
    body: 1179 chars
  [56/99] emer : Fog...
    body: 1433 chars
  [57/99] Shinichi Atobe : Ship-Scope...
    body: 1090 chars
  [58/99] Wanderwelle : Ghosts Beneath The Brine...
    body: 2185 chars
  [59/99] RUSSIAN CIRCLES : Nine...
    body: 1815 chars
  [60/99] Patricia Wolf : Hrafnamynd...
    body: 1475 chars
  [61/99] Blanck Mass : Crime 101 (Original Motion Picture Sound...
    body: 1656 chars
  [62/99] Substance & Vainqueur, Skee Mask & More : Curation Three: Verraco...
    body: 811 chars
  [63/99] Floating Points : Mere Mortals...
    body: 3296 chars
  [64/99] Aphex Twin : Selected Ambient Works 85-92...
    body: 286 chars
  [65/99] Oliver Coates : The History Of Sound- Original Motion Pi...
    body: 525 chars
  [66/99] Alexander Holm : Dial / Head Stroll...
    body: 501 chars
  [67/99] Eartheater : Heavenly Body: If I'm The Bottle You’re ...
    body: 735 chars
  [68/99] CRUV : CRUV2...
    body: 81 chars
  [69/99] .multibeat and TOS : Hold Me Down...
    body: 640 chars
  [70/99] Kaktus Einarsson : The Decipherer...
    body: 1190 chars
  [71/99] Objectiv : 2008...
    body: 604 chars
  [72/99] Alfred Quest : #3 Life Recordings...
    body: 2534 chars
  [73/99] Aberva : Intermestra...
    body: 1161 chars
  [74/99] Photons : Rentrée Solaire...
    body: 626 chars
  [75/99] offerings : End Credits Noumena...
    body: 395 chars
  [76/99] Carlton Norris : It'll Be A Cold Day b/w I'll Keep Foolin...
    body: 848 chars
  [77/99] Protomartyr : Feed the Sewer...
    body: 624 chars
  [78/99] Frank Konvicka : Queen "Bee" Waltz b/w The Frankie Polka...
    body: 830 chars
  [79/99] Harry Hayes : Moolah...
    body: 967 chars
  [80/99] CxBxT, Tujiko Noriko & Adrian Corker : .After Again...
    body: 1688 chars
  [81/99] Picture : Yyyyyyyyy...
    body: 695 chars
  [82/99] Wendy Eisenberg : Wendy Eisenberg...
    body: 2142 chars
  [83/99] Sunn O))) : sunn O)))...
    body: 2279 chars
  [84/99] Pole : 1 2 3...
    body: 2427 chars
  [85/99] Resavoir, Matt Gold : Horizon...
    body: 5336 chars
  [86/99] MAD PROFESSOR : Melodies International presents Ariwa So...
    body: 2066 chars
  [87/99] MODEL 500 : I See The Light / Pick Up The Flow...
    body: 844 chars
  [88/99] LAMBCHOP : Punching the Clown...
    body: 1264 chars
  [89/99] Prince Riser : Through The Storm...
    body: 1105 chars
  [90/99] Outer World : Break that Chain...
    body: 986 chars
  [91/99] Courant Zéro : Strange Aorta / Eroding Us...
    body: 806 chars
  [92/99] Light Conductor : Omenize / Ghost City Radio...
    body: 806 chars
  [93/99] Steve Bates : Easier sad than done / Lettre d'amour à ...
    body: 854 chars
  [94/99] Alva Noto, Ryuichi Sakamoto : Conversation 6...
    body: 624 chars
  [95/99] THAO & Neko Case : Catch As Catch Can...
    body: 632 chars
  [96/99] William Basinski : Passing the Cup of Sorrows 1.1...
    body: 656 chars
  [97/99] Lex Walton : ULTIMATE LOVE FOREVER...
    body: 1754 chars
  [98/99] Mike Reed's Separatist Party : New Angels...
    body: 616 chars
  [99/99] Apparel Wax : D003...
    body: 604 chars

Total: 99 items
Closed tab 4e68055a-a932-45ea-aa0c-77aea1cb86fe
