JazzTokyo (resilient) — now=2026-08-27T20:23:27.297776+00:00 cutoff=2026-08-26T08:23:27.297776+00:00

=== Listing https://jazztokyo.org/ ===
  [tab] created OK (de58c09b-f309-463e-97e9-c3efa16b54c2)
  [list] found 37 post links

=== Listing https://jazztokyo.org/page/2/ ===
  [tab] created OK (8a17915e-f467-4f35-b537-4e64e5130e3b)
  [list] found 36 post links

Total unique candidates: 41
  [art] https://jazztokyo.org/column/reflection-of-music/post-123933/
  [tab] created OK (67c48fd5-f49b-44d7-805e-c13473cd456d)
 [1/30] SKIP old (pub=2026-08-15): Reflections of Music Vol. 111 渋谷毅
  [art] https://jazztokyo.org/column/inaoka/post-124078/
  [tab] created OK (67c5e8d6-24c5-44cb-9f6b-10cd1febdc41)
 [2/30] SKIP old (pub=2026-08-15): From the Editor’s Desk #28 渋谷毅との仕事
  [art] https://jazztokyo.org/all-about-jazz/post-124539/
  [tab] created OK (e383784e-9120-4c88-b936-6b9a399c8a18)
 [3/30] SKIP old (pub=2026-08-15): 30年後も、ビジョンは変わらない
  [art] https://jazztokyo.org/reviews/live-report/post-123924/
  [tab] created OK (48ab8fcc-9ec3-4b3e-8ce9-4d09db048a40)
 [4/30] SKIP old (pub=2026-08-15): #1424 コルトレーン・ナイト
  [art] https://jazztokyo.org/reviews/live-report/post-124027/
  [tab] created OK (6f553a3f-36f3-4308-aa44-fc2eecbebfe9)
 [5/30] SKIP old (pub=2026-08-15): #1423 ニューポート・ジャズフェス2026：アンジーヌ・ド・ポワトリーヌ、ロバート・グラスパー
  [art] https://jazztokyo.org/reviews/live-report/post-124377/
  [tab] created OK (855cf98b-1f5a-426c-80de-9033f76292b3)
 [6/30] SKIP old (pub=2026-08-15): #1422 Ben van Gelder & Reinier Baas (ベン・ヴァン・ゲルダー&レ
  [art] https://jazztokyo.org/reviews/live-report/post-124376/
  [tab] created OK (2b7966a3-ef21-4f3c-a717-83ae5959a543)
 [7/30] SKIP old (pub=2026-08-15): #1421『Polyphonia～森定道広によるポリフォニー作品に焦点を当てた新グループ、初公演』
  [art] https://jazztokyo.org/reviews/live-report/post-124112/
  [tab] created OK (31c06e72-2654-447e-8b39-2ab7839d9298)
 [8/30] SKIP old (pub=2026-08-15): #1420 権代敦彦 オペラ《ZEN》
  [art] https://jazztokyo.org/reviews/live-report/post-124299/
  [tab] created OK (9a893fd6-f039-4278-a9e4-afbb6b735661)
 [9/30] SKIP old (pub=2026-08-15): #1419 望月紅華ダンスカンパニー / 今来個ん – Konkokon –
  [art] https://jazztokyo.org/reviews/cd-dvd-review/post-124209/
  [tab] created OK (12536358-4c71-4982-ad10-95ffab52a480)
 [10/30] SKIP old (pub=2026-08-15): #1418 2026年7月、タツ青木
  [art] https://jazztokyo.org/reviews/live-report/post-124715/
  [tab] created OK (0200dd0d-9dfa-4350-a8a4-7086e7a990b3)
 [11/30] SKIP old (pub=2026-08-15): #1417 マリア・シュナイダー・オーケストラ
  [art] https://jazztokyo.org/reviews/sound-check/post-123995/
  [tab] created OK (31d9a52d-ee8f-4900-a2a1-919c420db7d6)
 [12/30] SKIP old (pub=2026-08-15): #25 『シンディ・ブラックマン・サンタナ／コヒーレンス』
  [art] https://jazztokyo.org/column/a-view-with-notes/post-124156/
  [tab] created OK (1c3c0538-4671-4cc7-8520-308a3eef1746)
 [13/30] SKIP old (pub=2026-08-15): （アーカイヴ）音の見える風景 Chapter 19 渋谷 毅　望月由美
  [art] https://jazztokyo.org/column/live-after-live/post-124004/
  [tab] created OK (178bf040-f522-4602-bc34-67be6be76aaa)
 [14/30] SKIP old (pub=2026-08-15): 小野健彦のLive after Live #553~#558
  [art] https://jazztokyo.org/column/kaze-wo-aruku/post-124002/
  [tab] created OK (e4d24bb4-5f8e-4baa-a922-1e3b39e42bb4)
 [15/30] SKIP old (pub=2026-08-15): #51 風巻 隆 「風を歩く」から～綱島「Namak Café／ナマック・カフェ」
  [art] https://jazztokyo.org/column/waka-to-jazz/post-124106/
  [tab] created OK (287c09f8-82e5-482d-a351-dbbed1390dac)
 [16/30] SKIP old (pub=2026-08-15): S-010　在原業平と「Can’t help falling in love」
  [art] https://jazztokyo.org/column/lagrange-point/post-124351/
  [tab] created OK (bf5aab7c-6f11-410f-9f3d-8db61c5fec6e)
 [17/30] SKIP old (pub=2026-08-15): 「オト・コトバ・ウタ」（9）　金野ONNYK吉晃
  [art] https://jazztokyo.org/column/special/post-124435/
  [tab] created OK (387224b6-747c-470c-b109-4368d20b19d4)
 [18/30] SKIP old (pub=2026-08-15): 「どこかで〜中村八大という人」 第１回　さがゆき
  [art] https://jazztokyo.org/reviews/cd-dvd-review/post-124176/
  [tab] created OK (baadd708-b198-4853-ade0-80d10dbb2759)
 [19/30] SKIP old (pub=2026-08-15): #2453 『Emmet Cohen / Universal Truth』
『エメット・コーエン／ユ
  [art] https://jazztokyo.org/reviews/cd-dvd-review/post-123941/
  [tab] created OK (3a997545-380b-4a92-9bdd-604ad9ff3c46)
 [20/30] SKIP old (pub=2026-08-15): #2452 『八巻志帆 / Evoke』
  [art] https://jazztokyo.org/reviews/cd-dvd-review/post-124438/
  [tab] created OK (c5dbc2bc-43ad-4b53-8dae-ce12102e1547)
 [21/30] SKIP old (pub=2026-08-15): #2451 『及川陽菜／ Short Songs』
  [art] https://jazztokyo.org/reviews/cd-dvd-review/post-124329/
  [tab] created OK (ee0b1b09-61db-4e58-a8ec-0672ab9a712f)
 [22/30] SKIP old (pub=2026-08-15): #2450 『TON・KLAMI』
  [art] https://jazztokyo.org/reviews/cd-dvd-review/post-124313/
  [tab] created OK (9ccf5b59-ec2a-4534-ad6c-44496a6a251a)
 [23/30] SKIP old (pub=2026-08-15): #2449 『Nonturn（米田 望） / Repeating Town』
  [art] https://jazztokyo.org/reviews/cd-dvd-review/post-124611/
  [tab] created OK (628b0fc9-2970-48d9-a977-976752acefdc)
 [24/30] SKIP old (pub=2026-08-15): #2448 『ギドン・ヌネス・ファズ~カール＝マーティン・アルムクヴィスト／池の中のかわず』『Gid
  [art] https://jazztokyo.org/reviews/cd-dvd-review/post-121464/
  [tab] created OK (8f5d8f9f-0a02-47aa-81b1-43e51d858db4)
 [25/30] SKIP old (pub=2026-08-15): #2447 『沼尾翔子／The Siwnin Sails ― 青い帆』
  [art] https://jazztokyo.org/news/post-124913/
  [tab] created OK (7014c719-b03f-446b-bf46-cb66810e90e8)
 [26/30] SKIP old (pub=2026-08-25): 「中平穂積・ジャズの記憶と記録」プロジェクト
~9/30 クラウド・ファンディングで資金調達
  [art] https://jazztokyo.org/news/post-124905/
  [tab] created OK (1b65d61a-187e-4c25-b374-48d6a79cb0bb)
 [27/30] SKIP old (pub=2026-08-23): 8/30『Jaz.in Plus』グランドオープン記念特別企画
海野雅威 ライブ＆トーク・セッション
  [art] https://jazztokyo.org/news/post-123978/
  [tab] created OK (fc0e2286-6aaf-4e36-96ef-1767ce912aad)
 [28/30] SKIP old (pub=2026-08-15): 9/15 須田晶子、柳原由佳、沢田穣治、石川広行 at 神田 神保町「月花舎」
  [art] https://jazztokyo.org/news/post-124373/
  [tab] created OK (84dc225a-7158-4b4c-bc99-24d9af453a69)
 [29/30] SKIP old (pub=2026-08-11): 豪州７都市を巡回「Japan Jazz Nights」
「日豪友好協力基本条約」署名50周年記念
  [art] https://jazztokyo.org/news/post-124055/
  [tab] created OK (6b72b57f-a5e9-4f9e-9bdc-da52c061732b)
 [30/30] SKIP old (pub=2026-08-05): 河合孝治著「マンガでわかる現代音楽入門〜世界は最初から鳴っていた」刊行

Results: total=0 in_window=0 non_music=0 old=30 no_date=0 errors=0
Wrote /home/liyifan/music-record/2026/08/2026-08-28/jazztokyo_reviews.json (0 items)
