Boomkat scraper — Today: 2026-08-25, Cutoff: 2026-08-24, Pages: 2, Limit: 100
Creating tab and navigating to New Releases...
Waiting 15s for CF challenge to clear...
CF check: Boomkat|50

=== Page 1 (https://boomkat.com/new-releases?show=100) ===
Found 50 products on page 1

=== Page 2 (https://boomkat.com/new-releases?show=100&page=2) ===
Found 50 products on page 2

Total unique products: 100
  OK — THE OTHER PEOPLE PLACE : Lifestyles Of The Laptop Café (2026-08-25)
  OK — Tzusing : 東方不敗 (2026-08-25)
  OK — STEPHEN O'MALLEY : Avaeken (2026-08-25)
  OK — Cities Aviv : EVEN COLDER SPRING (2026-08-25)
  OK — FLORENCE : A Requiem for Prime Time TV (2026-08-25)
  OK — CxBxT, Tujiko Noriko & Adrian Corker : .After Again (2026-08-25)
  OK — Wendy Eisenberg : Wendy Eisenberg (2026-08-25)
  OK — HTRK : Work (Work, Work) (2026-08-25)
  OK — ML Buch : Suntub (2026-08-25)
  OK — Cukor Bila Smert' : Recordings 1990-1993 (2026-08-25)
  OK — Tara Clerkin Trio : Somewhere Good (2026-08-25)
  OK — Pole : 1 2 3 (2026-08-25)
  OK — Resavoir, Matt Gold : Horizon (2026-08-25)
  OK — Biosphere : The Way Of Time (2026-08-25)
  OK — Various Artists : Dioses Tribales (2026-08-25)
  OK — Opéra De Nuit : Opéra De Nuit (2026-08-25)
  OK — Ezra Feinberg : Soft Power (2026-08-25)
  OK — Steve. : Out Of The Closet (2026-08-25)
  OK — Various Artists : Ethiopian Musics 1971 - Recorded by Ragnar Johnson and Ralph Harrisson (2026-08-25)
  OK — KOMET : Rausch (2026-08-25)
  OK — Kali Malone : The Sacrificial Code (2026-08-25)
  OK — QUIET LIGHT : BLUE ANGEL SPARKLING SILVER 2 (2026-08-25)
  OK — Mike Cooper : Stochastic Parrot (2026-08-25)
  OK — emer : Fog (2026-08-25)
  OK — Patricia Wolf : Hrafnamynd (2026-08-25)
  OK — Substance & Vainqueur, Skee Mask & More : Curation Three: Verraco (2026-08-25)
  OK — Void Control : The Other Side EP w/ Watkins Group Dub (2026-08-25)
  OK — Bushes & Klaus : Live at La Chunky (2026-08-25)
  OK — Emily A. Sprague : Noon Liquid Ore (2026-08-25)
  OK — Ezra Collective : Jubilee Feeling (2026-08-25)
  OK — John Carroll Kirby : First Position 2 (2026-08-25)
  OK — Jaga Jazzist and The Norwegian Radio Orchestra : Live with the Norwegian Radio Orchestra (2026-08-25)
  OK — ASONICSOUND : Doppelganger (2026-08-25)
  OK — Dis Fig : Psaltery (2026-08-25)
  OK — Arlo Parks, Jacques Greene : Heaven (Jacques Greene Remix) (2026-08-25)
  OK — Cabaret Voltaire : Don't Argue (7" Version, 2026 Remaster) (2026-08-25)
  OK — Simansky Valko Podracky : K-drone (2026-08-25)
  OK — Roy Wright : Alone b/w You Changed My Whole Life (2026-08-25)
  OK — Sander de Keere : Pt. 4 (2026-08-25)
  OK — The Vocalaires : I Love The Lord b/w He Knows (2026-08-25)
  OK — Elliott Skinner and Jensen McRae : THAT KID (2026-08-25)
  OK — Felicia Atkinson & Christina Vantzou : Reflections Vol. 3: Water Poems (2026-08-25)
  OK — RACHEL'S : Handwriting (2026-08-25)
  OK — inrain : Rise (2026-08-25)
  OK — Sunn O))) : sunn O))) (2026-08-25)
  OK — Frances Chang : I can feel the waves (2026-08-25)
  OK — LUSINE : Sensorimotor (2026-08-25)
  OK — Marco Cassanelli : Visions EP (2026-08-25)
  OK — Pessimist : Pony Boy Club EP (2026-08-25)
  OK — JOSEPHINE FOSTER : No More Lamps In The Morning (2026-08-25)
  OK — Blanck Mass : Crime 101 (Original Motion Picture Soundtrack) (2026-08-24)
  OK — LUSINE : A Certain Distance (2026-08-24)
  OK — Oceanic : ICI (2026-08-24)
  OK — Midori Hirano : The Juniper Tree & Good Bye (2026-08-24)
  OK — SHYRKA : Afflictions EP (2026-08-24)
  OK — Benny Sings : You Love Me (2026-08-24)
  OK — The Chills : Sunburnt (2026-08-24)
  OK — Joey Gilmore : Time To Get With It (2026-08-24)
  OK — The Mondellos : You'll Never Know (2026-08-24)
  OK — Danny L Harle & Sasha & Julia Michaels : Raft In The Sea (Sasha Remixes) (2026-08-24)
  OK — Bonobo and Nicole Miglis : Talk to Me (2026-08-24)
  OK — Manuel Göttsching : E2-E4 (2026-08-24)
  OK — GB : Herzsprung (2026-08-24)
  OK — Ghost Dubs : Damaged (2026-08-24)
  OK — TYONDAI BRAXTON : Splayed Werks (2026-08-24)
  OK — Frances Chang : been thinking bout confession (2026-08-24)
  OK — Barnt : Geffen (2026-08-24)
  OK — Lyeform : Vintage Gilly (2026-08-24)
  OK — Carrier : Thresholds (2026-08-24)
  OK — YHWH Nailgun : Magazine (2026-08-24)
  OK — Kotaro Maruyama : Vapor Curve (2026-08-24)
  OK — Darlynn : Dyke Den (2026-08-24)
  OK — SWELL MAPS : The John Peel Sessions (2026-08-24)
  OK — Mark Jenkin : The Rose Of Nevada (Original Score) (2026-08-24)
  OK — Christer Bothén, Oren Ambarchi, Johan Berthling, Andreas Werliin : Serpentine (2026-08-24)
  OK — Anne Clark : Our Darkness (2026-08-24)
  OK — White Light & Jo Bogaert : Whale (2026-08-24)
  OK — Intertoto x Michael J. Blood : If I Take You Home (Michael J. Blood Mixes) (2026-08-24)
  OK — Sa Pa : Girls on Tour EP (2026-08-24)
  OK — LUSINE : Melting Days (2026-08-24)
  OK — K. Freund : Window Left Open (2026-08-24)
  OK — Regina Collage : Horizont (2026-08-24)
  OK — Daniel Pineda : Landlocked (2026-08-24)
  OK — Kirk Barley : Arc (2026-08-24)
  OK — Dinosaur Jr. : I Bet on Sky (2026-08-24)
  OK — Charanjit Singh : Synthesizing: Ten Ragas To A Disco Beat (2026-08-24)
  OK — LAMBCHOP : Punching the Clown (2026-08-24)
  OK — Julia Holter : Materia (2026-08-24)
  OK — Lovely Dave : Lovely Dave (2026-08-24)
  OK — Various Artists : AMERICAN DUB ELECTRONICS (2026-08-24)
  OK — aisie : Black Fire Dream (2026-08-24)
  OK — John Coltrane : Meditations (Verve Vault) (2026-08-24)
  OK — Various Artists : My Heart is Dust Before Him: 21st Century Gasba from Algeria (2026-08-24)
  OK — AKUFEN : Architextures 1 -2 -3 (2026-08-24)
  OK — Various Artists : Never Say When (2026-08-24)
  OK — Francesca Gaza and Kugelförmigkeit Ensemble : Crown Shyness (2026-08-24)
  OK — Black Marble : Life in Small Spaces (2026-08-24)
  OK — Guiding Light : Fear on My Own Time (2026-08-24)
  OK — Giraffe : The Towering Inferno With Bongo Drums (2026-08-24)
  OK — Various Artists : Sofa Singles Club #3 (2026-08-24)

=== Visiting 100 product pages for full body ===
  [1/100] THE OTHER PEOPLE PLACE : Lifestyles Of The Laptop Café...
    body: 1185 chars
  [2/100] Tzusing : 東方不敗...
    body: 1328 chars
  [3/100] STEPHEN O'MALLEY : Avaeken...
    body: 2468 chars
  [4/100] Cities Aviv : EVEN COLDER SPRING...
    body: 4051 chars
  [5/100] FLORENCE : A Requiem for Prime Time TV...
    body: 3677 chars
  [6/100] CxBxT, Tujiko Noriko & Adrian Corker : .After Again...
    body: 1688 chars
  [7/100] Wendy Eisenberg : Wendy Eisenberg...
    body: 2142 chars
  [8/100] HTRK : Work (Work, Work)...
    body: 1544 chars
  [9/100] ML Buch : Suntub...
    body: 4200 chars
  [10/100] Cukor Bila Smert' : Recordings 1990-1993...
    body: 3990 chars
  [11/100] Tara Clerkin Trio : Somewhere Good...
    body: 2908 chars
  [12/100] Pole : 1 2 3...
    body: 2427 chars
  [13/100] Resavoir, Matt Gold : Horizon...
    body: 5336 chars
  [14/100] Biosphere : The Way Of Time...
    body: 1552 chars
  [15/100] Various Artists : Dioses Tribales...
    body: 3844 chars
  [16/100] Opéra De Nuit : Opéra De Nuit...
    body: 1469 chars
  [17/100] Ezra Feinberg : Soft Power...
    body: 3067 chars
  [18/100] Steve. : Out Of The Closet...
    body: 1708 chars
  [19/100] Various Artists : Ethiopian Musics 1971 - Recorded by Ragn...
    body: 2488 chars
  [20/100] KOMET : Rausch...
    body: 339 chars
  [21/100] Kali Malone : The Sacrificial Code...
    body: 1874 chars
  [22/100] QUIET LIGHT : BLUE ANGEL SPARKLING SILVER 2...
    body: 1662 chars
  [23/100] Mike Cooper : Stochastic Parrot...
    body: 1551 chars
  [24/100] emer : Fog...
    body: 1490 chars
  [25/100] Patricia Wolf : Hrafnamynd...
    body: 1475 chars
  [26/100] Substance & Vainqueur, Skee Mask & More : Curation Three: Verraco...
    body: 811 chars
  [27/100] Void Control : The Other Side EP w/ Watkins Group Dub...
    body: 613 chars
  [28/100] Bushes & Klaus : Live at La Chunky...
    body: 64 chars
  [29/100] Emily A. Sprague : Noon Liquid Ore...
    body: 570 chars
  [30/100] Ezra Collective : Jubilee Feeling...
    body: 626 chars
  [31/100] John Carroll Kirby : First Position 2...
    body: 628 chars
  [32/100] Jaga Jazzist and The Norwegian Radio Orchestra : Live with the Norwegian Radio Orchestra...
    body: 1004 chars
  [33/100] ASONICSOUND : Doppelganger...
    body: 1664 chars
  [34/100] Dis Fig : Psaltery...
    body: 612 chars
  [35/100] Arlo Parks, Jacques Greene : Heaven (Jacques Greene Remix)...
    body: 821 chars
  [36/100] Cabaret Voltaire : Don't Argue (7" Version, 2026 Remaster)...
    body: 888 chars
  [37/100] Simansky Valko Podracky : K-drone...
    body: 1284 chars
  [38/100] Roy Wright : Alone b/w You Changed My Whole Life...
    body: 822 chars
  [39/100] Sander de Keere : Pt. 4...
    body: 772 chars
  [40/100] The Vocalaires : I Love The Lord b/w He Knows...
    body: 808 chars
  [41/100] Elliott Skinner and Jensen McRae : THAT KID...
    body: 790 chars
  [42/100] Felicia Atkinson & Christina Vantzou : Reflections Vol. 3: Water Poems...
    body: 1857 chars
  [43/100] RACHEL'S : Handwriting...
    body: 2170 chars
  [44/100] inrain : Rise...
    body: 1696 chars
  [45/100] Sunn O))) : sunn O)))...
    body: 2279 chars
  [46/100] Frances Chang : I can feel the waves...
    body: 1717 chars
  [47/100] LUSINE : Sensorimotor...
    body: 775 chars
  [48/100] Marco Cassanelli : Visions EP...
    body: 507 chars
  [49/100] Pessimist : Pony Boy Club EP...
    body: 942 chars
  [50/100] JOSEPHINE FOSTER : No More Lamps In The Morning...
    body: 1250 chars
  [51/100] Blanck Mass : Crime 101 (Original Motion Picture Sound...
    body: 1656 chars
  [52/100] LUSINE : A Certain Distance...
    body: 494 chars
  [53/100] Oceanic : ICI...
    body: 1241 chars
  [54/100] Midori Hirano : The Juniper Tree & Good Bye...
    body: 870 chars
  [55/100] SHYRKA : Afflictions EP...
    body: 1191 chars
  [56/100] Benny Sings : You Love Me...
    body: 618 chars
  [57/100] The Chills : Sunburnt...
    body: 3227 chars
  [58/100] Joey Gilmore : Time To Get With It...
    body: 634 chars
  [59/100] The Mondellos : You'll Never Know...
    body: 630 chars
  [60/100] Danny L Harle & Sasha & Julia Michaels : Raft In The Sea (Sasha Remixes)...
    body: 1245 chars
  [61/100] Bonobo and Nicole Miglis : Talk to Me...
    body: 1133 chars
  [62/100] Manuel Göttsching : E2-E4...
    body: 1390 chars
  [63/100] GB : Herzsprung...
    body: 1825 chars
  [64/100] Ghost Dubs : Damaged...
    body: 2239 chars
  [65/100] TYONDAI BRAXTON : Splayed Werks...
    body: 4998 chars
  [66/100] Frances Chang : been thinking bout confession...
    body: 1996 chars
  [67/100] Barnt : Geffen...
    body: 522 chars
  [68/100] Lyeform : Vintage Gilly...
    body: 628 chars
  [69/100] Carrier : Thresholds...
    body: 1538 chars
  [70/100] YHWH Nailgun : Magazine...
    body: 2890 chars
  [71/100] Kotaro Maruyama : Vapor Curve...
    body: 1260 chars
  [72/100] Darlynn : Dyke Den...
    body: 1713 chars
  [73/100] SWELL MAPS : The John Peel Sessions...
    body: 1444 chars
  [74/100] Mark Jenkin : The Rose Of Nevada (Original Score)...
    body: 1638 chars
  [75/100] Christer Bothén, Oren Ambarchi, Johan Berthling, Andreas Werliin : Serpentine...
    body: 2079 chars
  [76/100] Anne Clark : Our Darkness...
    body: 1331 chars
  [77/100] White Light & Jo Bogaert : Whale...
    body: 737 chars
  [78/100] Intertoto x Michael J. Blood : If I Take You Home (Michael J. Blood Mix...
    body: 630 chars
  [79/100] Sa Pa : Girls on Tour EP...
    body: 1110 chars
  [80/100] LUSINE : Melting Days...
    body: 1420 chars
  [81/100] K. Freund : Window Left Open...
    body: 1450 chars
  [82/100] Regina Collage : Horizont...
    body: 2375 chars
  [83/100] Daniel Pineda : Landlocked...
    body: 1516 chars
  [84/100] Kirk Barley : Arc...
    body: 1895 chars
  [85/100] Dinosaur Jr. : I Bet on Sky...
    body: 1646 chars
  [86/100] Charanjit Singh : Synthesizing: Ten Ragas To A Disco Beat...
    body: 1437 chars
  [87/100] LAMBCHOP : Punching the Clown...
    body: 1264 chars
  [88/100] Julia Holter : Materia...
    body: 3306 chars
  [89/100] Lovely Dave : Lovely Dave...
    body: 886 chars
  [90/100] Various Artists : AMERICAN DUB ELECTRONICS...
    body: 1720 chars
  [91/100] aisie : Black Fire Dream...
    body: 1314 chars
  [92/100] John Coltrane : Meditations (Verve Vault)...
    body: 1099 chars
  [93/100] Various Artists : My Heart is Dust Before Him: 21st Centur...
    body: 1070 chars
  [94/100] AKUFEN : Architextures 1 -2 -3...
    body: 1179 chars
  [95/100] Various Artists : Never Say When...
    body: 673 chars
  [96/100] Francesca Gaza and Kugelförmigkeit Ensemble : Crown Shyness...
    body: 2252 chars
  [97/100] Black Marble : Life in Small Spaces...
    body: 2374 chars
  [98/100] Guiding Light : Fear on My Own Time...
    body: 2098 chars
  [99/100] Giraffe : The Towering Inferno With Bongo Drums...
    body: 2498 chars
  [100/100] Various Artists : Sofa Singles Club #3...
    body: 1502 chars

Total: 100 items
Closed tab 18b70b0d-4d92-415c-b5de-58c937fea0a2
