JazzTokyo (resilient) — now=2026-08-25T20:17:13.561324+00:00 cutoff=2026-08-24T08:17:13.561324+00:00

=== Listing https://jazztokyo.org/ ===
  [tab] created OK (aaaf0770-2c84-4733-9fe0-a259c9770c75)
  [list] found 37 post links

=== Listing https://jazztokyo.org/page/2/ ===
  [tab] created OK (f50e3bca-4a96-4dfc-971a-620bd8e4f468)
  [list] found 36 post links

Total unique candidates: 41
  [art] https://jazztokyo.org/column/reflection-of-music/post-123933/
  [tab] created OK (1b0919c2-c212-4c23-9bd8-40b3f7bb30c8)
 [1/30] SKIP old (pub=2026-08-15): Reflections of Music Vol. 111 渋谷毅
  [art] https://jazztokyo.org/column/inaoka/post-124078/
  [tab] created OK (39fcaa34-d6ab-4f14-a3aa-d3427b92c5a5)
 [2/30] SKIP old (pub=2026-08-15): From the Editor’s Desk #28 渋谷毅との仕事
  [art] https://jazztokyo.org/all-about-jazz/post-124539/
  [tab] created OK (4576dacf-602a-4ea4-be0b-dcc936d97fcc)
 [3/30] SKIP old (pub=2026-08-15): 30年後も、ビジョンは変わらない
  [art] https://jazztokyo.org/reviews/live-report/post-123924/
  [tab] created OK (62d876e0-8bca-4f2a-b730-8fefcf2bc64b)
 [4/30] SKIP old (pub=2026-08-15): #1424 コルトレーン・ナイト
  [art] https://jazztokyo.org/reviews/live-report/post-124027/
  [tab] created OK (030fd40f-9b7e-4b0c-b0de-bbe55c7f5c30)
 [5/30] SKIP old (pub=2026-08-15): #1423 ニューポート・ジャズフェス2026：アンジーヌ・ド・ポワトリーヌ、ロバート・グラスパー
  [art] https://jazztokyo.org/reviews/live-report/post-124377/
  [tab] created OK (5bfcd855-f637-447a-87e8-d61fe4cdb67f)
 [6/30] SKIP old (pub=2026-08-15): #1422 Ben van Gelder & Reinier Baas (ベン・ヴァン・ゲルダー&レ
  [art] https://jazztokyo.org/reviews/live-report/post-124376/
  [tab] created OK (dff61c5b-b506-4e56-b662-16d25ee26e2c)
 [7/30] SKIP old (pub=2026-08-15): #1421『Polyphonia～森定道広によるポリフォニー作品に焦点を当てた新グループ、初公演』
  [art] https://jazztokyo.org/reviews/live-report/post-124112/
  [tab] created OK (22543c43-357f-47e7-8e8d-2c9b7adec32f)
 [8/30] SKIP old (pub=2026-08-15): #1420 権代敦彦 オペラ《ZEN》
  [art] https://jazztokyo.org/reviews/live-report/post-124299/
  [tab] created OK (ece5518f-8896-4e45-bf01-39386d9051ce)
 [9/30] SKIP old (pub=2026-08-15): #1419 望月紅華ダンスカンパニー / 今来個ん – Konkokon –
  [art] https://jazztokyo.org/reviews/cd-dvd-review/post-124209/
  [tab] created OK (79996ce1-620f-49a3-84bf-27adcf09d082)
 [10/30] SKIP old (pub=2026-08-15): #1418 2026年7月、タツ青木
  [art] https://jazztokyo.org/reviews/live-report/post-124715/
  [tab] created OK (56cd6327-6f11-4237-b514-7f0b48db3dec)
 [11/30] SKIP old (pub=2026-08-15): #1417 マリア・シュナイダー・オーケストラ
  [art] https://jazztokyo.org/reviews/sound-check/post-123995/
  [tab] created OK (c65975b1-66da-469b-9b03-478f04cf3f1f)
 [12/30] SKIP old (pub=2026-08-15): #25 『シンディ・ブラックマン・サンタナ／コヒーレンス』
  [art] https://jazztokyo.org/column/a-view-with-notes/post-124156/
  [tab] created OK (511f6a58-fe6f-42ea-b1e8-4dd56d4f1fdc)
 [13/30] SKIP old (pub=2026-08-15): （アーカイヴ）音の見える風景 Chapter 19 渋谷 毅　望月由美
  [art] https://jazztokyo.org/column/live-after-live/post-124004/
  [tab] created OK (3cce2c3b-4684-43cc-a532-cba0a05aed09)
 [14/30] SKIP old (pub=2026-08-15): 小野健彦のLive after Live #553~#558
  [art] https://jazztokyo.org/column/kaze-wo-aruku/post-124002/
  [tab] created OK (bd40af17-0286-4872-aba4-bae5df67007d)
 [15/30] SKIP old (pub=2026-08-15): #51 風巻 隆 「風を歩く」から～綱島「Namak Café／ナマック・カフェ」
  [art] https://jazztokyo.org/column/waka-to-jazz/post-124106/
  [tab] created OK (d2813391-a9cd-4337-a39f-9cb280f9d772)
 [16/30] SKIP old (pub=2026-08-15): S-010　在原業平と「Can’t help falling in love」
  [art] https://jazztokyo.org/column/lagrange-point/post-124351/
  [tab] created OK (20cd63a8-83f8-4b1e-8178-1c1ad6c73b8c)
 [17/30] SKIP old (pub=2026-08-15): 「オト・コトバ・ウタ」（9）　金野ONNYK吉晃
  [art] https://jazztokyo.org/column/special/post-124435/
  [tab] created OK (8aa15088-2941-4999-9049-885f998f1e01)
 [18/30] SKIP old (pub=2026-08-15): 「どこかで〜中村八大という人」 第１回　さがゆき
  [art] https://jazztokyo.org/reviews/cd-dvd-review/post-124176/
  [tab] created OK (cfa78f87-8d64-47a8-9254-7378941b7354)
 [19/30] SKIP old (pub=2026-08-15): #2453 『Emmet Cohen / Universal Truth』
『エメット・コーエン／ユ
  [art] https://jazztokyo.org/reviews/cd-dvd-review/post-123941/
  [tab] created OK (be52552f-64c8-436c-8fba-39c29a19bad6)
 [20/30] SKIP old (pub=2026-08-15): #2452 『八巻志帆 / Evoke』
  [art] https://jazztokyo.org/reviews/cd-dvd-review/post-124438/
  [tab] created OK (2faf6c12-2e0a-4f17-a65a-e669a89cd1e2)
 [21/30] SKIP old (pub=2026-08-15): #2451 『及川陽菜／ Short Songs』
  [art] https://jazztokyo.org/reviews/cd-dvd-review/post-124329/
  [tab] created OK (1efd46f5-209c-41a8-8592-ed323a60fed6)
 [22/30] SKIP old (pub=2026-08-15): #2450 『TON・KLAMI』
  [art] https://jazztokyo.org/reviews/cd-dvd-review/post-124313/
  [tab] created OK (982d1a33-dcc7-4e5c-bd1d-a5bef9f862fb)
 [23/30] SKIP old (pub=2026-08-15): #2449 『Nonturn（米田 望） / Repeating Town』
  [art] https://jazztokyo.org/reviews/cd-dvd-review/post-124611/
  [tab] POST /tabs returned 500: {"error":"Internal server error","retryable":false}
  [tab] checking existing tabs...
  [tab] recovered existing tab 8e0d3edd-a373-45d8-903e-604eec94e41c url=about:blank
  [tab] using recovered tab 8e0d3edd-a373-45d8-903e-604eec94e41c (will wait for body)
 [24/30] SKIP old (pub=2026-08-15): #2448 『ギドン・ヌネス・ファズ~カール＝マーティン・アルムクヴィスト／池の中のかわず』『Gid
  [art] https://jazztokyo.org/reviews/cd-dvd-review/post-121464/
  [tab] created OK (cddbc5f6-2ec2-4c8c-a17f-420921de93e9)
 [25/30] SKIP no-date: https://jazztokyo.org/reviews/cd-dvd-review/post-121464/
  [art] https://jazztokyo.org/news/post-124913/
  [tab] created OK (e6fb4531-61aa-4c0b-b4ab-388ca0881004)
 [26/30] KEPT (feature, 2026-08-25): 「中平穂積・ジャズの記憶と記録」プロジェクト
~9/30 クラウド・ファンディングで資金調達
  [art] https://jazztokyo.org/news/post-124905/
  [tab] created OK (baf14966-9a79-4c0f-9632-1fa13370f623)
 [27/30] SKIP old (pub=2026-08-23): 8/30『Jaz.in Plus』グランドオープン記念特別企画
海野雅威 ライブ＆トーク・セッション
  [art] https://jazztokyo.org/news/post-123978/
  [tab] created OK (2129548b-9f86-43e0-9e72-be9059819150)
 [28/30] SKIP no-date: https://jazztokyo.org/news/post-123978/
  [art] https://jazztokyo.org/news/post-124373/
  [tab] created OK (ca630053-9cea-45d8-88b9-b2857be5c8e2)
 [29/30] SKIP old (pub=2026-08-11): 豪州７都市を巡回「Japan Jazz Nights」
「日豪友好協力基本条約」署名50周年記念
  [art] https://jazztokyo.org/news/post-124055/
  [tab] created OK (47fb40fd-edf7-4c06-95d2-57e3587fd922)
 [30/30] SKIP old (pub=2026-08-05): 河合孝治著「マンガでわかる現代音楽入門〜世界は最初から鳴っていた」刊行

Results: total=1 in_window=1 non_music=0 old=27 no_date=2 errors=0
Wrote /home/liyifan/music-record/2026/08/2026-08-26/jazztokyo_reviews.json (1 items)
EXIT=0
