Boomkat scraper — Today: 2026-06-28, Cutoff: 2026-06-27, Pages: 2, Limit: 100
Creating tab and navigating to New Releases...

=== Page 1 ===
Found 50 products on page 1

=== Page 2 ===
Found 50 products on page 2

Total unique products: 100
  OK — Various Artists : Virtual Dreams II - Ambient Explorations In The House & Techno Age, Japan 1993-1999 (2026-06-27)
  OK — Victoria Mingot : God Spill (2026-06-27)
  OK — A Good Year : Play (2026-06-27)
  OK — Ronald Langestraat : Searching (2026-06-27)
  OK — Organ of Corti, Bill Orcutt : Percussio / Economy & Discipline (2026-06-27)
  OK — KADAPT & Nova Ruth featuring Siko Setyanto : Ocean Cage (2026-06-27)
  OK — KiMiMi : ИМА (イマ) (2026-06-27)
  OK — Basic Rhythm : 8 Bar Techno (2026-06-27)
  OK — Tran Uy Duc : ByyShh (2026-06-27)
  OK — Brannten Schnüre : Geträumt hab ich vom Martinszug (2026-06-27)
  OK — GÖRL : Dark Silver Moon Light (2026-06-27)
  OK — Zsela, Daniel Aged, Taul Katz : 4 Dreams (2026-06-27)
  OK — CURRENT 93 : Nature Unveiled (2026-06-27)
  OK — John Coltrane : Ascension (Edition I & II) (Verve Vault) (2026-06-27)
  OK — Mor Elian : Built In Waves (2026-06-27)
  OK — Various Artists : Documents Of Different Reality (2026-06-27)
  OK — Takkak Takkak : Abu (2026-06-27)
  OK — Turn On The Sunlight : Iseo (2026-06-27)
  OK — Lolina : Monopoly of Mistakes (2026-06-27)
  OK — Shawescape Renegade : Exoframe (2026-06-27)
  OK — Cindy : I'm Cindy (2026-06-27)
  OK — Taiga Ultan : Shade Zero (2026-06-27)
  OK — TIBSLC : City of Something (2026-06-27)
  OK — Eera : Just Keep Holding On (2026-06-27)
  OK — SML : Spontaneous Music Live (2026-06-27)
  OK — Concepción Huerta : El Sol de los Muertos (2026-06-27)
  OK — DJ GAWAD & Pierre Pepe : Dove (2026-06-27)
  OK — The Sprigs : For Red Riverbank (2026-06-27)
  OK — Oliver Coates : Pillion (Original Soundtrack) (2026-06-27)
  OK — Wendy Eisenberg : Wendy Eisenberg (2026-06-27)
  OK — Keith Hudson : Playing It Cool & Playing It Right (2026-06-27)
  OK — heimelektronik & MAS 2008 : Electronic Corporation 1998-2006 (2026-06-27)
  OK — Deutsche Schäferhunde : Kein Abschied (2026-06-27)
  OK — M. Geddes Gengras : Guest List (2026-06-27)
  OK — Emahoy Tsege Mariam Gebru : Souvenirs (2026-06-27)
  OK — Astrid Sonne : Great Doubt (2026-06-27)
  OK — Earth Ball : Actual Earth Music - Volume 3 & 4 (2026-06-27)
  OK — Chanel Beads : Your Day Will Come (2026-06-27)
  OK — SWANS : LIVE ROPE (2026-06-27)
  OK — Artefakt & KMRU : Collaborations III (2026-06-27)
  OK — Kennedy : Dream 5 (2026-06-27)
  OK — Inox Traxx : Love Letter (2026-06-27)
  OK — Various Artists : BURGERS FOR MY NEW LIFE (2026-06-27)
  OK — JAN JELINEK : Loop Finding Jazz Records (2026-06-27)
  OK — Kryptic Minds : The Things They Left Behind (2026-06-27)
  OK — Kelan Phil Cohran & Legacy : African Skies (2026-06-27)
  OK — Various Artists : Let Me Perish Without Return: Lament and Longing from the Fading Russian Empire, 1889-1917 (2026-06-27)
  OK — Mr Fingers : Leev Ur Mynd (2026-06-27)
  OK — Lekan Animashaun : Low Profile (2026-06-27)
  OK — BCMC : Stash (2026-06-27)

=== Visiting 50 product pages for full body ===
  [1/50] Various Artists : Virtual Dreams II - Ambient Explorations...
    body: 2291 chars
  [2/50] Victoria Mingot : God Spill...
    body: 1190 chars
  [3/50] A Good Year : Play...
    body: 1549 chars
  [4/50] Ronald Langestraat : Searching...
    body: 1084 chars
  [5/50] Organ of Corti, Bill Orcutt : Percussio / Economy & Discipline...
    body: 1196 chars
  [6/50] KADAPT & Nova Ruth featuring Siko Setyanto : Ocean Cage...
    body: 2244 chars
  [7/50] KiMiMi : ИМА (イマ)...
    body: 2816 chars
  [8/50] Basic Rhythm : 8 Bar Techno...
    body: 1370 chars
  [9/50] Tran Uy Duc : ByyShh...
    body: 1724 chars
  [10/50] Brannten Schnüre : Geträumt hab ich vom Martinszug...
    body: 1863 chars
  [11/50] GÖRL : Dark Silver Moon Light...
    body: 1583 chars
  [12/50] Zsela, Daniel Aged, Taul Katz : 4 Dreams...
    body: 2165 chars
  [13/50] CURRENT 93 : Nature Unveiled...
    body: 1558 chars
  [14/50] John Coltrane : Ascension (Edition I & II) (Verve Vault)...
    body: 3026 chars
  [15/50] Mor Elian : Built In Waves...
    body: 1186 chars
  [16/50] Various Artists : Documents Of Different Reality...
    body: 2383 chars
  [17/50] Takkak Takkak : Abu...
    body: 1543 chars
  [18/50] Turn On The Sunlight : Iseo...
    body: 2928 chars
  [19/50] Lolina : Monopoly of Mistakes...
    body: 1998 chars
  [20/50] Shawescape Renegade : Exoframe...
    body: 1336 chars
  [21/50] Cindy : I'm Cindy...
    body: 1391 chars
  [22/50] Taiga Ultan : Shade Zero...
    body: 1280 chars
  [23/50] TIBSLC : City of Something...
    body: 1429 chars
  [24/50] Eera : Just Keep Holding On...
    body: 1531 chars
  [25/50] SML : Spontaneous Music Live...
    body: 2257 chars
  [26/50] Concepción Huerta : El Sol de los Muertos...
    body: 2387 chars
  [27/50] DJ GAWAD & Pierre Pepe : Dove...
    body: 403 chars
  [28/50] The Sprigs : For Red Riverbank...
    body: 3355 chars
  [29/50] Oliver Coates : Pillion (Original Soundtrack)...
    body: 1014 chars
  [30/50] Wendy Eisenberg : Wendy Eisenberg...
    body: 4316 chars
  [31/50] Keith Hudson : Playing It Cool & Playing It Right...
    body: 4244 chars
  [32/50] heimelektronik & MAS 2008 : Electronic Corporation 1998-2006...
    body: 1928 chars
  [33/50] Deutsche Schäferhunde : Kein Abschied...
    body: 1620 chars
  [34/50] M. Geddes Gengras : Guest List...
    body: 4595 chars
  [35/50] Emahoy Tsege Mariam Gebru : Souvenirs...
    body: 2812 chars
  [36/50] Astrid Sonne : Great Doubt...
    body: 3019 chars
  [37/50] Earth Ball : Actual Earth Music - Volume 3 & 4...
    body: 2615 chars
  [38/50] Chanel Beads : Your Day Will Come...
    body: 1259 chars
  [39/50] SWANS : LIVE ROPE...
    body: 620 chars
  [40/50] Artefakt & KMRU : Collaborations III...
    body: 973 chars
  [41/50] Kennedy : Dream 5...
    body: 1924 chars
  [42/50] Inox Traxx : Love Letter...
    body: 492 chars
  [43/50] Various Artists : BURGERS FOR MY NEW LIFE...
    body: 1692 chars
  [44/50] JAN JELINEK : Loop Finding Jazz Records...
    body: 1638 chars
  [45/50] Kryptic Minds : The Things They Left Behind...
    body: 1579 chars
  [46/50] Kelan Phil Cohran & Legacy : African Skies...
    body: 2744 chars
  [47/50] Various Artists : Let Me Perish Without Return: Lament and...
    body: 970 chars
  [48/50] Mr Fingers : Leev Ur Mynd...
    body: 1311 chars
  [49/50] Lekan Animashaun : Low Profile...
    body: 1956 chars
  [50/50] BCMC : Stash...
    body: 2822 chars

Total: 50 items
Closed tab 8ad1a997-bd80-431b-97d7-d448ada4aae1
