Boomkat scraper — Today: 2026-08-20, Cutoff: 2026-08-19, Pages: 2, Limit: 100
Creating tab and navigating to New Releases...
Waiting 15s for CF challenge to clear...
CF check: Boomkat|50

=== Page 1 ===
Found 50 products on page 1

=== Page 2 ===
Found 50 products on page 2

Total unique products: 100
  OK — Felicia Atkinson & Christina Vantzou : Reflections Vol. 3: Water Poems (2026-08-20)
  OK — Various Artists : Aftermath And Transitions (Traces Of The Ukrainian Underground In Cologne 1994-1996) (2026-08-20)
  OK — THE WIRE : Issue 511: September 2026 (2026-08-20)
  OK — Ghost Dubs : Damaged (2026-08-20)
  OK — Frances Chang : been thinking bout confession (2026-08-20)
  OK — Barnt : Geffen (2026-08-20)
  OK — Carrier : Thresholds (2026-08-20)
  OK — YHWH Nailgun : Magazine (2026-08-20)
  OK — Kotaro Maruyama : Vapor Curve (2026-08-20)
  OK — Darlynn : Dyke Den (2026-08-20)
  OK — SWELL MAPS : The John Peel Sessions (2026-08-20)
  OK — Mark Jenkin : The Rose Of Nevada (Original Score) (2026-08-20)
  OK — Christer Bothén, Oren Ambarchi, Johan Berthling, Andreas Werliin : Serpentine (2026-08-20)
  OK — JAN JELINEK : Loop Finding Jazz Records (2026-08-20)
  OK — Anne Clark : Our Darkness (2026-08-20)
  OK — Manuel Göttsching : E2-E4 (2026-08-20)
  OK — Intertoto x Michael J. Blood : If I Take You Home (Michael J. Blood Mixes) (2026-08-20)
  OK — Sa Pa : Girls on Tour EP (2026-08-20)
  OK — Daniel Pineda : Landlocked (2026-08-20)
  OK — Kirk Barley : Arc (2026-08-20)
  OK — GB : Herzsprung (2026-08-20)
  OK — Various Artists : Sound And Experiment X Museum Brandhorst (2026-08-20)
  OK — Dinosaur Jr. : I Bet on Sky (2026-08-20)
  OK — Kali Malone : The Sacrificial Code (2026-08-20)
  OK — Charanjit Singh : Synthesizing: Ten Ragas To A Disco Beat (2026-08-20)
  OK — Cities Aviv : EVEN COLDER SPRING (2026-08-20)
  OK — Julia Holter : Materia (2026-08-20)
  OK — Marco Cassanelli : Visions EP (2026-08-20)
  OK — Natalia Beylis : Around Here, The Birds Plant The Trees (2026-08-20)
  OK — Lovely Dave : Lovely Dave (2026-08-20)
  OK — Various Artists : AMERICAN DUB ELECTRONICS (2026-08-20)
  OK — aisie : Black Fire Dream (2026-08-20)
  OK — John Coltrane : Meditations (Verve Vault) (2026-08-20)
  OK — Bill Laswell + P.ST : Mount Analogue (2026-08-20)
  OK — AKUFEN : Architextures 1 -2 -3 (2026-08-20)
  OK — JOSEPHINE FOSTER & THE VICTOR HERRERO BAND : Anda Jaleo / Perlas (2026-08-20)
  OK — SEVERED HEADS : Cuisine (2026-08-20)
  OK — JOSEPHINE FOSTER & THE VICTOR HERRERO BAND : Anda Jaleo (2026-08-20)
  OK — Jad Atoui : It Will Take Forever (2026-08-20)
  OK — JOSEPHINE FOSTER & THE VICTOR HERRERO BAND : Perlas (2026-08-20)
  OK — Various Artists : Never Say When (2026-08-20)
  OK — Happy Mondays : Pills 'n' Thrills and Bellyaches (2026-08-20)
  OK — Chestnut People, Priori & Ludwig A.F. : Chestnut People Volume 2 (2026-08-20)
  OK — Glen Paul : I'm Broke b/w Road To Nowhere (2026-08-20)
  OK — The Ravens : Moon Over My Window b/w The Shuck (2026-08-20)
  OK — Dylan Henner : I'm Writing a New Song Every Month from One Birthday til the Next: August (2026-08-20)
  OK — CARMEN VILLAIN : Blue (2026-08-20)
  OK — Elder Island & Dam Swindle : Pink Lemon (Dam Swindle Remix) (2026-08-20)
  OK — ARTISOMA and MUADEEP : Koji (2026-08-20)
  OK — Harvey Causon : Anatomic Silence (2026-08-20)
  OK — Murex : Mothers Bells (2026-08-20)
  OK — Belle and Sebastian : Push Barman To Open Old Wounds Vol. 2 (2026-08-20)
  OK — TIBSLC : City of Something (2026-08-20)
  OK — MAD PROFESSOR : Melodies International presents Ariwa Sounds (2026-08-20)
  OK — GAS : November 89 (2026-08-20)
  OK — Evil Graham Lee : I Think I'm Alone Now (2026-08-20)
  OK — St Circul : Ley Lines (2026-08-20)
  OK — Lee "Scratch" Perry : Disco Devil Vol. 3 (5 More Classic Discomixes From The Black Ark Studio 1977-9) (2026-08-20)
  OK — Leonce : Severing Elevation (2026-08-20)
  OK — Actress : Withending (2026-08-20)
  OK — Michael J. Blood : That Nite (2026-08-20)
  OK — Bibio & Dorian Concept : Lichen Trip (2026-08-20)
  OK — vpn, Jonny From Space, Fayt : vpn (2026-08-20)
  OK — henry o henry : Parade (2026-08-20)
  OK — Smut : Punk As Fuck (2026-08-20)
  OK — Ghost Dubs : Low Times (2026-08-20)
  OK — SW. : twilightSPIRALS (2026-08-20)
  OK — Sorry : Tom Will Smack Your Ass (2026-08-20)
  OK — Outer Informer : Mobile Frequency System B (2026-08-20)
  OK — MANZEL : Manzel 008 (2026-08-20)
  OK — The BOS Singers : My God On High b/w So Many Years (2026-08-20)
  OK — Ozzie Hall : A Visit With Ozzie Hall (2026-08-20)
  OK — Fujinaka : Trigger Layers Vol.1 (2026-08-20)
  OK — Sideral Tapes : Sideral Tapes #10 (2026-08-20)
  OK — Outer Informer : Mobile Frequency System C (2026-08-20)
  OK — Outer Informer : Hypno-Systems (2026-08-20)
  OK — Outer Informer : Remote Transmitter II (2026-08-20)
  OK — Outer Informer : Remote Transmitter (2026-08-20)
  OK — Hakushi Hasegawa and HaHa And The Hairpins : Grace (2026-08-20)
  OK — nimino : Eat Me Better (2026-08-20)
  OK — Jake Muir : Pareidolia (2026-08-20)
  OK — Joe Fujinoki : Glass Torso (2026-08-20)
  OK — Frances Chang : Bad zen (2026-08-20)
  OK — Black Marble : It Always Comes to Me (2026-08-20)
  OK — Wau Wau Collectif : Oh Africa! (2026-08-20)
  OK — Lamin Fofana : To Become Liquid (2026-08-20)
  OK — OS 1R 1S : Tomb (2026-08-20)
  OK — Hans P. Kjorstad : Ost (2026-08-20)
  OK — Keynoise : Ravengue (2026-08-20)
  OK — Michael Lane : Burning Up (2026-08-20)
  OK — Perzeptiverdampfkesselqualmtbesinnlich : Adopting Abundance (Heinrich Dressel Remix) (2026-08-20)
  OK — Mick Harvey, Amanda Acevedo : The Greatest Delight (2026-08-20)
  OK — The Mighty Messiah & Bob Lee : Amazing Grace b/w There Is A Home (2026-08-20)
  OK — Bob Jeffries & Rhythm : Never Let Me Go (2026-08-20)
  OK — IVM Trio : Furnace (2026-08-20)
  OK — Maribou State and Myd : Blackoak (Myd Remix) (2026-08-20)
  OK — My New Band Believe : Numerology (2026-08-20)
  OK — Geologist & Kyle Simon : The Sirens: Opening (Excerpt) (2026-08-20)
  OK — Julia Holter : Materia 2 (2026-08-20)
  OK — GAS : GAS (2026-08-20)

=== Visiting 100 product pages for full body ===
  [1/100] Felicia Atkinson & Christina Vantzou : Reflections Vol. 3: Water Poems...
    body: 1857 chars
  [2/100] Various Artists : Aftermath And Transitions (Traces Of The...
    body: 3620 chars
  [3/100] THE WIRE : Issue 511: September 2026...
    body: 5606 chars
  [4/100] Ghost Dubs : Damaged...
    body: 2239 chars
  [5/100] Frances Chang : been thinking bout confession...
    body: 1996 chars
  [6/100] Barnt : Geffen...
    body: 522 chars
  [7/100] Carrier : Thresholds...
    body: 1538 chars
  [8/100] YHWH Nailgun : Magazine...
    body: 2890 chars
  [9/100] Kotaro Maruyama : Vapor Curve...
    body: 1260 chars
  [10/100] Darlynn : Dyke Den...
    body: 1713 chars
  [11/100] SWELL MAPS : The John Peel Sessions...
    body: 1444 chars
  [12/100] Mark Jenkin : The Rose Of Nevada (Original Score)...
    body: 1638 chars
  [13/100] Christer Bothén, Oren Ambarchi, Johan Berthling, Andreas Werliin : Serpentine...
    body: 2079 chars
  [14/100] JAN JELINEK : Loop Finding Jazz Records...
    body: 1638 chars
  [15/100] Anne Clark : Our Darkness...
    body: 1331 chars
  [16/100] Manuel Göttsching : E2-E4...
    body: 1390 chars
  [17/100] Intertoto x Michael J. Blood : If I Take You Home (Michael J. Blood Mix...
    body: 630 chars
  [18/100] Sa Pa : Girls on Tour EP...
    body: 1110 chars
  [19/100] Daniel Pineda : Landlocked...
    body: 1516 chars
  [20/100] Kirk Barley : Arc...
    body: 1895 chars
  [21/100] GB : Herzsprung...
    body: 1806 chars
  [22/100] Various Artists : Sound And Experiment X Museum Brandhorst...
    body: 1693 chars
  [23/100] Dinosaur Jr. : I Bet on Sky...
    body: 1646 chars
  [24/100] Kali Malone : The Sacrificial Code...
    body: 1874 chars
  [25/100] Charanjit Singh : Synthesizing: Ten Ragas To A Disco Beat...
    body: 1437 chars
  [26/100] Cities Aviv : EVEN COLDER SPRING...
    body: 1337 chars
  [27/100] Julia Holter : Materia...
    body: 3306 chars
  [28/100] Marco Cassanelli : Visions EP...
    body: 507 chars
  [29/100] Natalia Beylis : Around Here, The Birds Plant The Trees...
    body: 1687 chars
  [30/100] Lovely Dave : Lovely Dave...
    body: 886 chars
  [31/100] Various Artists : AMERICAN DUB ELECTRONICS...
    body: 1720 chars
  [32/100] aisie : Black Fire Dream...
    body: 1314 chars
  [33/100] John Coltrane : Meditations (Verve Vault)...
    body: 1099 chars
  [34/100] Bill Laswell + P.ST : Mount Analogue...
    body: 1972 chars
  [35/100] AKUFEN : Architextures 1 -2 -3...
    body: 1179 chars
  [36/100] JOSEPHINE FOSTER & THE VICTOR HERRERO BAND : Anda Jaleo / Perlas...
    body: 2183 chars
  [37/100] SEVERED HEADS : Cuisine...
    body: 1887 chars
  [38/100] JOSEPHINE FOSTER & THE VICTOR HERRERO BAND : Anda Jaleo...
    body: 798 chars
  [39/100] Jad Atoui : It Will Take Forever...
    body: 983 chars
  [40/100] JOSEPHINE FOSTER & THE VICTOR HERRERO BAND : Perlas...
    body: 632 chars
  [41/100] Various Artists : Never Say When...
    body: 673 chars
  [42/100] Happy Mondays : Pills 'n' Thrills and Bellyaches...
    body: 751 chars
  [43/100] Chestnut People, Priori & Ludwig A.F. : Chestnut People Volume 2...
    body: 1454 chars
  [44/100] Glen Paul : I'm Broke b/w Road To Nowhere...
    body: 810 chars
  [45/100] The Ravens : Moon Over My Window b/w The Shuck...
    body: 818 chars
  [46/100] Dylan Henner : I'm Writing a New Song Every Month from ...
    body: 742 chars
  [47/100] CARMEN VILLAIN : Blue...
    body: 783 chars
  [48/100] Elder Island & Dam Swindle : Pink Lemon (Dam Swindle Remix)...
    body: 1242 chars
  [49/100] ARTISOMA and MUADEEP : Koji...
    body: 1291 chars
  [50/100] Harvey Causon : Anatomic Silence...
    body: 628 chars
  [51/100] Murex : Mothers Bells...
    body: 622 chars
  [52/100] Belle and Sebastian : Push Barman To Open Old Wounds Vol. 2...
    body: 2103 chars
  [53/100] TIBSLC : City of Something...
    body: 1429 chars
  [54/100] MAD PROFESSOR : Melodies International presents Ariwa So...
    body: 2066 chars
  [55/100] GAS : November 89...
    body: 1896 chars
  [56/100] Evil Graham Lee : I Think I'm Alone Now...
    body: 1525 chars
  [57/100] St Circul : Ley Lines...
    body: 2011 chars
  [58/100] Lee "Scratch" Perry : Disco Devil Vol. 3 (5 More Classic Disco...
    body: 1022 chars
  [59/100] Leonce : Severing Elevation...
    body: 555 chars
  [60/100] Actress : Withending...
    body: 58 chars
  [61/100] Michael J. Blood : That Nite...
    body: 614 chars
  [62/100] Bibio & Dorian Concept : Lichen Trip...
    body: 784 chars
  [63/100] vpn, Jonny From Space, Fayt : vpn...
    body: 1437 chars
  [64/100] henry o henry : Parade...
    body: 777 chars
  [65/100] Smut : Punk As Fuck...
    body: 620 chars
  [66/100] Ghost Dubs : Low Times...
    body: 1184 chars
  [67/100] SW. : twilightSPIRALS...
    body: 393 chars
  [68/100] Sorry : Tom Will Smack Your Ass...
    body: 393 chars
  [69/100] Outer Informer : Mobile Frequency System B...
    body: 2281 chars
  [70/100] MANZEL : Manzel 008...
    body: 1478 chars
  [71/100] The BOS Singers : My God On High b/w So Many Years...
    body: 816 chars
  [72/100] Ozzie Hall : A Visit With Ozzie Hall...
    body: 2205 chars
  [73/100] Fujinaka : Trigger Layers Vol.1...
    body: 1281 chars
  [74/100] Sideral Tapes : Sideral Tapes #10...
    body: 1526 chars
  [75/100] Outer Informer : Mobile Frequency System C...
    body: 2271 chars
  [76/100] Outer Informer : Hypno-Systems...
    body: 1665 chars
  [77/100] Outer Informer : Remote Transmitter II...
    body: 1442 chars
  [78/100] Outer Informer : Remote Transmitter...
    body: 1589 chars
  [79/100] Hakushi Hasegawa and HaHa And The Hairpins : Grace...
    body: 967 chars
  [80/100] nimino : Eat Me Better...
    body: 1148 chars
  [81/100] Jake Muir : Pareidolia...
    body: 3044 chars
  [82/100] Joe Fujinoki : Glass Torso...
    body: 2618 chars
  [83/100] Frances Chang : Bad zen...
    body: 610 chars
  [84/100] Black Marble : It Always Comes to Me...
    body: 986 chars
  [85/100] Wau Wau Collectif : Oh Africa!...
    body: 616 chars
  [86/100] Lamin Fofana : To Become Liquid...
    body: 628 chars
  [87/100] OS 1R 1S : Tomb...
    body: 1792 chars
  [88/100] Hans P. Kjorstad : Ost...
    body: 766 chars
  [89/100] Keynoise : Ravengue...
    body: 781 chars
  [90/100] Michael Lane : Burning Up...
    body: 1377 chars
  [91/100] Perzeptiverdampfkesselqualmtbesinnlich : Adopting Abundance (Heinrich Dressel Rem...
    body: 682 chars
  [92/100] Mick Harvey, Amanda Acevedo : The Greatest Delight...
    body: 986 chars
  [93/100] The Mighty Messiah & Bob Lee : Amazing Grace b/w There Is A Home...
    body: 818 chars
  [94/100] Bob Jeffries & Rhythm : Never Let Me Go...
    body: 626 chars
  [95/100] IVM Trio : Furnace...
    body: 610 chars
  [96/100] Maribou State and Myd : Blackoak (Myd Remix)...
    body: 814 chars
  [97/100] My New Band Believe : Numerology...
    body: 1012 chars
  [98/100] Geologist & Kyle Simon : The Sirens: Opening (Excerpt)...
    body: 654 chars
  [99/100] Julia Holter : Materia 2...
    body: 614 chars
  [100/100] GAS : GAS...
    body: 3945 chars

Total: 100 items
Closed tab 6bf18f75-eeea-4cc7-9540-e40af2ea25d2
