Today: 2026-06-27, Cutoff: 2026-06-26
Created tab 1af4af0b-bf3e-4c07-ae04-ef3d0a3c60aa
Sleeping 5s before polling to let CF start...
Waiting for CF clearance + first page...
  [1s] page empty (title='', body=0)
  [2s] page empty (title='', body=0)
  [3s] page empty (title='', body=0)
  [4s] page empty (title='', body=0)
  [5s] page empty (title='', body=0)
  [6s] page empty (title='', body=0)
  [7s] page empty (title='', body=0)
  [8s] page empty (title='', body=0)
  [9s] page empty (title='', body=0)
  [10s] page empty (title='', body=0)
  [11s] page empty (title='', body=0)
  [12s] page empty (title='', body=0)
  [13s] page empty (title='', body=0)
  [14s] page empty (title='', body=0)
  [15s] page empty (title='', body=0)
  [16s] page empty (title='', body=0)
  [17s] page empty (title='', body=0)
  [18s] page empty (title='', body=0)
  [19s] page empty (title='', body=0)
  [20s] page empty (title='', body=0)
  [21s] page empty (title='', body=0)
  [22s] page empty (title='', body=0)
  [23s] page empty (title='', body=0)
  [24s] page empty (title='', body=0)
  [25s] page empty (title='', body=0)
  [26s] page empty (title='', body=0)
  [27s] page empty (title='', body=0)
  [28s] page empty (title='', body=0)
  [29s] page empty (title='', body=0)
  [30s] page empty (title='', body=0)
  [31s] page empty (title='', body=0)
  [32s] page empty (title='', body=0)
  [33s] page empty (title='', body=0)
  [34s] page empty (title='', body=0)
  [35s] page empty (title='', body=0)
  [36s] page empty (title='', body=0)
  [37s] page empty (title='', body=0)
  [38s] page empty (title='', body=0)
  [39s] page empty (title='', body=0)
  [40s] page empty (title='', body=0)
  [41s] page empty (title='', body=0)
  [42s] page empty (title='', body=0)
  [43s] page empty (title='', body=0)
  [44s] page empty (title='', body=0)
  [45s] page empty (title='', body=0)
CF BLOCKED (title='', products=0, body=0) — wrote empty result
