Boomkat scraper — Today: 2026-08-02, Cutoff: 2026-08-01, Pages: 2, Limit: 100
Creating tab and navigating to New Releases...
Waiting 15s for CF challenge to clear...
CF check: Boomkat|50

=== Page 1 ===
Found 50 products on page 1

=== Page 2 ===
Found 48 products on page 2

Total unique products: 98
  OK — Wendy Eisenberg : Wendy Eisenberg (2026-08-02)
  OK — Dean Blunt : BLACK METAL (2026-08-02)
  OK — Pharoah Sanders & Bill Laswell : With a Heartbeat (2026-08-02)
  OK — Rosso Polare : Cacciamali (2026-08-02)
  OK — Charanjit Singh : Synthesizing: Ten Ragas To A Disco Beat (2026-08-02)
  OK — cv313 & Federsen : Sky Space EP (2026-08-02)
  OK — Lancer : 2late (2026-08-02)
  OK — Natural Forms : Hallucinations EP (2026-08-02)
  OK — New Frames : Bloom. Continuous Mix. (2026-08-02)
  OK — Matt K (Germany) : Work It Ep (2026-08-02)
  OK — rilé : HYP021 (2026-08-02)
  OK — rilé : FOURTEEN 04 (2026-08-02)
  OK — Aeson Zervas : 3 (2026-08-02)
  OK — KORLAKANG : SAMONG SAI (2026-08-02)
  OK — Ghost Dubs : Damaged (2026-08-02)
  OK — Nueen : Swerved (2026-08-02)
  OK — Nondi_ : Bonus Nondi_ (2026-08-02)
  OK — Leo : Cicada Burnt (2026-08-02)
  OK — Carl Luis : In Session (2026-08-02)
  OK — Casimir Liberski ReTRio, Casimir Liberski : The Z Suites (2026-08-02)
  OK — Patrick Belaga : Solar Calf (2026-08-02)
  OK — Celia Hollander : Recent Futures (2026-08-02)
  OK — SIR RICHARD BISHOP : Hillbilly Erotica (2026-08-02)
  OK — Mathias : Kissa (2026-08-02)
  OK — LUC FERRARI : L'Œuvre Électronique (2026-08-02)
  OK — BERNARD PARMEGIANI : L'Œuvre Musicale (12 CD Box Set) (2026-08-02)
  OK — Isaiah Collier : JOY (2026-08-02)
  OK — Black Taffy : Elder Mantis (2026-08-02)
  OK — goldenstar : Chamber Music (2026-08-02)
  OK — Paul Valentin : Of Sand EP (2026-08-02)
  OK — Dawuna : African Family Laptop Musick (2026-08-02)
  OK — ELEH : Floating Frequencies/Intuitive Synthesis 1 (2026-08-02)
  OK — Alwin Nikolais : Electronic Dance Music, 1966-1989 (2026-08-02)
  OK — Brin : Loose Leaf (2026-08-02)
  OK — MAD PROFESSOR : Melodies International presents Ariwa Sounds (2026-08-02)
  OK — Cate Kennan : Shadows (2026-08-02)
  OK — Various Artists : The Bristol Meets Africa Sound (2026-08-02)
  OK — THE DURUTTI COLUMN : Renascent (2026-08-02)
  OK — THE DURUTTI COLUMN : Vini Reilly (2026-08-02)
  OK — Daily Toll : Sing Forever (Singing Is Free): Songs from 2021-2023 (2026-08-02)
  OK — Eliane Radigue : Oeuvres Électroniques (Electronic Works) (2026-08-02)
  OK — Tirez Tirez : Story Of The Year (2026-08-02)
  OK — Ed Askew : The Final Painting (2026-08-02)
  OK — Merzbow : Tsubute Mosaic (2026-08-02)
  OK — Spitbender : Spin (2026-08-02)
  OK — Rose Keeler-Schaffeler : UNIVERSAL LANGUAGE (2026-08-02)
  OK — Nurse With Wound : Alice The Goon (2026-08-02)
  OK — JOHN TILBURY : At home (2026-08-02)
  OK — Amanar de Kidal : Amanar de Kidal - Kel Tamasheq (2026-08-02)
  OK — YL Hooi : Untitled (2026-08-02)

=== Visiting 50 product pages for full body ===
  [1/50] Wendy Eisenberg : Wendy Eisenberg...
    body: 2142 chars
  [2/50] Dean Blunt : BLACK METAL...
    body: 1832 chars
  [3/50] Pharoah Sanders & Bill Laswell : With a Heartbeat...
    body: 1843 chars
  [4/50] Rosso Polare : Cacciamali...
    body: 2463 chars
  [5/50] Charanjit Singh : Synthesizing: Ten Ragas To A Disco Beat...
    body: 1437 chars
  [6/50] cv313 & Federsen : Sky Space EP...
    body: 873 chars
  [7/50] Lancer : 2late...
    body: 773 chars
  [8/50] Natural Forms : Hallucinations EP...
    body: 1023 chars
  [9/50] New Frames : Bloom. Continuous Mix....
    body: 683 chars
  [10/50] Matt K (Germany) : Work It Ep...
    body: 807 chars
  [11/50] rilé : HYP021...
    body: 774 chars
  [12/50] rilé : FOURTEEN 04...
    body: 1109 chars
  [13/50] Aeson Zervas : 3...
    body: 2141 chars
  [14/50] KORLAKANG : SAMONG SAI...
    body: 892 chars
  [15/50] Ghost Dubs : Damaged...
    body: 2239 chars
  [16/50] Nueen : Swerved...
    body: 2098 chars
  [17/50] Nondi_ : Bonus Nondi_...
    body: 1619 chars
  [18/50] Leo : Cicada Burnt...
    body: 1786 chars
  [19/50] Carl Luis : In Session...
    body: 1134 chars
  [20/50] Casimir Liberski ReTRio, Casimir Liberski : The Z Suites...
    body: 810 chars
  [21/50] Patrick Belaga : Solar Calf...
    body: 1849 chars
  [22/50] Celia Hollander : Recent Futures...
    body: 1239 chars
  [23/50] SIR RICHARD BISHOP : Hillbilly Erotica...
    body: 1644 chars
  [24/50] Mathias : Kissa...
    body: 989 chars
  [25/50] LUC FERRARI : L'Œuvre Électronique...
    body: 4845 chars
  [26/50] BERNARD PARMEGIANI : L'Œuvre Musicale (12 CD Box Set)...
    body: 1644 chars
  [27/50] Isaiah Collier : JOY...
    body: 805 chars
  [28/50] Black Taffy : Elder Mantis...
    body: 852 chars
  [29/50] goldenstar : Chamber Music...
    body: 1989 chars
  [30/50] Paul Valentin : Of Sand EP...
    body: 1823 chars
  [31/50] Dawuna : African Family Laptop Musick...
    body: 3296 chars
  [32/50] ELEH : Floating Frequencies/Intuitive Synthesis...
    body: 2073 chars
  [33/50] Alwin Nikolais : Electronic Dance Music, 1966-1989...
    body: 3478 chars
  [34/50] Brin : Loose Leaf...
    body: 778 chars
  [35/50] MAD PROFESSOR : Melodies International presents Ariwa So...
    body: 2066 chars
  [36/50] Cate Kennan : Shadows...
    body: 1356 chars
  [37/50] Various Artists : The Bristol Meets Africa Sound...
    body: 1737 chars
  [38/50] THE DURUTTI COLUMN : Renascent...
    body: 2948 chars
  [39/50] THE DURUTTI COLUMN : Vini Reilly...
    body: 1148 chars
  [40/50] Daily Toll : Sing Forever (Singing Is Free): Songs fr...
    body: 1131 chars
  [41/50] Eliane Radigue : Oeuvres Électroniques (Electronic Works)...
    body: 2762 chars
  [42/50] Tirez Tirez : Story Of The Year...
    body: 1972 chars
  [43/50] Ed Askew : The Final Painting...
    body: 1343 chars
  [44/50] Merzbow : Tsubute Mosaic...
    body: 1002 chars
  [45/50] Spitbender : Spin...
    body: 2631 chars
  [46/50] Rose Keeler-Schaffeler : UNIVERSAL LANGUAGE...
    body: 2370 chars
  [47/50] Nurse With Wound : Alice The Goon...
    body: 1242 chars
  [48/50] JOHN TILBURY : At home...
    body: 2618 chars
  [49/50] Amanar de Kidal : Amanar de Kidal - Kel Tamasheq...
    body: 1512 chars
  [50/50] YL Hooi : Untitled...
    body: 1040 chars

Total: 50 items
Closed tab dbbce03f-ae70-4d72-b90a-77cf2e3409c5
