Boomkat scraper — Today: 2026-08-24, Cutoff: 2026-08-23, Pages: 2, Limit: 100
Creating tab and navigating to New Releases...
Waiting 15s for CF challenge to clear...
CF check: Boomkat|50

=== Page 1 (https://boomkat.com/new-releases?show=100) ===
Found 50 products on page 1

=== Page 2 (https://boomkat.com/new-releases?show=100&page=2) ===
Found 46 products on page 2

Total unique products: 96
  OK — Felicia Atkinson & Christina Vantzou : Reflections Vol. 3: Water Poems (2026-08-24)
  OK — RACHEL'S : Handwriting (2026-08-24)
  OK — STEPHEN O'MALLEY : Avaeken (2026-08-24)
  OK — inrain : Rise (2026-08-24)
  OK — Cities Aviv : EVEN COLDER SPRING (2026-08-24)
  OK — FLORENCE : A Requiem for Prime Time TV (2026-08-24)
  OK — CxBxT, Tujiko Noriko & Adrian Corker : .After Again (2026-08-24)
  OK — HTRK : Work (Work, Work) (2026-08-24)
  OK — Sunn O))) : sunn O))) (2026-08-24)
  OK — Frances Chang : I can feel the waves (2026-08-24)
  OK — LUSINE : Sensorimotor (2026-08-24)
  OK — Marco Cassanelli : Visions EP (2026-08-24)
  OK — Pessimist : Pony Boy Club EP (2026-08-24)
  OK — JOSEPHINE FOSTER : No More Lamps In The Morning (2026-08-24)
  OK — Blanck Mass : Crime 101 (Original Motion Picture Soundtrack) (2026-08-24)
  OK — LUSINE : A Certain Distance (2026-08-24)
  OK — Oceanic : ICI (2026-08-24)
  OK — Midori Hirano : The Juniper Tree & Good Bye (2026-08-24)
  OK — SHYRKA : Afflictions EP (2026-08-24)
  OK — Benny Sings : You Love Me (2026-08-24)
  OK — The Chills : Sunburnt (2026-08-24)
  OK — Joey Gilmore : Time To Get With It (2026-08-24)
  OK — The Mondellos : You'll Never Know (2026-08-24)
  OK — Danny L Harle & Sasha & Julia Michaels : Raft In The Sea (Sasha Remixes) (2026-08-24)
  OK — Bonobo and Nicole Miglis : Talk to Me (2026-08-24)
  OK — Manuel Göttsching : E2-E4 (2026-08-24)
  OK — GB : Herzsprung (2026-08-24)
  OK — Ghost Dubs : Damaged (2026-08-24)
  OK — TYONDAI BRAXTON : Splayed Werks (2026-08-24)
  OK — Frances Chang : been thinking bout confession (2026-08-24)
  OK — Barnt : Geffen (2026-08-24)
  OK — Lyeform : Vintage Gilly (2026-08-24)
  OK — Carrier : Thresholds (2026-08-24)
  OK — YHWH Nailgun : Magazine (2026-08-24)
  OK — Kotaro Maruyama : Vapor Curve (2026-08-24)
  OK — Darlynn : Dyke Den (2026-08-24)
  OK — SWELL MAPS : The John Peel Sessions (2026-08-24)
  OK — Mark Jenkin : The Rose Of Nevada (Original Score) (2026-08-24)
  OK — Christer Bothén, Oren Ambarchi, Johan Berthling, Andreas Werliin : Serpentine (2026-08-24)
  OK — Charles Dodge : Synthesized Voices (2026-08-24)
  OK — Anne Clark : Our Darkness (2026-08-24)
  OK — White Light & Jo Bogaert : Whale (2026-08-24)
  OK — Intertoto x Michael J. Blood : If I Take You Home (Michael J. Blood Mixes) (2026-08-24)
  OK — Sa Pa : Girls on Tour EP (2026-08-24)
  OK — LUSINE : Melting Days (2026-08-24)
  OK — K. Freund : Window Left Open (2026-08-24)
  OK — Regina Collage : Horizont (2026-08-24)
  OK — Daniel Pineda : Landlocked (2026-08-24)
  OK — Kirk Barley : Arc (2026-08-24)
  OK — Ezra Feinberg : Soft Power (2026-08-24)

=== Visiting 50 product pages for full body ===
  [1/50] Felicia Atkinson & Christina Vantzou : Reflections Vol. 3: Water Poems...
    body: 1857 chars
  [2/50] RACHEL'S : Handwriting...
    body: 2170 chars
  [3/50] STEPHEN O'MALLEY : Avaeken...
    body: 2468 chars
  [4/50] inrain : Rise...
    body: 1696 chars
  [5/50] Cities Aviv : EVEN COLDER SPRING...
    body: 1823 chars
  [6/50] FLORENCE : A Requiem for Prime Time TV...
    body: 3677 chars
  [7/50] CxBxT, Tujiko Noriko & Adrian Corker : .After Again...
    body: 1688 chars
  [8/50] HTRK : Work (Work, Work)...
    body: 1544 chars
  [9/50] Sunn O))) : sunn O)))...
    body: 2279 chars
  [10/50] Frances Chang : I can feel the waves...
    body: 1717 chars
  [11/50] LUSINE : Sensorimotor...
    body: 2686 chars
  [12/50] Marco Cassanelli : Visions EP...
    body: 507 chars
  [13/50] Pessimist : Pony Boy Club EP...
    body: 942 chars
  [14/50] JOSEPHINE FOSTER : No More Lamps In The Morning...
    body: 1250 chars
  [15/50] Blanck Mass : Crime 101 (Original Motion Picture Sound...
    body: 3201 chars
  [16/50] LUSINE : A Certain Distance...
    body: 2419 chars
  [17/50] Oceanic : ICI...
    body: 1241 chars
  [18/50] Midori Hirano : The Juniper Tree & Good Bye...
    body: 808 chars
  [19/50] SHYRKA : Afflictions EP...
    body: 1191 chars
  [20/50] Benny Sings : You Love Me...
    body: 618 chars
  [21/50] The Chills : Sunburnt...
    body: 2824 chars
  [22/50] Joey Gilmore : Time To Get With It...
    body: 634 chars
  [23/50] The Mondellos : You'll Never Know...
    body: 630 chars
  [24/50] Danny L Harle & Sasha & Julia Michaels : Raft In The Sea (Sasha Remixes)...
    body: 1245 chars
  [25/50] Bonobo and Nicole Miglis : Talk to Me...
    body: 1133 chars
  [26/50] Manuel Göttsching : E2-E4...
    body: 1390 chars
  [27/50] GB : Herzsprung...
    body: 1825 chars
  [28/50] Ghost Dubs : Damaged...
    body: 2239 chars
  [29/50] TYONDAI BRAXTON : Splayed Werks...
    body: 6833 chars
  [30/50] Frances Chang : been thinking bout confession...
    body: 1996 chars
  [31/50] Barnt : Geffen...
    body: 522 chars
  [32/50] Lyeform : Vintage Gilly...
    body: 628 chars
  [33/50] Carrier : Thresholds...
    body: 1538 chars
  [34/50] YHWH Nailgun : Magazine...
    body: 2890 chars
  [35/50] Kotaro Maruyama : Vapor Curve...
    body: 1260 chars
  [36/50] Darlynn : Dyke Den...
    body: 1713 chars
  [37/50] SWELL MAPS : The John Peel Sessions...
    body: 1444 chars
  [38/50] Mark Jenkin : The Rose Of Nevada (Original Score)...
    body: 1638 chars
  [39/50] Christer Bothén, Oren Ambarchi, Johan Berthling, Andreas Werliin : Serpentine...
    body: 2079 chars
  [40/50] Charles Dodge : Synthesized Voices...
    body: 3370 chars
  [41/50] Anne Clark : Our Darkness...
    body: 1331 chars
  [42/50] White Light & Jo Bogaert : Whale...
    body: 737 chars
  [43/50] Intertoto x Michael J. Blood : If I Take You Home (Michael J. Blood Mix...
    body: 630 chars
  [44/50] Sa Pa : Girls on Tour EP...
    body: 1110 chars
  [45/50] LUSINE : Melting Days...
    body: 1420 chars
  [46/50] K. Freund : Window Left Open...
    body: 1450 chars
  [47/50] Regina Collage : Horizont...
    body: 2375 chars
  [48/50] Daniel Pineda : Landlocked...
    body: 1516 chars
  [49/50] Kirk Barley : Arc...
    body: 1895 chars
  [50/50] Ezra Feinberg : Soft Power...
    body: 3067 chars

Total: 50 items
Closed tab d933c983-51c0-47cd-b3ff-16bf2231e563
