JazzTokyo (resilient) — now=2026-08-24T20:18:03.841828+00:00 cutoff=2026-08-23T08:18:03.841828+00:00

=== Listing https://jazztokyo.org/ ===
  [tab] created OK (9d0e06d1-ab91-4941-9564-2e26a1ca403f)
  [list] found 37 post links

=== Listing https://jazztokyo.org/page/2/ ===
  [tab] created OK (c4dfd4cc-1b5c-4264-860e-f53f97e4553b)
  [list] found 0 post links

Total unique candidates: 37
  [art] https://jazztokyo.org/column/reflection-of-music/post-123933/
  [tab] created OK (93bcba6d-0af6-474e-a97c-9bc0cfe10c2d)
 [1/30] SKIP old (pub=2026-08-15): Reflections of Music Vol. 111 渋谷毅
  [art] https://jazztokyo.org/column/inaoka/post-124078/
  [tab] created OK (593078b6-004f-49d5-b9f0-05284177f3f9)
 [2/30] SKIP old (pub=2026-08-15): From the Editor’s Desk #28 渋谷毅との仕事
  [art] https://jazztokyo.org/all-about-jazz/post-124539/
  [tab] created OK (4141a26f-c5f6-4942-a0e6-4e9b14a7509e)
 [3/30] SKIP old (pub=2026-08-15): 30年後も、ビジョンは変わらない
  [art] https://jazztokyo.org/reviews/live-report/post-123924/
  [tab] created OK (d4964fbb-f7ed-4405-abd9-aada9fbf17f4)
 [4/30] SKIP old (pub=2026-08-15): #1424 コルトレーン・ナイト
  [art] https://jazztokyo.org/reviews/live-report/post-124027/
  [tab] created OK (3c74c9c8-7f93-4b14-93bc-bebe12826a58)
 [5/30] SKIP old (pub=2026-08-15): #1423 ニューポート・ジャズフェス2026：アンジーヌ・ド・ポワトリーヌ、ロバート・グラスパー
  [art] https://jazztokyo.org/reviews/live-report/post-124377/
  [tab] created OK (1b303f68-c872-4aef-ae62-f56da8fc78d1)
 [6/30] SKIP old (pub=2026-08-15): #1422 Ben van Gelder & Reinier Baas (ベン・ヴァン・ゲルダー&レ
  [art] https://jazztokyo.org/reviews/live-report/post-124376/
  [tab] created OK (f58cc32b-d048-487e-af74-d9abf49460e2)
 [7/30] SKIP old (pub=2026-08-15): #1421『Polyphonia～森定道広によるポリフォニー作品に焦点を当てた新グループ、初公演』
  [art] https://jazztokyo.org/reviews/live-report/post-124112/
  [tab] created OK (c0a8a18d-e54c-44c7-b9a0-949b8d7aec77)
 [8/30] SKIP old (pub=2026-08-15): #1420 権代敦彦 オペラ《ZEN》
  [art] https://jazztokyo.org/reviews/live-report/post-124299/
  [tab] created OK (e834797a-e71c-421c-860b-8232c8f9ddb6)
 [9/30] SKIP old (pub=2026-08-15): #1419 望月紅華ダンスカンパニー / 今来個ん – Konkokon –
  [art] https://jazztokyo.org/reviews/cd-dvd-review/post-124209/
  [tab] created OK (540a70bb-649e-4cee-a735-fdc6e3917bc4)
 [10/30] SKIP old (pub=2026-08-15): #1418 2026年7月、タツ青木
  [art] https://jazztokyo.org/reviews/live-report/post-124715/
  [tab] created OK (f206a4b6-2586-47e3-88e8-d37e24fdd5c3)
 [11/30] SKIP old (pub=2026-08-15): #1417 マリア・シュナイダー・オーケストラ
  [art] https://jazztokyo.org/reviews/sound-check/post-123995/
  [tab] POST /tabs returned 500: {"error":"Internal server error","retryable":false}
  [tab] checking existing tabs...
  [tab] recovered existing tab 41292799-7f76-40c3-af5f-4a7b21b486d2 url=https://jazztokyo.org/reviews/sound-check/post-123995/
  [tab] using recovered tab 41292799-7f76-40c3-af5f-4a7b21b486d2 (will wait for body)
 [12/30] SKIP old (pub=2026-08-15): #25 『シンディ・ブラックマン・サンタナ／コヒーレンス』
  [art] https://jazztokyo.org/column/a-view-with-notes/post-124156/
  [tab] created OK (e217b86a-e617-4d79-9d97-f85f5004fa2e)
 [13/30] SKIP old (pub=2026-08-15): （アーカイヴ）音の見える風景 Chapter 19 渋谷 毅　望月由美
  [art] https://jazztokyo.org/column/live-after-live/post-124004/
  [tab] created OK (b7c2198f-1cff-43de-b8b8-876de23c13f6)
 [14/30] SKIP no-date: https://jazztokyo.org/column/live-after-live/post-124004/
  [art] https://jazztokyo.org/column/kaze-wo-aruku/post-124002/
  [tab] created OK (1c1eee94-0e16-449e-91b0-0315bd21aa84)
 [15/30] SKIP old (pub=2026-08-15): #51 風巻 隆 「風を歩く」から～綱島「Namak Café／ナマック・カフェ」
  [art] https://jazztokyo.org/column/waka-to-jazz/post-124106/
  [tab] created OK (fdfee319-ea7b-487d-924e-199603badeec)
 [16/30] SKIP old (pub=2026-08-15): S-010　在原業平と「Can’t help falling in love」
  [art] https://jazztokyo.org/column/lagrange-point/post-124351/
  [tab] created OK (e12f4e9b-d205-446b-913e-eae1be121122)
 [17/30] SKIP old (pub=2026-08-15): 「オト・コトバ・ウタ」（9）　金野ONNYK吉晃
  [art] https://jazztokyo.org/column/special/post-124435/
  [tab] created OK (f00eaea2-516b-4f94-8935-c0069757bad9)
 [18/30] SKIP old (pub=2026-08-15): 「どこかで〜中村八大という人」 第１回　さがゆき
  [art] https://jazztokyo.org/reviews/cd-dvd-review/post-124176/
  [tab] created OK (f237c654-5f4d-4f56-a753-37df773e04b6)
 [19/30] SKIP old (pub=2026-08-15): #2453 『Emmet Cohen / Universal Truth』
『エメット・コーエン／ユ
  [art] https://jazztokyo.org/reviews/cd-dvd-review/post-123941/
  [tab] created OK (27256074-6352-4dfe-9247-24d5df29fb71)
 [20/30] SKIP old (pub=2026-08-15): #2452 『八巻志帆 / Evoke』
  [art] https://jazztokyo.org/reviews/cd-dvd-review/post-124438/
  [tab] created OK (b4604410-aa60-4b4a-a4fc-79281cec7ef9)
 [21/30] SKIP no-date: https://jazztokyo.org/reviews/cd-dvd-review/post-124438/
  [art] https://jazztokyo.org/reviews/cd-dvd-review/post-124329/
  [tab] created OK (83cb4ab2-7fd3-483f-830d-1048d632bd93)
 [22/30] SKIP old (pub=2026-08-15): #2450 『TON・KLAMI』
  [art] https://jazztokyo.org/reviews/cd-dvd-review/post-124313/
  [tab] created OK (7db1f6f2-19fd-427f-88f6-d900bbef8ad8)
 [23/30] SKIP old (pub=2026-08-15): #2449 『Nonturn（米田 望） / Repeating Town』
  [art] https://jazztokyo.org/reviews/cd-dvd-review/post-124611/
  [tab] created OK (165a325a-971a-40ce-9b9b-79b93290d2bc)
 [24/30] SKIP old (pub=2026-08-15): #2448 『ギドン・ヌネス・ファズ~カール＝マーティン・アルムクヴィスト／池の中のかわず』『Gid
  [art] https://jazztokyo.org/reviews/cd-dvd-review/post-121464/
  [tab] created OK (a181c6ab-2ad4-4c64-85f8-f7b730b5fdd9)
 [25/30] SKIP old (pub=2026-08-15): #2447 『沼尾翔子／The Siwnin Sails ― 青い帆』
  [art] https://jazztokyo.org/news/post-124905/
  [tab] created OK (6b529a3f-c605-4395-a67e-df3197850b90)
 [26/30] SKIP old (pub=2026-08-23): 8/30『Jaz.in Plus』グランドオープン記念特別企画
海野雅威 ライブ＆トーク・セッション
  [art] https://jazztokyo.org/news/post-123978/
  [tab] created OK (911cd0c1-8b2d-4737-a0a2-34715dd2a60c)
 [27/30] SKIP old (pub=2026-08-15): 9/15 須田晶子、柳原由佳、沢田穣治、石川広行 at 神田 神保町「月花舎」
  [art] https://jazztokyo.org/news/post-124373/
  [tab] created OK (210c901c-bcfe-4b97-8df0-3c2b28edae27)
 [28/30] SKIP old (pub=2026-08-11): 豪州７都市を巡回「Japan Jazz Nights」
「日豪友好協力基本条約」署名50周年記念
  [art] https://jazztokyo.org/news/post-124055/
  [tab] created OK (2d0fbcb4-e899-4bef-84bf-acd56e5dfc50)
 [29/30] SKIP old (pub=2026-08-05): 河合孝治著「マンガでわかる現代音楽入門〜世界は最初から鳴っていた」刊行
  [art] https://jazztokyo.org/news/post-123974/
  [tab] created OK (77a6b58c-d744-4b8d-a670-f115784bec48)
 [30/30] SKIP old (pub=2026-08-04): 10/03~10 小橋敦子＆トニー・オーヴァーウォーター
Japan Tour 2026 PORGY

Results: total=0 in_window=0 non_music=0 old=28 no_date=2 errors=0
Wrote /home/liyifan/music-record/2026/08/2026-08-25/jazztokyo_reviews.json (0 items)
