  Cutoff: 2026-08-23 (1.5 days ago)
  Max items: 20
  Creating tab for https://musicircus.on.coocan.jp/...
  Tab de131614-98bf-48b5-979c-aa27be85bce6 created, waiting for page load...
  No cookie wall detected.
  Waiting 2s before probing DOM...
  Page HTML length: 0 chars
  WARN: HTML suspiciously short, retrying with longer wait...
  Page HTML length (retry): 0 chars
  HTML still empty — re-probing tab liveness...
  Found 2 entries in Update table
  Recent entries within cutoff: 0
  Closed tab de131614-98bf-48b5-979c-aa27be85bce6
  Cutoff: 2026-08-23 (1.5 days ago)
  Max items: 20
  Creating tab for https://musicircus.on.coocan.jp/...
  Tab 94ed0320-375b-43f4-abf5-eaf89cde9dac created, waiting for page load...
  No cookie wall detected.
  Waiting 2s before probing DOM...
  Page HTML length: 0 chars
  WARN: HTML suspiciously short, retrying with longer wait...
  Page HTML length (retry): 0 chars
  HTML still empty — re-probing tab liveness...
  Found 2 entries in Update table
  Recent entries within cutoff: 0
  Closed tab 94ed0320-375b-43f4-abf5-eaf89cde9dac
