Boomkat scraper — Today: 2026-08-01, Cutoff: 2026-07-31, Pages: 2, Limit: 100
Creating tab and navigating to New Releases...
Waiting 15s for CF challenge to clear...
CF check: Boomkat|50

=== Page 1 ===
Found 50 products on page 1

=== Page 2 ===
Found 48 products on page 2

Total unique products: 98
  OK — Natural Forms : Hallucinations EP (2026-08-01)
  OK — New Frames : Bloom. Continuous Mix. (2026-08-01)
  OK — Matt K (Germany) : Work It Ep (2026-08-01)
  OK — rilé : HYP021 (2026-08-01)
  OK — rilé : FOURTEEN 04 (2026-08-01)
  OK — Aeson Zervas : 3 (2026-08-01)
  OK — KORLAKANG : SAMONG SAI (2026-08-01)
  OK — Ghost Dubs : Damaged (2026-08-01)
  OK — Nueen : Swerved (2026-08-01)
  OK — Nondi_ : Bonus Nondi_ (2026-08-01)
  OK — Leo : Cicada Burnt (2026-08-01)
  OK — Carl Luis : In Session (2026-08-01)
  OK — Casimir Liberski ReTRio, Casimir Liberski : The Z Suites (2026-08-01)
  OK — Patrick Belaga : Solar Calf (2026-08-01)
  OK — Celia Hollander : Recent Futures (2026-08-01)
  OK — SIR RICHARD BISHOP : Hillbilly Erotica (2026-08-01)
  OK — Mathias : Kissa (2026-08-01)
  OK — LUC FERRARI : L'Œuvre Électronique (2026-08-01)
  OK — BERNARD PARMEGIANI : L'Œuvre Musicale (12 CD Box Set) (2026-08-01)
  OK — Isaiah Collier : JOY (2026-08-01)
  OK — Black Taffy : Elder Mantis (2026-08-01)
  OK — goldenstar : Chamber Music (2026-08-01)
  OK — Various Artists : life is beautiful records: veneration for the sacred action (2026-08-01)
  OK — Paul Valentin : Of Sand EP (2026-08-01)
  OK — Dawuna : African Family Laptop Musick (2026-08-01)
  OK — ELEH : Floating Frequencies/Intuitive Synthesis 1 (2026-08-01)
  OK — Alwin Nikolais : Electronic Dance Music, 1966-1989 (2026-08-01)
  OK — Brin : Loose Leaf (2026-08-01)
  OK — MAD PROFESSOR : Melodies International presents Ariwa Sounds (2026-08-01)
  OK — Cate Kennan : Shadows (2026-08-01)
  OK — Various Artists : The Bristol Meets Africa Sound (2026-08-01)
  OK — THE DURUTTI COLUMN : Renascent (2026-08-01)
  OK — THE DURUTTI COLUMN : Vini Reilly (2026-08-01)
  OK — Daily Toll : Sing Forever (Singing Is Free): Songs from 2021-2023 (2026-08-01)
  OK — Eliane Radigue : Oeuvres Électroniques (Electronic Works) (2026-08-01)
  OK — Tirez Tirez : Story Of The Year (2026-08-01)
  OK — Ed Askew : The Final Painting (2026-08-01)
  OK — Merzbow : Tsubute Mosaic (2026-08-01)
  OK — Dean Blunt : BLACK METAL (2026-08-01)
  OK — Spitbender : Spin (2026-08-01)
  OK — Rosso Polare : Cacciamali (2026-08-01)
  OK — Rose Keeler-Schaffeler : UNIVERSAL LANGUAGE (2026-08-01)
  OK — Nurse With Wound : Alice The Goon (2026-08-01)
  OK — JOHN TILBURY : At home (2026-08-01)
  OK — Amanar de Kidal : Amanar de Kidal - Kel Tamasheq (2026-08-01)
  OK — YL Hooi : Untitled (2026-08-01)
  OK — François Bayle : 50 Ans D'Acousmatique (15 CD Box Set) (2026-08-01)
  OK — Charanjit Singh : Synthesizing: Ten Ragas To A Disco Beat (2026-08-01)
  OK — Efdemin : Mirror Phase EP (2026-08-01)
  OK — Moß Garten : Sekvensstyrd 1981–1986 (2026-08-01)
  OK — Various Artists : Eleven Harps (2026-07-31)
  OK — Arca : XXXXX (2026-07-31)
  OK — Agazero : Dissidente (2026-07-31)
  OK — Low End Activist : JH Versions (2026-07-31)
  OK — The Body : Master, We Perish (Expanded) (2026-07-31)
  OK — Jessika Kenney & Eyvind Kang : The Face of the Earth (2026-07-31)
  OK — Forest Drive West : Blue 05 (2026-07-31)
  OK — Bear Bones, Lay Low x Laslo Umbreit : Tales from the Source (2026-07-31)
  OK — cv313 & Federsen : Sky Space EP (2026-07-31)
  OK — Tobias. & Friends : Plenty Of Time With Nothing To Do (2026-07-31)
  OK — PHOTEK : 30 Seconds Out (2026-07-31)
  OK — Fields Of Mist : planetary mist signatures (2026-07-31)
  OK — Ezmeralda : Untitled (2026-07-31)
  OK — Four Tet : Human Voice (2026-07-31)
  OK — Ercília Costa : My Torment (2026-07-31)
  OK — Ahnnu : Parallax (2026-07-31)
  OK — Sam Gendel : Pure Imagination (Lo Fi) (2026-07-31)
  OK — John Carroll Kirby : Meditations in Music (2026-07-31)
  OK — Deantoni Parks : Homo Deus (2026-07-31)
  OK — Black Taffy : Opal Wand (2026-07-31)
  OK — Nailah Hunter : Nacre Meadow (2026-07-31)
  OK — Prison : Big Rigs on the BQE (2026-07-31)
  OK — Peals : The Compound 76 (2026-07-31)
  OK — Cold Diamond & Mink & Mr. Sophisticated Fingers : I Wish I Was Yours (2026-07-31)
  OK — Peals : Le Pantoum 46 (2026-07-31)
  OK — CD Ghost : When The Rain Stops (2026-07-31)
  OK — Robert Hood : Red Passion II - B (2026-07-31)
  OK — Eubo : Metalwork (2026-07-31)
  OK — JOIA & Sol Elicio : ITMN / Higher (2026-07-31)
  OK — Andy's Echo : Loco (2026-07-31)
  OK — Charlie Chaplin : Quenchie (2026-07-31)
  OK — Various Artists : Street Bass Tape 26 (Mixed) (2026-07-31)
  OK — HMLTD : Blitzkrieg (2026-07-31)
  OK — Mariella & Streeton : On My Mind (Streeton's Brukdown) (2026-07-31)
  OK — Laelo Black : Phoenix (2026-07-31)
  OK — pothOles : For Them Late Nights (2026-07-31)
  OK — YOTO : Ciprés (2026-07-31)
  OK — Various Artists : GTVA02 (2026-07-31)
  OK — Brogan Bentley : Your Favorite Color (2026-07-31)
  OK — Mike Risk & Mike Dunn : Let Me Take You There (2026-07-31)
  OK — Nicolas Rada : Lunar Sphere of Influence (2026-07-31)
  OK — Floatist, Henny Herz : Shit Happens (but it still sucks) (2026-07-31)
  OK — Stephan Jolk : Lacida EP (2026-07-31)
  OK — Nonduality, Chirop : Intelligent Twiddler EP (2026-07-31)
  OK — ANNIE HALL : Future Sports (2026-07-31)
  OK — Jammer & Zed Bias : Move Mountains (2026-07-31)
  OK — Yialmelic Frequencies : Play Ponds (2026-07-31)
  OK — Dino Siani : Pianoforte e Orchestra / I Solisti e gli Archi (2026-07-31)

=== Visiting 98 product pages for full body ===
  [1/98] Natural Forms : Hallucinations EP...
    body: 1023 chars
  [2/98] New Frames : Bloom. Continuous Mix....
    body: 683 chars
  [3/98] Matt K (Germany) : Work It Ep...
    body: 807 chars
  [4/98] rilé : HYP021...
    body: 774 chars
  [5/98] rilé : FOURTEEN 04...
    body: 1109 chars
  [6/98] Aeson Zervas : 3...
    body: 2141 chars
  [7/98] KORLAKANG : SAMONG SAI...
    body: 892 chars
  [8/98] Ghost Dubs : Damaged...
    body: 2239 chars
  [9/98] Nueen : Swerved...
    body: 2098 chars
  [10/98] Nondi_ : Bonus Nondi_...
    body: 1619 chars
  [11/98] Leo : Cicada Burnt...
    body: 1786 chars
  [12/98] Carl Luis : In Session...
    body: 1134 chars
  [13/98] Casimir Liberski ReTRio, Casimir Liberski : The Z Suites...
    body: 810 chars
  [14/98] Patrick Belaga : Solar Calf...
    body: 1849 chars
  [15/98] Celia Hollander : Recent Futures...
    body: 1239 chars
  [16/98] SIR RICHARD BISHOP : Hillbilly Erotica...
    body: 1644 chars
  [17/98] Mathias : Kissa...
    body: 989 chars
  [18/98] LUC FERRARI : L'Œuvre Électronique...
    body: 4845 chars
  [19/98] BERNARD PARMEGIANI : L'Œuvre Musicale (12 CD Box Set)...
    body: 1644 chars
  [20/98] Isaiah Collier : JOY...
    body: 805 chars
  [21/98] Black Taffy : Elder Mantis...
    body: 852 chars
  [22/98] goldenstar : Chamber Music...
    body: 1989 chars
  [23/98] Various Artists : life is beautiful records: veneration fo...
    body: 3878 chars
  [24/98] Paul Valentin : Of Sand EP...
    body: 1823 chars
  [25/98] Dawuna : African Family Laptop Musick...
    body: 3296 chars
  [26/98] ELEH : Floating Frequencies/Intuitive Synthesis...
    body: 2073 chars
  [27/98] Alwin Nikolais : Electronic Dance Music, 1966-1989...
    body: 3478 chars
  [28/98] Brin : Loose Leaf...
    body: 778 chars
  [29/98] MAD PROFESSOR : Melodies International presents Ariwa So...
    body: 2066 chars
  [30/98] Cate Kennan : Shadows...
    body: 1356 chars
  [31/98] Various Artists : The Bristol Meets Africa Sound...
    body: 1737 chars
  [32/98] THE DURUTTI COLUMN : Renascent...
    body: 2948 chars
  [33/98] THE DURUTTI COLUMN : Vini Reilly...
    body: 1148 chars
  [34/98] Daily Toll : Sing Forever (Singing Is Free): Songs fr...
    body: 1131 chars
  [35/98] Eliane Radigue : Oeuvres Électroniques (Electronic Works)...
    body: 2762 chars
  [36/98] Tirez Tirez : Story Of The Year...
    body: 1972 chars
  [37/98] Ed Askew : The Final Painting...
    body: 1343 chars
  [38/98] Merzbow : Tsubute Mosaic...
    body: 1002 chars
  [39/98] Dean Blunt : BLACK METAL...
    body: 1832 chars
  [40/98] Spitbender : Spin...
    body: 2631 chars
  [41/98] Rosso Polare : Cacciamali...
    body: 2463 chars
  [42/98] Rose Keeler-Schaffeler : UNIVERSAL LANGUAGE...
    body: 2370 chars
  [43/98] Nurse With Wound : Alice The Goon...
    body: 1242 chars
  [44/98] JOHN TILBURY : At home...
    body: 2618 chars
  [45/98] Amanar de Kidal : Amanar de Kidal - Kel Tamasheq...
    body: 1512 chars
  [46/98] YL Hooi : Untitled...
    body: 1040 chars
  [47/98] François Bayle : 50 Ans D'Acousmatique (15 CD Box Set)...
    body: 2437 chars
  [48/98] Charanjit Singh : Synthesizing: Ten Ragas To A Disco Beat...
    body: 1437 chars
  [49/98] Efdemin : Mirror Phase EP...
    body: 657 chars
  [50/98] Moß Garten : Sekvensstyrd 1981–1986...
    body: 1470 chars
  [51/98] Various Artists : Eleven Harps...
    body: 2725 chars
  [52/98] Arca : XXXXX...
    body: 2524 chars
  [53/98] Agazero : Dissidente...
    body: 828 chars
  [54/98] Low End Activist : JH Versions...
    body: 1405 chars
  [55/98] The Body : Master, We Perish (Expanded)...
    body: 1086 chars
  [56/98] Jessika Kenney & Eyvind Kang : The Face of the Earth...
    body: 1327 chars
  [57/98] Forest Drive West : Blue 05...
    body: 450 chars
  [58/98] Bear Bones, Lay Low x Laslo Umbreit : Tales from the Source...
    body: 1564 chars
  [59/98] cv313 & Federsen : Sky Space EP...
    body: 873 chars
  [60/98] Tobias. & Friends : Plenty Of Time With Nothing To Do...
    body: 1529 chars
  [61/98] PHOTEK : 30 Seconds Out...
    body: 469 chars
  [62/98] Fields Of Mist : planetary mist signatures...
    body: 1122 chars
  [63/98] Ezmeralda : Untitled...
    body: 1250 chars
  [64/98] Four Tet : Human Voice...
    body: 56 chars
  [65/98] Ercília Costa : My Torment...
    body: 364 chars
  [66/98] Ahnnu : Parallax...
    body: 1468 chars
  [67/98] Sam Gendel : Pure Imagination (Lo Fi)...
    body: 644 chars
  [68/98] John Carroll Kirby : Meditations in Music...
    body: 1761 chars
  [69/98] Deantoni Parks : Homo Deus...
    body: 1830 chars
  [70/98] Black Taffy : Opal Wand...
    body: 2524 chars
  [71/98] Nailah Hunter : Nacre Meadow...
    body: 620 chars
  [72/98] Prison : Big Rigs on the BQE...
    body: 802 chars
  [73/98] Peals : The Compound 76...
    body: 1835 chars
  [74/98] Cold Diamond & Mink & Mr. Sophisticated Fingers : I Wish I Was Yours...
    body: 632 chars
  [75/98] Peals : Le Pantoum 46...
    body: 3772 chars
  [76/98] CD Ghost : When The Rain Stops...
    body: 395 chars
  [77/98] Robert Hood : Red Passion II - B...
    body: 393 chars
  [78/98] Eubo : Metalwork...
    body: 3914 chars
  [79/98] JOIA & Sol Elicio : ITMN / Higher...
    body: 3745 chars
  [80/98] Andy's Echo : Loco...
    body: 393 chars
  [81/98] Charlie Chaplin : Quenchie...
    body: 2534 chars
  [82/98] Various Artists : Street Bass Tape 26 (Mixed)...
    body: 395 chars
  [83/98] HMLTD : Blitzkrieg...
    body: 647 chars
  [84/98] Mariella & Streeton : On My Mind (Streeton's Brukdown)...
    body: 660 chars
  [85/98] Laelo Black : Phoenix...
    body: 1286 chars
  [86/98] pothOles : For Them Late Nights...
    body: 1142 chars
  [87/98] YOTO : Ciprés...
    body: 2331 chars
  [88/98] Various Artists : GTVA02...
    body: 1972 chars
  [89/98] Brogan Bentley : Your Favorite Color...
    body: 634 chars
  [90/98] Mike Risk & Mike Dunn : Let Me Take You There...
    body: 839 chars
  [91/98] Nicolas Rada : Lunar Sphere of Influence...
    body: 2274 chars
  [92/98] Floatist, Henny Herz : Shit Happens (but it still sucks)...
    body: 833 chars
  [93/98] Stephan Jolk : Lacida EP...
    body: 785 chars
  [94/98] Nonduality, Chirop : Intelligent Twiddler EP...
    body: 985 chars
  [95/98] ANNIE HALL : Future Sports...
    body: 1141 chars
  [96/98] Jammer & Zed Bias : Move Mountains...
    body: 624 chars
  [97/98] Yialmelic Frequencies : Play Ponds...
    body: 616 chars
  [98/98] Dino Siani : Pianoforte e Orchestra / I Solisti e gli...
    body: 2371 chars

Total: 98 items
Closed tab ef349fab-50e7-4dfb-8382-da679085a02b
