Boomkat scraper — Today: 2026-07-03, Cutoff: 2026-07-02, Pages: 2, Limit: 100
Creating tab and navigating to New Releases...

=== Page 1 ===
Found 50 products on page 1

=== Page 2 ===
Found 49 products on page 2

Total unique products: 99
  OK — Réka Csiszér & Radwan Ghazi Moumneh : Music Inspired by Philippe Garrel’s Le Révélateur (2026-07-03)
  OK — Basic Rhythm : 8 Bar Techno (2026-07-03)
  OK — ManonMars : Entertainment System (2026-07-03)
  OK — Topdown Dialectic : False LP A (2026-07-03)
  OK — Alex Zhang Hungtai : Orion/Mother (2026-07-03)
  OK — Rudi J : I Guess I'm Not In Tune After All (2026-07-03)
  OK — DONNA REGINA : Follow The Sea (2026-07-03)
  OK — Turn On The Sunlight : Iseo (2026-07-03)
  OK — Soul Jazz Records Presents : Rumble In The Jungle (20th Anniversary Edition) (2026-07-03)
  OK — heimelektronik & MAS 2008 : Electronic Corporation 1998-2006 (2026-07-03)
  OK — Various Artists : Sowas von Egal 3 (German Synth Wave Underground 1981-86) (2026-07-03)
  OK — Various Artists : Kuboraum Sound Residency Vol. 2 (2026-07-03)
  OK — Elori Saxl & Henry Solomon : Seeing Is Forgetting (2026-07-03)
  OK — Kevin Richard Martin : Sub Zero - Refractions (The Bug / Ghost Dubs Remixes) (2026-07-03)
  OK — Akiid : Skeffu (2026-07-03)
  OK — Old Saw : The Wringing Cloth (2026-07-03)
  OK — Contours : Perc EP (2026-07-03)
  OK — M. Geddes Gengras : Guest List (2026-07-03)
  OK — Hiss Is Bliss : Higher Me (2026-07-03)
  OK — Various Artists : BURGERS FOR MY NEW LIFE (2026-07-03)
  OK — Pixies : Complete B Sides (Remasters)Complete B Sides: 1988-97 (Remaster) (2026-07-03)
  OK — Dewa Alit & Gamelan Salukat : Baur Bentur (2026-07-03)
  OK — Lovegod : Rendezvous (2026-07-03)
  OK — Lekan Animashaun : Low Profile (2026-07-03)
  OK — KADAPT & Nova Ruth featuring Siko Setyanto : Ocean Cage (2026-07-03)
  OK — Beth Orton : The Ground Above (2026-07-03)
  OK — Will Long : Long Trax 5 (2026-07-03)
  OK — alias Junior Rain : Capelli di Cristallo (2026-07-03)
  OK — Lagoss : Música para Plátanos (2026-07-03)
  OK — Nurse With Wound : 1984 : A Happening (2026-07-03)
  OK — Aaron MF Olson : Songs Album II (2026-07-03)
  OK — Kennedy : Dream 5 (2026-07-03)
  OK — The Sterling Jubilee Singers : Jesus Hits Like the Atom Bomb: Gospel Quartet Singing in Jefferson County, Alabama (2026-07-03)
  OK — GAS : November 89 (2026-07-03)
  OK — T++ : Wireless (2026-07-03)
  OK — J Bailey : Beton Brute OST (2026-07-03)
  OK — Seekersinternational & wzrdryAV : Orbit Flares (2026-07-03)
  OK — Mija Milovic : STILL LIFE (2026-07-03)
  OK — A Good Year : Play (2026-07-03)
  OK — RICHARD H KIRK : Dasein (2026-07-03)
  OK — VAINQUEUR : Reductions 1995–1997 (2026-07-03)
  OK — Mário Rui Silva : Stories from Another Time 1982-1988 (Half-Speed Mastered Edition) (2026-07-03)
  OK — Bim Sherman : Ghetto Dub (2026-07-03)
  OK — Aho Ssan : The Sun Turned Black (2026-07-03)
  OK — Function : Aeternum (Existenz) (2026-07-03)
  OK — Steve Rachmad : 3-6-9 EP (2026-07-03)
  OK — Tomo Katsurada and Jonny Nash : At The Emerald Pool (2026-07-03)
  OK — Bleeder : Marble Station (2026-07-03)
  OK — Oren Ambarchi & Will Guthrie : Cold Shoulder (2026-07-03)
  OK — Joseph Kamaru : Further Combinations (2026-07-03)
  OK — Ronald Langestraat : Searching (2026-07-03)
  OK — Liss : I Guess Nothing Will Be The Same (2026-07-03)
  OK — Hildur Guðnadóttir : Mount A (2026-07-03)
  OK — Mark Ernestus’ Ndagga Rhythm Force : Khadim (2026-07-03)
  OK — THE CARETAKER : Everywhere At The End Of Time Stages 1-3 (Vinyl Set) (2026-07-03)
  OK — Hildur Guðnadóttir : Without Sinking (2026-07-03)
  OK — John Coltrane : Impressions (Acoustic Sounds) (2026-07-03)
  OK — Various Artists : I'm on My Journey Home: Sacred Harp Singing, 1928-1934 (2026-07-03)
  OK — Astrid Sonne : Great Doubt EDITS (2026-07-03)
  OK — Sun Ra : Somewhere Over The Rainbow (2026-07-03)
  OK — Phase Fatale : Off Desire (2026-07-03)
  OK — Aubrey Hoermann : The Dance Flo-Funk EP (2026-07-03)
  OK — Hildur Guðnadóttir : Saman (2026-07-03)
  OK — Jura Soundsystem : Morning Star (2026-07-03)
  OK — Anton Pearson : Driving Through Belgium (2026-07-03)
  OK — Play Time (Ben Vida, Will Epstein and Booker Stardrum) : Magic Object (2026-07-03)
  OK — Cabaret Voltaire : Live Archive #828285 (2026-07-03)
  OK — Main Phase & Talons : Attenuation EP (2026-07-03)
  OK — Charlie Conway : Rudded (2026-07-03)
  OK — Ondanaconda : Ondanaconda (2026-07-03)
  OK — BELA : Mouton and Blade (2026-07-03)
  OK — Paul St. Hilaire : ICE (2026-07-03)
  OK — Significant Other featuring Rosabella Allen : Lust On Your Shoulders (2026-07-03)
  OK — Richie Culver : C-SIDE (2026-07-03)
  OK — Ziúr featuring Martina Bertoni and Sara Persico : HOME (Refurbished) (2026-07-03)
  OK — STEVE BICKNELL : families of the future (2026-07-03)
  OK — Anna Kost : Everything Comes In Threes (2026-07-03)
  OK — Pentland Park : Coming Home (2026-07-03)
  OK — Session Victim : The Disconnect (2026-07-03)
  OK — Deetron, Ben Westbeech : Deep In Your Soul (2026-07-03)
  OK — Maask : Lyonesse (2026-07-03)
  OK — The Black Dog : Feral Grace (2026-07-03)
  OK — JENS LEKMAN : Other People, Other Wedding Songs (Music from the book 'Songs For Other People’s Weddings’) (2026-07-03)
  OK — Cold Diamond & Mink & Mr. Sophisticated Fingers : Is It True Baby (2026-07-03)
  OK — THE SPEAKING CLOCK & Datassette : Sodium Yellow Night (2026-07-03)
  OK — Robert Hood : Red Passion I - B (2026-07-03)
  OK — Midas Field : Sweet Abyss (2026-07-03)
  OK — Aakira, Nontiagitare : Spooktune (2026-07-03)
  OK — Jacques Bon, Pit Spector : Maree Bass EP (2026-07-03)
  OK — Lorena Alvarez & Alejandro Palacios : Jardín Giratorio (2026-07-03)
  OK — Juan Hansen, Franco BA, Miko Franconi : Inside My Mind (2026-07-03)
  OK — Tyrell Corporation : Midnight Machines (2026-07-03)
  OK — F.T.C Project, PaulaSmithJungle, Cash Kru and Someone In The Jungle : Straight From The Amiga EP (2026-07-03)
  OK — Dirty Channels : Jungle Echoes EP (2026-07-03)
  OK — Bambounou : Parsons (2026-07-03)
  OK — Oliver Rosemann : I’m afraid I can’t do that EP (2026-07-03)
  OK — Shinsuke Tsuchiuchi : Kingfisher (Remixes) (2026-07-03)
  OK — Red Axes, Baffopizza : Promo Only 1 / The Chosen One (Refixes) (2026-07-03)
  OK — Joe Davies : Wonderful Tempo (2026-07-03)

=== Visiting 99 product pages for full body ===
  [1/99] Réka Csiszér & Radwan Ghazi Moumneh : Music Inspired by Philippe Garrel’s Le R...
    body: 2749 chars
  [2/99] Basic Rhythm : 8 Bar Techno...
    body: 1370 chars
  [3/99] ManonMars : Entertainment System...
    body: 2685 chars
  [4/99] Topdown Dialectic : False LP A...
    body: 2688 chars
  [5/99] Alex Zhang Hungtai : Orion/Mother...
    body: 2097 chars
  [6/99] Rudi J : I Guess I'm Not In Tune After All...
    body: 3227 chars
  [7/99] DONNA REGINA : Follow The Sea...
    body: 1502 chars
  [8/99] Turn On The Sunlight : Iseo...
    body: 2928 chars
  [9/99] Soul Jazz Records Presents : Rumble In The Jungle (20th Anniversary E...
    body: 1490 chars
  [10/99] heimelektronik & MAS 2008 : Electronic Corporation 1998-2006...
    body: 2096 chars
  [11/99] Various Artists : Sowas von Egal 3 (German Synth Wave Unde...
    body: 996 chars
  [12/99] Various Artists : Kuboraum Sound Residency Vol. 2...
    body: 1904 chars
  [13/99] Elori Saxl & Henry Solomon : Seeing Is Forgetting...
    body: 1625 chars
  [14/99] Kevin Richard Martin : Sub Zero - Refractions (The Bug / Ghost ...
    body: 1340 chars
  [15/99] Akiid : Skeffu...
    body: 1914 chars
  [16/99] Old Saw : The Wringing Cloth...
    body: 2142 chars
  [17/99] Contours : Perc EP...
    body: 831 chars
  [18/99] M. Geddes Gengras : Guest List...
    body: 2511 chars
  [19/99] Hiss Is Bliss : Higher Me...
    body: 461 chars
  [20/99] Various Artists : BURGERS FOR MY NEW LIFE...
    body: 344 chars
  [21/99] Pixies : Complete B Sides (Remasters)Complete B S...
    body: 986 chars
  [22/99] Dewa Alit & Gamelan Salukat : Baur Bentur...
    body: 1940 chars
  [23/99] Lovegod : Rendezvous...
    body: 656 chars
  [24/99] Lekan Animashaun : Low Profile...
    body: 2121 chars
  [25/99] KADAPT & Nova Ruth featuring Siko Setyanto : Ocean Cage...
    body: 1994 chars
  [26/99] Beth Orton : The Ground Above...
    body: 1902 chars
  [27/99] Will Long : Long Trax 5...
    body: 1165 chars
  [28/99] alias Junior Rain : Capelli di Cristallo...
    body: 1527 chars
  [29/99] Lagoss : Música para Plátanos...
    body: 1826 chars
  [30/99] Nurse With Wound : 1984 : A Happening...
    body: 1078 chars
  [31/99] Aaron MF Olson : Songs Album II...
    body: 1114 chars
  [32/99] Kennedy : Dream 5...
    body: 762 chars
  [33/99] The Sterling Jubilee Singers : Jesus Hits Like the Atom Bomb: Gospel Qu...
    body: 1111 chars
  [34/99] GAS : November 89...
    body: 1896 chars
  [35/99] T++ : Wireless...
    body: 2131 chars
  [36/99] J Bailey : Beton Brute OST...
    body: 771 chars
  [37/99] Seekersinternational & wzrdryAV : Orbit Flares...
    body: 1526 chars
  [38/99] Mija Milovic : STILL LIFE...
    body: 348 chars
  [39/99] A Good Year : Play...
    body: 1549 chars
  [40/99] RICHARD H KIRK : Dasein...
    body: 2064 chars
  [41/99] VAINQUEUR : Reductions 1995–1997...
    body: 1176 chars
  [42/99] Mário Rui Silva : Stories from Another Time 1982-1988 (Hal...
    body: 1596 chars
  [43/99] Bim Sherman : Ghetto Dub...
    body: 1573 chars
  [44/99] Aho Ssan : The Sun Turned Black...
    body: 2062 chars
  [45/99] Function : Aeternum (Existenz)...
    body: 2336 chars
  [46/99] Steve Rachmad : 3-6-9 EP...
    body: 634 chars
  [47/99] Tomo Katsurada and Jonny Nash : At The Emerald Pool...
    body: 4137 chars
  [48/99] Bleeder : Marble Station...
    body: 1007 chars
  [49/99] Oren Ambarchi & Will Guthrie : Cold Shoulder...
    body: 1763 chars
  [50/99] Joseph Kamaru : Further Combinations...
    body: 623 chars
  [51/99] Ronald Langestraat : Searching...
    body: 1084 chars
  [52/99] Liss : I Guess Nothing Will Be The Same...
    body: 668 chars
  [53/99] Hildur Guðnadóttir : Mount A...
    body: 386 chars
  [54/99] Mark Ernestus’ Ndagga Rhythm Force : Khadim...
    body: 3175 chars
  [55/99] THE CARETAKER : Everywhere At The End Of Time Stages 1-3...
    body: 1339 chars
  [56/99] Hildur Guðnadóttir : Without Sinking...
    body: 2371 chars
  [57/99] John Coltrane : Impressions (Acoustic Sounds)...
    body: 1062 chars
  [58/99] Various Artists : I'm on My Journey Home: Sacred Harp Sing...
    body: 901 chars
  [59/99] Astrid Sonne : Great Doubt EDITS...
    body: 1327 chars
  [60/99] Sun Ra : Somewhere Over The Rainbow...
    body: 2478 chars
  [61/99] Phase Fatale : Off Desire...
    body: 645 chars
  [62/99] Aubrey Hoermann : The Dance Flo-Funk EP...
    body: 412 chars
  [63/99] Hildur Guðnadóttir : Saman...
    body: 1012 chars
  [64/99] Jura Soundsystem : Morning Star...
    body: 912 chars
  [65/99] Anton Pearson : Driving Through Belgium...
    body: 2175 chars
  [66/99] Play Time (Ben Vida, Will Epstein and Booker Stardrum) : Magic Object...
    body: 1395 chars
  [67/99] Cabaret Voltaire : Live Archive #828285...
    body: 1196 chars
  [68/99] Main Phase & Talons : Attenuation EP...
    body: 608 chars
  [69/99] Charlie Conway : Rudded...
    body: 1019 chars
  [70/99] Ondanaconda : Ondanaconda...
    body: 2076 chars
  [71/99] BELA : Mouton and Blade...
    body: 653 chars
  [72/99] Paul St. Hilaire : ICE...
    body: 627 chars
  [73/99] Significant Other featuring Rosabella Allen : Lust On Your Shoulders...
    body: 665 chars
  [74/99] Richie Culver : C-SIDE...
    body: 633 chars
  [75/99] Ziúr featuring Martina Bertoni and Sara Persico : HOME (Refurbished)...
    body: 657 chars
  [76/99] STEVE BICKNELL : families of the future...
    body: 1315 chars
  [77/99] Anna Kost : Everything Comes In Threes...
    body: 1237 chars
  [78/99] Pentland Park : Coming Home...
    body: 873 chars
  [79/99] Session Victim : The Disconnect...
    body: 1438 chars
  [80/99] Deetron, Ben Westbeech : Deep In Your Soul...
    body: 1536 chars
  [81/99] Maask : Lyonesse...
    body: 1252 chars
  [82/99] The Black Dog : Feral Grace...
    body: 1845 chars
  [83/99] JENS LEKMAN : Other People, Other Wedding Songs (Music...
    body: 4284 chars
  [84/99] Cold Diamond & Mink & Mr. Sophisticated Fingers : Is It True Baby...
    body: 651 chars
  [85/99] THE SPEAKING CLOCK & Datassette : Sodium Yellow Night...
    body: 2276 chars
  [86/99] Robert Hood : Red Passion I - B...
    body: 655 chars
  [87/99] Midas Field : Sweet Abyss...
    body: 1426 chars
  [88/99] Aakira, Nontiagitare : Spooktune...
    body: 1227 chars
  [89/99] Jacques Bon, Pit Spector : Maree Bass EP...
    body: 1251 chars
  [90/99] Lorena Alvarez & Alejandro Palacios : Jardín Giratorio...
    body: 1484 chars
  [91/99] Juan Hansen, Franco BA, Miko Franconi : Inside My Mind...
    body: 664 chars
  [92/99] Tyrell Corporation : Midnight Machines...
    body: 1268 chars
  [93/99] F.T.C Project, PaulaSmithJungle, Cash Kru and Someone In The Jungle : Straight From The Amiga EP...
    body: 1259 chars
  [94/99] Dirty Channels : Jungle Echoes EP...
    body: 616 chars
  [95/99] Bambounou : Parsons...
    body: 1034 chars
  [96/99] Oliver Rosemann : I’m afraid I can’t do that EP...
    body: 2124 chars
  [97/99] Shinsuke Tsuchiuchi : Kingfisher (Remixes)...
    body: 1119 chars
  [98/99] Red Axes, Baffopizza : Promo Only 1 / The Chosen One (Refixes)...
    body: 889 chars
  [99/99] Joe Davies : Wonderful Tempo...
    body: 1260 chars

Total: 99 items
Closed tab 801f6493-1603-477a-8133-793eb032df03
