Bandwagon Asia scraper — Cutoff: 2026-06-02T08:25:43.112132+00:00
  Listen: 4 articles
  Reviews: 4 articles
  News: 4 articles
Total unique articles: 12
  [1/12] FIFTY FIFTY get introspective in EP ‘Imperfect-I’m...
    SKIP: older than cutoff (2026-06-02T13:45:00+08:00 < 2026-06-02T08:25:43.112132+00:00)
  [2/12] LIL LEAGUE & BUS because of you i shine's NEX & AA...
    SKIP: older than cutoff (2026-06-02T12:15:00+08:00 < 2026-06-02T08:25:43.112132+00:00)
  [3/12] SHINee unveils genre-defying 6th mini album 'Atmos...
    SKIP: older than cutoff (2026-06-02T12:00:00+08:00 < 2026-06-02T08:25:43.112132+00:00)
  [4/12] Henry Lau drops exhilarating English single 'ENJOY...
    SKIP: older than cutoff (2026-05-29T18:17:00+08:00 < 2026-06-02T08:25:43.112132+00:00)
  [5/12] Lola Amour mark 10 years with emotional sold-out a...
    SKIP: older than cutoff (2026-05-25T12:16:00+08:00 < 2026-06-02T08:25:43.112132+00:00)
  [6/12] BTS bring ‘ARIRANG’ spectacle to Las Vegas with 4 ...
    SKIP: older than cutoff (2026-05-24T23:55:00+08:00 < 2026-06-02T08:25:43.112132+00:00)
  [7/12] Tilly Birds unite regional fans at intimate Singap...
    SKIP: older than cutoff (2026-05-18T18:19:00+08:00 < 2026-06-02T08:25:43.112132+00:00)
  [8/12] Harry Styles kicks off 'Together, Together 2026' t...
    SKIP: older than cutoff (2026-05-18T12:00:00+08:00 < 2026-06-02T08:25:43.112132+00:00)
  [9/12] Tensions soar among BTS ARMY in Singapore as scalp...
  [10/12] BTS to perform at the 'iHeartRadio Music Festival ...
  [11/12] 'ANH TRAI "SAY HI" - DAY 9: REPLY 2024' brings the...
  [12/12] First-ever '2026 CORTIS TOUR IN NORTH AMERICA' to ...
Bandwagon Asia: 4 items
