Boomkat scraper — Today: 2026-07-22, Cutoff: 2026-07-21, Pages: 2, Limit: 100
Creating tab and navigating to New Releases...

=== Page 1 ===
Found 50 products on page 1

=== Page 2 ===
Found 49 products on page 2

Total unique products: 99
  OK — Leo : Cicada Burnt (2026-07-22)
  OK — NPLGNN : BABYLON INNA 'A CAPA MI (2026-07-22)
  OK — The Sprigs : For Red Riverbank (2026-07-22)
  OK — Sissi Rada : Nana Butu (2026-07-22)
  OK — Hortense Ellis & Big Youth : Hell & Sorrow / Tribulation (2026-07-22)
  OK — Bot1500 : The Black Sea (2026-07-22)
  OK — Earthquake Studio : Dub Harder Than Steel (2026-07-22)
  OK — Visible Cloaks / Jun Arasaki / Nine Sheep : Kajyadhi Fu Bushi (w/ Visible Cloaks Remix) (2026-07-22)
  OK — The Spectacle of Light Abductions 2 : Music for the Paintings of Vedran Kopljar (2026-07-22)
  OK — THE DURUTTI COLUMN : Short Stories for Pauline (2026-07-22)
  OK — Alex Nut : The Heat EP (2026-07-22)
  OK — Prophetic Justice Ministry : Key To World Peace (2026-07-22)
  OK — THE DURUTTI COLUMN : Sex and Death (2026-07-22)
  OK — panasonic : Muuntaja / Murtaja (2026-07-22)
  OK — Alex Izenberg : South California Blues (2026-07-22)
  OK — Bibio & Dorian Concept : Shame (2026-07-22)
  OK — Afterz, Troy, Três Chill, Haroldo Bontempo : Victory (2026-07-22)
  OK — Mansour : We Have Got It (2026-07-22)
  OK — Cabaret Voltaire : Thank You America (John Robie Dub Mix, 2026 Remaster) (2026-07-22)
  OK — How Du : Villains of Albion (2026-07-22)
  OK — Various Artists : Postliquid LP Part 1 (2026-07-22)
  OK — John Glacier : Bond Girl (2026-07-22)
  OK — Sofie Royer : Opium (2026-07-22)
  OK — Danny L Harle & Doss : Crystallise Divergence (2026-07-22)
  OK — DAZZLE : One Beat (2026-07-22)
  OK — Picture : Uuuuuuuu (2026-07-22)
  OK — Mohamed Bourouissa : LILA (2026-07-22)
  OK — Sun Ra & Merzbow : Strange City (2026-07-22)
  OK — Sofie Birch : Bivabippabualukka (2026-07-22)
  OK — Actress : Overchord (2026-07-22)
  OK — Grouper : Dragging a Dead Deer Up a Hill (2026-07-22)
  OK — Low End Activist : Low End Activism 004 (2026-07-22)
  OK — So Savoeun : The Golden Voice Of Phnom Penh, 1962- 1974 (2026-07-22)
  OK — Pharoah Sanders & Bill Laswell : With a Heartbeat (2026-07-22)
  OK — Low End Activist & Sikka Rymes : Invite Chaos (Kill Dem) (2026-07-22)
  OK — Low End Activist : Engineers Origins (2026-07-22)
  OK — DADAWAH : Peace & Love (2026-07-22)
  OK — Kishi Bashi, Tall Tall Trees & The Sound Sanctuary : Kishi Bashi & Tall Tall Trees & The Sound Sanctuary (2026-07-22)
  OK — Islands On Tape : Dust Conspiracy (2026-07-22)
  OK — megiapa : Open Your Eyes (2026-07-22)
  OK — Josh Da Costa : Shireen (2026-07-22)
  OK — LAMBCHOP : The New World Wave (2026-07-22)
  OK — Emily A. Sprague : Sing To (Khotin Remix) (2026-07-22)
  OK — Hans P. Kjorstad : Dis (2026-07-22)
  OK — Little Willie Littlefield & Rhythm : I Need A Pay Day b/w I Want A Little Girl (2026-07-22)
  OK — Alice Barlow : Behind (2026-07-22)
  OK — Mick Harvey, Amanda Acevedo : Song for Aurora (2026-07-22)
  OK — Chateau : Man Of The Country (2026-07-22)
  OK — Cyst, Iglooghost, & daisy* : Rabbit (2026-07-22)
  OK — Ed Longo, The Applied Arts Ensemble : The Other Fantasy (2026-07-22)
  OK — Alice Jean, The Mondellos & Rhythm : Daylight Saving Time b/w That's What I Call Love (2026-07-21)
  OK — Yakub : Posh Spice / Glamorous death is his destination (2026-07-21)
  OK — Hakushi Hasegawa and HaHa And The Hairpins : Suffocation Diary (2026-07-21)
  OK — Various Artists : Watergate XV (2026-07-21)
  OK — ARTHUR RUSSELL : Another Thought (2026-07-21)
  OK — Saphileaum : Heavenly Hills (2026-07-21)
  OK — Pendant : To All Sides They Will Stretch Out Their Hands (2026-07-21)
  OK — Nashpaints : Everyone Good Is Called Molly (2026-07-21)
  OK — Various Artists : A Minha Vida é um Filme e Nele Eu Sou o Vilão - Carimbos e Vinhetas dos Paredões Brasileiros (2026-07-21)
  OK — Nurse With Wound : 1984 : A Happening (2026-07-21)
  OK — Bill Laswell + P.ST : Mount Analogue (2026-07-21)
  OK — Charli XCX : Music, Fashion, Film (2026-07-21)
  OK — Justine Perry, Paula Koski : Paired Works (2026-07-21)
  OK — Jejune : No One Like You b/w The Boy With The Thorn In His Side (2026-07-21)
  OK — Pictish Trail : Hold It (Both Hands remix) (2026-07-21)
  OK — Danny Clay : A Moment Beyond (2026-07-21)
  OK — Junge Eko : Metal Horse II (2026-07-21)
  OK — Corey King : The Damndest (2026-07-21)
  OK — Morning People, Adam Feingold, M Salaciak, Richard : Morning People (2026-07-21)
  OK — Jody Fingers Finch : Jack Your Big Booty (2026-07-21)
  OK — DX2OV : Tonegues (2026-07-21)
  OK — Florian T M Zeisig : Music for Parents (2026-07-21)
  OK — T++ : Wireless (2026-07-21)
  OK — Nídia & Valentina : Estradas (Versions) (2026-07-21)
  OK — Richard Norris : Re-Make: Re-Model (Richard Norris Remixes) (2026-07-21)
  OK — Josh Da Costa : New Wave Graveyard (2026-07-21)
  OK — Benabou : Rise & Merge (2026-07-21)
  OK — Distinct Motive : Hypnotize (2026-07-21)
  OK — Aeson Zervas : 3 (2026-07-21)
  OK — Tricky : Different When It's Silent (2026-07-21)
  OK — Iguana : CHORA (2026-07-21)
  OK — Paul Kendall : AMENace, goodbye (2026-07-21)
  OK — Egil Kalman & Hans Hulbaekmo : Unit of Time (2026-07-21)
  OK — Static Cleaner Lost Reward : Breathing Under Honey (2026-07-21)
  OK — Helado Tropical : Helado Tropical (2026-07-21)
  OK — THE WIRE : Issue 510: August 2026 (2026-07-21)
  OK — Foul Play : Origins (2026-07-21)
  OK — DJ Manny & DJ Phil : Feature Presentation EP (2026-07-21)
  OK — Nuke Watch : Fusion (2026-07-21)
  OK — PROTOCOL : Channel Zero (2026-07-21)
  OK — Sylvain Chauveau : The Complexity of the Simple (2026-07-21)
  OK — Untold : False Vacuum EP (2026-07-21)
  OK — Old Saw : The Wringing Cloth (2026-07-21)
  OK — Jana Irmert : Messengers (Original Soundtrack) (2026-07-21)
  OK — Various Artists : STUDIO SIMPA: DIGITAL DANCE MUSIC ON VCD FROM DAGBON, NORTHERN GHANA (2026-07-21)
  OK — Tomo Katsurada and Jonny Nash : At The Emerald Pool (2026-07-21)
  OK — Various Artists : Virtual Dreams II - Ambient Explorations In The House & Techno Age, Japan 1993-1999 (2026-07-21)
  OK — Vincent Yuen Ruiz : Trio (2026-07-21)
  OK — NEOBORIS : Hélas (2026-07-21)

=== Visiting 99 product pages for full body ===
  [1/99] Leo : Cicada Burnt...
    body: 1786 chars
  [2/99] NPLGNN : BABYLON INNA 'A CAPA MI...
    body: 791 chars
  [3/99] The Sprigs : For Red Riverbank...
    body: 3355 chars
  [4/99] Sissi Rada : Nana Butu...
    body: 2988 chars
  [5/99] Hortense Ellis & Big Youth : Hell & Sorrow / Tribulation...
    body: 521 chars
  [6/99] Bot1500 : The Black Sea...
    body: 3383 chars
  [7/99] Earthquake Studio : Dub Harder Than Steel...
    body: 1866 chars
  [8/99] Visible Cloaks / Jun Arasaki / Nine Sheep : Kajyadhi Fu Bushi (w/ Visible Cloaks Rem...
    body: 760 chars
  [9/99] The Spectacle of Light Abductions 2 : Music for the Paintings of Vedran Koplja...
    body: 1018 chars
  [10/99] THE DURUTTI COLUMN : Short Stories for Pauline...
    body: 810 chars
  [11/99] Alex Nut : The Heat EP...
    body: 841 chars
  [12/99] Prophetic Justice Ministry : Key To World Peace...
    body: 2619 chars
  [13/99] THE DURUTTI COLUMN : Sex and Death...
    body: 1572 chars
  [14/99] panasonic : Muuntaja / Murtaja...
    body: 1126 chars
  [15/99] Alex Izenberg : South California Blues...
    body: 859 chars
  [16/99] Bibio & Dorian Concept : Shame...
    body: 631 chars
  [17/99] Afterz, Troy, Três Chill, Haroldo Bontempo : Victory...
    body: 857 chars
  [18/99] Mansour : We Have Got It...
    body: 649 chars
  [19/99] Cabaret Voltaire : Thank You America (John Robie Dub Mix, 2...
    body: 727 chars
  [20/99] How Du : Villains of Albion...
    body: 672 chars
  [21/99] Various Artists : Postliquid LP Part 1...
    body: 2804 chars
  [22/99] John Glacier : Bond Girl...
    body: 639 chars
  [23/99] Sofie Royer : Opium...
    body: 631 chars
  [24/99] Danny L Harle & Doss : Crystallise Divergence...
    body: 1641 chars
  [25/99] DAZZLE : One Beat...
    body: 1241 chars
  [26/99] Picture : Uuuuuuuu...
    body: 864 chars
  [27/99] Mohamed Bourouissa : LILA...
    body: 2072 chars
  [28/99] Sun Ra & Merzbow : Strange City...
    body: 1227 chars
  [29/99] Sofie Birch : Bivabippabualukka...
    body: 1894 chars
  [30/99] Actress : Overchord...
    body: 1008 chars
  [31/99] Grouper : Dragging a Dead Deer Up a Hill...
    body: 1480 chars
  [32/99] Low End Activist : Low End Activism 004...
    body: 967 chars
  [33/99] So Savoeun : The Golden Voice Of Phnom Penh, 1962- 19...
    body: 1442 chars
  [34/99] Pharoah Sanders & Bill Laswell : With a Heartbeat...
    body: 1843 chars
  [35/99] Low End Activist & Sikka Rymes : Invite Chaos (Kill Dem)...
    body: 708 chars
  [36/99] Low End Activist : Engineers Origins...
    body: 1120 chars
  [37/99] DADAWAH : Peace & Love...
    body: 1130 chars
  [38/99] Kishi Bashi, Tall Tall Trees & The Sound Sanctuary : Kishi Bashi & Tall Tall Trees & The Soun...
    body: 1473 chars
  [39/99] Islands On Tape : Dust Conspiracy...
    body: 651 chars
  [40/99] megiapa : Open Your Eyes...
    body: 649 chars
  [41/99] Josh Da Costa : Shireen...
    body: 635 chars
  [42/99] LAMBCHOP : The New World Wave...
    body: 1043 chars
  [43/99] Emily A. Sprague : Sing To (Khotin Remix)...
    body: 516 chars
  [44/99] Hans P. Kjorstad : Dis...
    body: 627 chars
  [45/99] Little Willie Littlefield & Rhythm : I Need A Pay Day b/w I Want A Little Gir...
    body: 884 chars
  [46/99] Alice Barlow : Behind...
    body: 633 chars
  [47/99] Mick Harvey, Amanda Acevedo : Song for Aurora...
    body: 850 chars
  [48/99] Chateau : Man Of The Country...
    body: 866 chars
  [49/99] Cyst, Iglooghost, & daisy* : Rabbit...
    body: 828 chars
  [50/99] Ed Longo, The Applied Arts Ensemble : The Other Fantasy...
    body: 1459 chars
  [51/99] Alice Jean, The Mondellos & Rhythm : Daylight Saving Time b/w That's What I C...
    body: 898 chars
  [52/99] Yakub : Posh Spice / Glamorous death is his dest...
    body: 898 chars
  [53/99] Hakushi Hasegawa and HaHa And The Hairpins : Suffocation Diary...
    body: 393 chars
  [54/99] Various Artists : Watergate XV...
    body: 1371 chars
  [55/99] ARTHUR RUSSELL : Another Thought...
    body: 1609 chars
  [56/99] Saphileaum : Heavenly Hills...
    body: 1548 chars
  [57/99] Pendant : To All Sides They Will Stretch Out Their...
    body: 2774 chars
  [58/99] Nashpaints : Everyone Good Is Called Molly...
    body: 2973 chars
  [59/99] Various Artists : A Minha Vida é um Filme e Nele Eu Sou o ...
    body: 3061 chars
  [60/99] Nurse With Wound : 1984 : A Happening...
    body: 1078 chars
  [61/99] Bill Laswell + P.ST : Mount Analogue...
    body: 1972 chars
  [62/99] Charli XCX : Music, Fashion, Film...
    body: 1055 chars
  [63/99] Justine Perry, Paula Koski : Paired Works...
    body: 2290 chars
  [64/99] Jejune : No One Like You b/w The Boy With The Tho...
    body: 910 chars
  [65/99] Pictish Trail : Hold It (Both Hands remix)...
    body: 866 chars
  [66/99] Danny Clay : A Moment Beyond...
    body: 1290 chars
  [67/99] Junge Eko : Metal Horse II...
    body: 649 chars
  [68/99] Corey King : The Damndest...
    body: 1046 chars
  [69/99] Morning People, Adam Feingold, M Salaciak, Richard : Morning People...
    body: 1205 chars
  [70/99] Jody Fingers Finch : Jack Your Big Booty...
    body: 1082 chars
  [71/99] DX2OV : Tonegues...
    body: 1845 chars
  [72/99] Florian T M Zeisig : Music for Parents...
    body: 1449 chars
  [73/99] T++ : Wireless...
    body: 2131 chars
  [74/99] Nídia & Valentina : Estradas (Versions)...
    body: 1459 chars
  [75/99] Richard Norris : Re-Make: Re-Model (Richard Norris Remixe...
    body: 1473 chars
  [76/99] Josh Da Costa : New Wave Graveyard...
    body: 1635 chars
  [77/99] Benabou : Rise & Merge...
    body: 886 chars
  [78/99] Distinct Motive : Hypnotize...
    body: 389 chars
  [79/99] Aeson Zervas : 3...
    body: 2141 chars
  [80/99] Tricky : Different When It's Silent...
    body: 2926 chars
  [81/99] Iguana : CHORA...
    body: 3634 chars
  [82/99] Paul Kendall : AMENace, goodbye...
    body: 4002 chars
  [83/99] Egil Kalman & Hans Hulbaekmo : Unit of Time...
    body: 3816 chars
  [84/99] Static Cleaner Lost Reward : Breathing Under Honey...
    body: 2100 chars
  [85/99] Helado Tropical : Helado Tropical...
    body: 1948 chars
  [86/99] THE WIRE : Issue 510: August 2026...
    body: 4998 chars
  [87/99] Foul Play : Origins...
    body: 1466 chars
  [88/99] DJ Manny & DJ Phil : Feature Presentation EP...
    body: 673 chars
  [89/99] Nuke Watch : Fusion...
    body: 1865 chars
  [90/99] PROTOCOL : Channel Zero...
    body: 874 chars
  [91/99] Sylvain Chauveau : The Complexity of the Simple...
    body: 1663 chars
  [92/99] Untold : False Vacuum EP...
    body: 1238 chars
  [93/99] Old Saw : The Wringing Cloth...
    body: 2142 chars
  [94/99] Jana Irmert : Messengers (Original Soundtrack)...
    body: 1557 chars
  [95/99] Various Artists : STUDIO SIMPA: DIGITAL DANCE MUSIC ON VCD...
    body: 1768 chars
  [96/99] Tomo Katsurada and Jonny Nash : At The Emerald Pool...
    body: 4354 chars
  [97/99] Various Artists : Virtual Dreams II - Ambient Explorations...
    body: 2291 chars
  [98/99] Vincent Yuen Ruiz : Trio...
    body: 1975 chars
  [99/99] NEOBORIS : Hélas...
    body: 2890 chars

Total: 99 items
Closed tab 0bf89f64-3bc9-4cf9-a0de-92e62fe3569f
