Boomkat scraper — Today: 2026-08-07, Cutoff: 2026-08-06, Pages: 2, Limit: 100
Creating tab and navigating to New Releases...
Waiting 15s for CF challenge to clear...
CF check: Boomkat|50

=== Page 1 ===
Found 50 products on page 1

=== Page 2 ===
Found 48 products on page 2

Total unique products: 98
  OK — Father Dionysios Tabakis : Paradise Metal (2026-08-07)
  OK — Various Artists : Emile Omar Présente Déclic, Kaz A Zouk : Zouk - Créole Rap & Ragga - Kompa - Gwo Ka Modern (1987 - 1998) (2026-08-07)
  OK — Vox Populi! : In Dub (2026-08-07)
  OK — LAWRENCE ENGLISH : The Rest Is My Ghost (2026-08-07)
  OK — This heat : THIS HEAT (2026-08-07)
  OK — Various Artists : Fully Nowhere: A World Resources Archive (2026-08-07)
  OK — Roy Montgomery & Martha Skye Murphy : Nebular (2026-08-07)
  OK — LUC FERRARI : L'Œuvre Électronique (2026-08-07)
  OK — Sissi Rada : Serious Songs (2026-08-07)
  OK — BERNARD PARMEGIANI : L'Œuvre Musicale (12 CD Box Set) (2026-08-07)
  OK — THE NECKS : Travel (2026-08-07)
  OK — Various Artists : life is beautiful records: veneration for the sacred action (2026-08-07)
  OK — Various Artists : The Bristol & Bath Blitz Club Meets Art School Sound - 80's Explosion (2026-08-07)
  OK — LA MARR (Ron Trent) : Mood Programs - Extended Play (2026-08-07)
  OK — jason calhoun : revelations of divine love (2026-08-07)
  OK — Cop Tears : The Rules Of The Game (2026-08-07)
  OK — Rhythm & Sound : See Mi Yah (2026-08-07)
  OK — Tara Clerkin Trio : Somewhere Good (2026-08-07)
  OK — ManonMars : Entertainment System (2026-08-07)
  OK — Konx-om-Pax : Naja Naja EP (2026-08-07)
  OK — TALK TALK : Spirit Of Eden (180g Half Speed Master) (2026-08-07)
  OK — Lolina : gg (2026-08-07)
  OK — Art Feynman : Orphans (2026-08-07)
  OK — John Carpenter, Cody Carpenter, & Daniel Davies : Cathedral (2026-08-07)
  OK — Al Wootton & Irene Bianco : Rope (2026-08-07)
  OK — JOHARI SALLEH : JAZZ DARI ANGKASAPURI (2026-08-07)
  OK — Lee Noble : No Becoming (2026 Remaster) (2026-08-07)
  OK — LOREN CONNORS & DAVID GRUBBS : Somewhere in the Wind (2026-08-07)
  OK — Eliane Radigue : Oeuvres Électroniques (Electronic Works) (2026-08-07)
  OK — Flora Yin Wong : Flora Yin-Wong [50] (2026-08-07)
  OK — Salamanda : Music To Watch Seeds Grow By 008: Salamanda (Basil) (2026-08-07)
  OK — THE NECKS : Vertigo (2026-08-07)
  OK — Time is Away : Ballads (2026-08-07)
  OK — THE NECKS : Bleed (2026-08-07)
  OK — Rudimentary Peni : The E.P's of R.P (2026-08-07)
  OK — Arca : XXXXX (2026-08-07)
  OK — François Bayle : 50 Ans D'Acousmatique (15 CD Box Set) (2026-08-07)
  OK — DEV/NULL : Drum Damage (2026-08-07)
  OK — Overmono : Pure Devotion (2026-08-07)
  OK — Gus Till : Rainsong (2026-08-07)
  OK — Steve Rachmad : Light And Time (2026-08-07)
  OK — Tokiyo Ooto & Orhythmo : Play Nursery Rhymes and Children's Songs (2026-08-07)
  OK — Patricia Wolf : Music To Watch Seeds Grow By 009: Patricia Wolf (Yarrow) (2026-08-07)
  OK — Wiregrass Sacred Harp Singers : Songs From The B. F. White Sacred Harp (2026-08-07)
  OK — Anvar Kalandarov : Central Asian Synthesizers (2026-08-07)
  OK — Kamma & Masalo : Can't Fake The Feeling (2026-08-07)
  OK — ALFONSO SOLIANO : TIGA TROMBONE (2026-08-07)
  OK — Slim Levy : Snippet Sounds (2026-08-07)
  OK — Lee "Scratch" Perry : Disco Devil Vol. 3 (5 More Classic Discomixes From The Black Ark Studio 1977-9) (2026-08-07)
  OK — Citizen : Halcyon Blues (2026-08-07)
  OK — Let Your Hair Down : Pingu's Anthem b/w Gronk (2026-08-07)
  OK — Joyce Moreno, Tutty Moreno & Adrian Younge : Joyce e Tutty Moreno JID027 (2026-08-07)
  OK — Kiasmos : II Reworked (2026-08-07)
  OK — Cari Lekebusch : Dark Queen Silver Knight (2026-08-07)
  OK — BARTOSZ SZPAK : FOR DISTANCES (2026-08-07)
  OK — Dead Best : God: Out Of Order (2026-08-07)
  OK — Uh Huh Her : Nocturnes: Redux (2026-08-07)
  OK — Various Artists : Sittin' With Blaze, A Tribute to Blaze Foley (2026-08-07)
  OK — Mondoriviera : La Laguna Dei Bei Sogni (2026-08-07)
  OK — NX1 : PH EP (2026-08-07)
  OK — Let Your Hair Down : Pingu's Anthem b/w Gronk (2026-08-07)
  OK — Kacper Krupa : SEKWA (2026-08-07)
  OK — Strict Face : Age Of Burnout (2026-08-07)
  OK — Lee Bains : Free South 2025 (Live) (2026-08-07)
  OK — Knowledge : Stumbling Block (2026-08-07)
  OK — Bon Odori feat. Patrick Shiroishi & Amulets : Kimyō (2026-08-07)
  OK — pdqb : ZETA-KOGNITION (2026-08-07)
  OK — Wollion & 82J6 : Reload (2026-08-07)
  OK — Skatman : Going The Distance (2026-08-07)
  OK — Halftribe : Disappear in Silent Ways (2026-08-07)
  OK — Timelapse, Jos & Eli : Running EP (2026-08-07)
  OK — STONK : Pressure Trap EP (2026-08-07)
  OK — Robert Hood : Red Passion III - A1 (2026-08-07)
  OK — FREDDY FRESH : Four Sutras of Manichae (2026-08-07)
  OK — FUPPER : Nullius (2026-08-07)
  OK — Crazy Clue : Where the Dregs Dwell (2026-08-07)
  OK — Eddy Gloss Orchestra : Right Along (2026-08-07)
  OK — Fabio Fabor : Your Body in the Dark (2026-08-07)
  OK — GRG : DBX001 (2026-08-07)
  OK — Patterns Make Sunrise : New Youth Sound (2026-08-07)
  OK — Soeneido and Tweeleaf : Journey Out Of Body EP (2026-08-07)
  OK — Cletus Strap : rappers suck. (2026-08-07)
  OK — Various Artists : Heatwave Vol.2 (2026-08-07)
  OK — Johannes Klingebiel : Escape Room (2026-08-07)
  OK — Hedchef : Cash & Other Drugs (2026-08-07)
  OK — Steven Julien, 808 PRINCE : AFTERS (2026-08-07)
  OK — J.TRIPP : TELL (2026-08-07)
  OK — plainhead : Before Game Changer (2026-08-07)
  OK — Raw Takes : House of Phreaks EP (2026-08-07)
  OK — Ken Ishii, David Castellani : Obia (2026-08-07)
  OK — Di Saronno : On My Prime EP (2026-08-07)
  OK — Kaio Barssalos and Schusta : Vulged Records Dual Series 008 (2026-08-07)
  OK — Ela Minus and Nick León : qué les pasó a mis amigos? (2026-08-07)
  OK — Catz 'n Dogz, Ajii : We're Gonna Be Alright (2026-08-07)
  OK — Nathalie Capello : Dreams (2026-08-07)
  OK — DJ Haus : EnerGiZer (2026-08-07)
  OK — Luna Summer : Fairies Making Magic (2026-08-07)
  OK — Kimbr : Become The Sound, Vol. 1 (2026-08-07)

=== Visiting 98 product pages for full body ===
  [1/98] Father Dionysios Tabakis : Paradise Metal...
    body: 2840 chars
  [2/98] Various Artists : Emile Omar Présente Déclic, Kaz A Zouk :...
    body: 822 chars
  [3/98] Vox Populi! : In Dub...
    body: 1267 chars
  [4/98] LAWRENCE ENGLISH : The Rest Is My Ghost...
    body: 3364 chars
  [5/98] This heat : THIS HEAT...
    body: 2337 chars
  [6/98] Various Artists : Fully Nowhere: A World Resources Archive...
    body: 2125 chars
  [7/98] Roy Montgomery & Martha Skye Murphy : Nebular...
    body: 2536 chars
  [8/98] LUC FERRARI : L'Œuvre Électronique...
    body: 2841 chars
  [9/98] Sissi Rada : Serious Songs...
    body: 3273 chars
  [10/98] BERNARD PARMEGIANI : L'Œuvre Musicale (12 CD Box Set)...
    body: 1644 chars
  [11/98] THE NECKS : Travel...
    body: 1784 chars
  [12/98] Various Artists : life is beautiful records: veneration fo...
    body: 3360 chars
  [13/98] Various Artists : The Bristol & Bath Blitz Club Meets Art ...
    body: 1429 chars
  [14/98] LA MARR (Ron Trent) : Mood Programs - Extended Play...
    body: 1335 chars
  [15/98] jason calhoun : revelations of divine love...
    body: 1800 chars
  [16/98] Cop Tears : The Rules Of The Game...
    body: 1760 chars
  [17/98] Rhythm & Sound : See Mi Yah...
    body: 2128 chars
  [18/98] Tara Clerkin Trio : Somewhere Good...
    body: 2908 chars
  [19/98] ManonMars : Entertainment System...
    body: 2324 chars
  [20/98] Konx-om-Pax : Naja Naja EP...
    body: 605 chars
  [21/98] TALK TALK : Spirit Of Eden (180g Half Speed Master)...
    body: 926 chars
  [22/98] Lolina : gg...
    body: 1070 chars
  [23/98] Art Feynman : Orphans...
    body: 2472 chars
  [24/98] John Carpenter, Cody Carpenter, & Daniel Davies : Cathedral...
    body: 2075 chars
  [25/98] Al Wootton & Irene Bianco : Rope...
    body: 2345 chars
  [26/98] JOHARI SALLEH : JAZZ DARI ANGKASAPURI...
    body: 1562 chars
  [27/98] Lee Noble : No Becoming (2026 Remaster)...
    body: 1456 chars
  [28/98] LOREN CONNORS & DAVID GRUBBS : Somewhere in the Wind...
    body: 1854 chars
  [29/98] Eliane Radigue : Oeuvres Électroniques (Electronic Works)...
    body: 2762 chars
  [30/98] Flora Yin Wong : Flora Yin-Wong [50]...
    body: 1080 chars
  [31/98] Salamanda : Music To Watch Seeds Grow By 008: Salama...
    body: 1294 chars
  [32/98] THE NECKS : Vertigo...
    body: 1558 chars
  [33/98] Time is Away : Ballads...
    body: 1181 chars
  [34/98] THE NECKS : Bleed...
    body: 2213 chars
  [35/98] Rudimentary Peni : The E.P's of R.P...
    body: 783 chars
  [36/98] Arca : XXXXX...
    body: 2651 chars
  [37/98] François Bayle : 50 Ans D'Acousmatique (15 CD Box Set)...
    body: 3889 chars
  [38/98] DEV/NULL : Drum Damage...
    body: 892 chars
  [39/98] Overmono : Pure Devotion...
    body: 1941 chars
  [40/98] Gus Till : Rainsong...
    body: 1614 chars
  [41/98] Steve Rachmad : Light And Time...
    body: 2794 chars
  [42/98] Tokiyo Ooto & Orhythmo : Play Nursery Rhymes and Children's Songs...
    body: 1475 chars
  [43/98] Patricia Wolf : Music To Watch Seeds Grow By 009: Patric...
    body: 1694 chars
  [44/98] Wiregrass Sacred Harp Singers : Songs From The B. F. White Sacred Harp...
    body: 1397 chars
  [45/98] Anvar Kalandarov : Central Asian Synthesizers...
    body: 1428 chars
  [46/98] Kamma & Masalo : Can't Fake The Feeling...
    body: 495 chars
  [47/98] ALFONSO SOLIANO : TIGA TROMBONE...
    body: 1537 chars
  [48/98] Slim Levy : Snippet Sounds...
    body: 2317 chars
  [49/98] Lee "Scratch" Perry : Disco Devil Vol. 3 (5 More Classic Disco...
    body: 116 chars
  [50/98] Citizen : Halcyon Blues...
    body: 886 chars
  [51/98] Let Your Hair Down : Pingu's Anthem b/w Gronk...
    body: 800 chars
  [52/98] Joyce Moreno, Tutty Moreno & Adrian Younge : Joyce e Tutty Moreno JID027...
    body: 1838 chars
  [53/98] Kiasmos : II Reworked...
    body: 2960 chars
  [54/98] Cari Lekebusch : Dark Queen Silver Knight...
    body: 2082 chars
  [55/98] BARTOSZ SZPAK : FOR DISTANCES...
    body: 3269 chars
  [56/98] Dead Best : God: Out Of Order...
    body: 2562 chars
  [57/98] Uh Huh Her : Nocturnes: Redux...
    body: 2770 chars
  [58/98] Various Artists : Sittin' With Blaze, A Tribute to Blaze F...
    body: 395 chars
  [59/98] Mondoriviera : La Laguna Dei Bei Sogni...
    body: 393 chars
  [60/98] NX1 : PH EP...
    body: 1232 chars
  [61/98] Let Your Hair Down : Pingu's Anthem b/w Gronk...
    body: 800 chars
  [62/98] Kacper Krupa : SEKWA...
    body: 1868 chars
  [63/98] Strict Face : Age Of Burnout...
    body: 3754 chars
  [64/98] Lee Bains : Free South 2025 (Live)...
    body: 393 chars
  [65/98] Knowledge : Stumbling Block...
    body: 2897 chars
  [66/98] Bon Odori feat. Patrick Shiroishi & Amulets : Kimyō...
    body: 1848 chars
  [67/98] pdqb : ZETA-KOGNITION...
    body: 1892 chars
  [68/98] Wollion & 82J6 : Reload...
    body: 393 chars
  [69/98] Skatman : Going The Distance...
    body: 393 chars
  [70/98] Halftribe : Disappear in Silent Ways...
    body: 2913 chars
  [71/98] Timelapse, Jos & Eli : Running EP...
    body: 847 chars
  [72/98] STONK : Pressure Trap EP...
    body: 1144 chars
  [73/98] Robert Hood : Red Passion III - A1...
    body: 667 chars
  [74/98] FREDDY FRESH : Four Sutras of Manichae...
    body: 2513 chars
  [75/98] FUPPER : Nullius...
    body: 395 chars
  [76/98] Crazy Clue : Where the Dregs Dwell...
    body: 395 chars
  [77/98] Eddy Gloss Orchestra : Right Along...
    body: 1826 chars
  [78/98] Fabio Fabor : Your Body in the Dark...
    body: 6949 chars
  [79/98] GRG : DBX001...
    body: 1151 chars
  [80/98] Patterns Make Sunrise : New Youth Sound...
    body: 2900 chars
  [81/98] Soeneido and Tweeleaf : Journey Out Of Body EP...
    body: 1303 chars
  [82/98] Cletus Strap : rappers suck....
    body: 1853 chars
  [83/98] Various Artists : Heatwave Vol.2...
    body: 1878 chars
  [84/98] Johannes Klingebiel : Escape Room...
    body: 1288 chars
  [85/98] Hedchef : Cash & Other Drugs...
    body: 1078 chars
  [86/98] Steven Julien, 808 PRINCE : AFTERS...
    body: 639 chars
  [87/98] J.TRIPP : TELL...
    body: 2868 chars
  [88/98] plainhead : Before Game Changer...
    body: 634 chars
  [89/98] Raw Takes : House of Phreaks EP...
    body: 1669 chars
  [90/98] Ken Ishii, David Castellani : Obia...
    body: 1035 chars
  [91/98] Di Saronno : On My Prime EP...
    body: 1282 chars
  [92/98] Kaio Barssalos and Schusta : Vulged Records Dual Series 008...
    body: 1264 chars
  [93/98] Ela Minus and Nick León : qué les pasó a mis amigos?...
    body: 1082 chars
  [94/98] Catz 'n Dogz, Ajii : We're Gonna Be Alright...
    body: 686 chars
  [95/98] Nathalie Capello : Dreams...
    body: 1083 chars
  [96/98] DJ Haus : EnerGiZer...
    body: 1323 chars
  [97/98] Luna Summer : Fairies Making Magic...
    body: 839 chars
  [98/98] Kimbr : Become The Sound, Vol. 1...
    body: 1397 chars

Total: 98 items
Closed tab c702bd85-0422-4145-84dd-1eb8f28c5261
