JazzTokyo scraper — now=2026-08-23T20:17:09.136586+00:00 cutoff=2026-08-22T08:17:09.136586+00:00 days=1.5

=== Listing https://jazztokyo.org/ ===
  found 37 post links

=== Listing https://jazztokyo.org/page/2/ ===
  found 36 post links

Total unique candidates: 41
  fetch: https://jazztokyo.org/column/reflection-of-music/post-123933/
 [1/40] SKIP old (pub=2026-08-15): Reflections of Music Vol. 111 渋谷毅
  fetch: https://jazztokyo.org/column/inaoka/post-124078/
 [2/40] SKIP old (pub=2026-08-15): From the Editor’s Desk #28 渋谷毅との仕事
  fetch: https://jazztokyo.org/all-about-jazz/post-124539/
 [3/40] SKIP old (pub=2026-08-15): 30年後も、ビジョンは変わらない
  fetch: https://jazztokyo.org/reviews/live-report/post-123924/
 [4/40] SKIP old (pub=2026-08-15): #1424 コルトレーン・ナイト
  fetch: https://jazztokyo.org/reviews/live-report/post-124027/
 [5/40] SKIP old (pub=2026-08-15): #1423 ニューポート・ジャズフェス2026：アンジーヌ・ド・ポワトリーヌ、ロバート・グラスパー
  fetch: https://jazztokyo.org/reviews/live-report/post-124377/
 [6/40] SKIP old (pub=2026-08-15): #1422 Ben van Gelder & Reinier Baas (ベン・ヴァン・ゲルダー&レ
  fetch: https://jazztokyo.org/reviews/live-report/post-124376/
 [7/40] SKIP old (pub=2026-08-15): #1421『Polyphonia～森定道広によるポリフォニー作品に焦点を当てた新グループ、初公演』
  fetch: https://jazztokyo.org/reviews/live-report/post-124112/
 [8/40] SKIP old (pub=2026-08-15): #1420 権代敦彦 オペラ《ZEN》
  fetch: https://jazztokyo.org/reviews/live-report/post-124299/
 [9/40] SKIP old (pub=2026-08-15): #1419 望月紅華ダンスカンパニー / 今来個ん – Konkokon –
  fetch: https://jazztokyo.org/reviews/cd-dvd-review/post-124209/
 [10/40] SKIP old (pub=2026-08-15): #1418 2026年7月、タツ青木
  fetch: https://jazztokyo.org/reviews/live-report/post-124715/
 [11/40] FETCH ERROR: https://jazztokyo.org/reviews/live-report/post-124715/ HTTP 500 on POST /tabs/f6a93103-e94b-46ca-a7af-b43552fb6f5d/navigate: {"error":"Internal server error","retryable":false}
  fetch: https://jazztokyo.org/reviews/sound-check/post-123995/
 [12/40] FETCH ERROR: https://jazztokyo.org/reviews/sound-check/post-123995/ HTTP 404 on POST /tabs/f6a93103-e94b-46ca-a7af-b43552fb6f5d/navigate: {"error":"Tab not found"}
  fetch: https://jazztokyo.org/column/a-view-with-notes/post-124156/
 [13/40] FETCH ERROR: https://jazztokyo.org/column/a-view-with-notes/post-124156/ HTTP 404 on POST /tabs/f6a93103-e94b-46ca-a7af-b43552fb6f5d/navigate: {"error":"Tab not found"}
  fetch: https://jazztokyo.org/column/live-after-live/post-124004/
 [14/40] FETCH ERROR: https://jazztokyo.org/column/live-after-live/post-124004/ HTTP 404 on POST /tabs/f6a93103-e94b-46ca-a7af-b43552fb6f5d/navigate: {"error":"Tab not found"}
  fetch: https://jazztokyo.org/column/kaze-wo-aruku/post-124002/
 [15/40] FETCH ERROR: https://jazztokyo.org/column/kaze-wo-aruku/post-124002/ HTTP 404 on POST /tabs/f6a93103-e94b-46ca-a7af-b43552fb6f5d/navigate: {"error":"Tab not found"}
  fetch: https://jazztokyo.org/column/waka-to-jazz/post-124106/
 [16/40] FETCH ERROR: https://jazztokyo.org/column/waka-to-jazz/post-124106/ HTTP 404 on POST /tabs/f6a93103-e94b-46ca-a7af-b43552fb6f5d/navigate: {"error":"Tab not found"}
  fetch: https://jazztokyo.org/column/lagrange-point/post-124351/
 [17/40] FETCH ERROR: https://jazztokyo.org/column/lagrange-point/post-124351/ HTTP 404 on POST /tabs/f6a93103-e94b-46ca-a7af-b43552fb6f5d/navigate: {"error":"Tab not found"}
  fetch: https://jazztokyo.org/column/special/post-124435/
 [18/40] FETCH ERROR: https://jazztokyo.org/column/special/post-124435/ HTTP 404 on POST /tabs/f6a93103-e94b-46ca-a7af-b43552fb6f5d/navigate: {"error":"Tab not found"}
  fetch: https://jazztokyo.org/reviews/cd-dvd-review/post-124176/
 [19/40] FETCH ERROR: https://jazztokyo.org/reviews/cd-dvd-review/post-124176/ HTTP 404 on POST /tabs/f6a93103-e94b-46ca-a7af-b43552fb6f5d/navigate: {"error":"Tab not found"}
  fetch: https://jazztokyo.org/reviews/cd-dvd-review/post-123941/
 [20/40] FETCH ERROR: https://jazztokyo.org/reviews/cd-dvd-review/post-123941/ HTTP 404 on POST /tabs/f6a93103-e94b-46ca-a7af-b43552fb6f5d/navigate: {"error":"Tab not found"}
  fetch: https://jazztokyo.org/reviews/cd-dvd-review/post-124438/
 [21/40] FETCH ERROR: https://jazztokyo.org/reviews/cd-dvd-review/post-124438/ HTTP 404 on POST /tabs/f6a93103-e94b-46ca-a7af-b43552fb6f5d/navigate: {"error":"Tab not found"}
  fetch: https://jazztokyo.org/reviews/cd-dvd-review/post-124329/
 [22/40] FETCH ERROR: https://jazztokyo.org/reviews/cd-dvd-review/post-124329/ HTTP 404 on POST /tabs/f6a93103-e94b-46ca-a7af-b43552fb6f5d/navigate: {"error":"Tab not found"}
  fetch: https://jazztokyo.org/reviews/cd-dvd-review/post-124313/
 [23/40] FETCH ERROR: https://jazztokyo.org/reviews/cd-dvd-review/post-124313/ HTTP 404 on POST /tabs/f6a93103-e94b-46ca-a7af-b43552fb6f5d/navigate: {"error":"Tab not found"}
  fetch: https://jazztokyo.org/reviews/cd-dvd-review/post-124611/
 [24/40] FETCH ERROR: https://jazztokyo.org/reviews/cd-dvd-review/post-124611/ HTTP 404 on POST /tabs/f6a93103-e94b-46ca-a7af-b43552fb6f5d/navigate: {"error":"Tab not found"}
  fetch: https://jazztokyo.org/reviews/cd-dvd-review/post-121464/
 [25/40] FETCH ERROR: https://jazztokyo.org/reviews/cd-dvd-review/post-121464/ HTTP 404 on POST /tabs/f6a93103-e94b-46ca-a7af-b43552fb6f5d/navigate: {"error":"Tab not found"}
  fetch: https://jazztokyo.org/news/post-124905/
 [26/40] FETCH ERROR: https://jazztokyo.org/news/post-124905/ HTTP 404 on POST /tabs/f6a93103-e94b-46ca-a7af-b43552fb6f5d/navigate: {"error":"Tab not found"}
  fetch: https://jazztokyo.org/news/post-123978/
 [27/40] FETCH ERROR: https://jazztokyo.org/news/post-123978/ HTTP 404 on POST /tabs/f6a93103-e94b-46ca-a7af-b43552fb6f5d/navigate: {"error":"Tab not found"}
  fetch: https://jazztokyo.org/news/post-124373/
 [28/40] FETCH ERROR: https://jazztokyo.org/news/post-124373/ HTTP 404 on POST /tabs/f6a93103-e94b-46ca-a7af-b43552fb6f5d/navigate: {"error":"Tab not found"}
  fetch: https://jazztokyo.org/news/post-124055/
 [29/40] FETCH ERROR: https://jazztokyo.org/news/post-124055/ HTTP 404 on POST /tabs/f6a93103-e94b-46ca-a7af-b43552fb6f5d/navigate: {"error":"Tab not found"}
  fetch: https://jazztokyo.org/news/post-123974/
 [30/40] FETCH ERROR: https://jazztokyo.org/news/post-123974/ HTTP 404 on POST /tabs/f6a93103-e94b-46ca-a7af-b43552fb6f5d/navigate: {"error":"Tab not found"}
  fetch: https://jazztokyo.org/news/post-123953/
 [31/40] FETCH ERROR: https://jazztokyo.org/news/post-123953/ HTTP 404 on POST /tabs/f6a93103-e94b-46ca-a7af-b43552fb6f5d/navigate: {"error":"Tab not found"}
  fetch: https://jazztokyo.org/interviews/post-123340/
 [32/40] FETCH ERROR: https://jazztokyo.org/interviews/post-123340/ HTTP 404 on POST /tabs/f6a93103-e94b-46ca-a7af-b43552fb6f5d/navigate: {"error":"Tab not found"}
  fetch: https://jazztokyo.org/news/post-123256/
 [33/40] FETCH ERROR: https://jazztokyo.org/news/post-123256/ HTTP 404 on POST /tabs/f6a93103-e94b-46ca-a7af-b43552fb6f5d/navigate: {"error":"Tab not found"}
  fetch: https://jazztokyo.org/interviews/post-93239/
 [34/40] FETCH ERROR: https://jazztokyo.org/interviews/post-93239/ HTTP 404 on POST /tabs/f6a93103-e94b-46ca-a7af-b43552fb6f5d/navigate: {"error":"Tab not found"}
  fetch: https://jazztokyo.org/news/post-119878/
 [35/40] FETCH ERROR: https://jazztokyo.org/news/post-119878/ HTTP 404 on POST /tabs/f6a93103-e94b-46ca-a7af-b43552fb6f5d/navigate: {"error":"Tab not found"}
  fetch: https://jazztokyo.org/news/post-121992/
 [36/40] FETCH ERROR: https://jazztokyo.org/news/post-121992/ HTTP 404 on POST /tabs/f6a93103-e94b-46ca-a7af-b43552fb6f5d/navigate: {"error":"Tab not found"}
  fetch: https://jazztokyo.org/news/post-121449/
 [37/40] FETCH ERROR: https://jazztokyo.org/news/post-121449/ HTTP 404 on POST /tabs/f6a93103-e94b-46ca-a7af-b43552fb6f5d/navigate: {"error":"Tab not found"}
  fetch: https://jazztokyo.org/news/post-123964/
 [38/40] FETCH ERROR: https://jazztokyo.org/news/post-123964/ HTTP 404 on POST /tabs/f6a93103-e94b-46ca-a7af-b43552fb6f5d/navigate: {"error":"Tab not found"}
  fetch: https://jazztokyo.org/news/post-123914/
 [39/40] FETCH ERROR: https://jazztokyo.org/news/post-123914/ HTTP 404 on POST /tabs/f6a93103-e94b-46ca-a7af-b43552fb6f5d/navigate: {"error":"Tab not found"}
  fetch: https://jazztokyo.org/news/post-123908/
 [40/40] FETCH ERROR: https://jazztokyo.org/news/post-123908/ HTTP 404 on POST /tabs/f6a93103-e94b-46ca-a7af-b43552fb6f5d/navigate: {"error":"Tab not found"}

Results: total=0 in_window=0 non_music_skipped=0 old_skipped=10 fetch_errors=30
Wrote /home/liyifan/music-record/2026/08/2026-08-24/jazztokyo_reviews.json (0 items)
