JazzTokyo (resilient) — now=2026-08-23T20:26:37.199796+00:00 cutoff=2026-08-22T08:26:37.199796+00:00

=== Listing https://jazztokyo.org/ ===
  [tab] created OK (27f7a561-b65b-4f19-9ede-62185ae30606)
  [list] found 37 post links

=== Listing https://jazztokyo.org/page/2/ ===
  [tab] created OK (f837b52d-0242-4f72-84e2-fb1fcedc9050)
  [list] found 36 post links

Total unique candidates: 41
  [art] https://jazztokyo.org/column/reflection-of-music/post-123933/
  [tab] created OK (6d964c12-4744-4578-8701-30b617e80d0b)
 [1/30] SKIP old (pub=2026-08-15): Reflections of Music Vol. 111 渋谷毅
  [art] https://jazztokyo.org/column/inaoka/post-124078/
  [tab] created OK (9b9a2b41-8644-4c5b-9522-d61364e3fb6c)
 [2/30] SKIP old (pub=2026-08-15): From the Editor’s Desk #28 渋谷毅との仕事
  [art] https://jazztokyo.org/all-about-jazz/post-124539/
  [tab] created OK (933c2577-5c4a-4426-9cfe-06ea6a1fd607)
 [3/30] SKIP old (pub=2026-08-15): 30年後も、ビジョンは変わらない
  [art] https://jazztokyo.org/reviews/live-report/post-123924/
  [tab] POST /tabs returned 503: {"error":"Browser session expired. Retry to get a fresh session.","code":"session_expired","retryable":true,"recovery":"retry"}
  [tab] checking existing tabs...
 [4/30] FETCH ERROR: https://jazztokyo.org/reviews/live-report/post-123924/
  [art] https://jazztokyo.org/reviews/live-report/post-124027/
  [tab] created OK (6547b8c2-9fb6-4218-a167-31c2562acf3f)
 [5/30] SKIP old (pub=2026-08-15): #1423 ニューポート・ジャズフェス2026：アンジーヌ・ド・ポワトリーヌ、ロバート・グラスパー
  [art] https://jazztokyo.org/reviews/live-report/post-124377/
  [tab] created OK (29f3baa0-9687-4559-84ae-2a823e08e410)
 [6/30] SKIP old (pub=2026-08-15): #1422 Ben van Gelder & Reinier Baas (ベン・ヴァン・ゲルダー&レ
  [art] https://jazztokyo.org/reviews/live-report/post-124376/
  [tab] created OK (fa40787e-088f-43cf-849b-d1c63daa72c4)
 [7/30] SKIP old (pub=2026-08-15): #1421『Polyphonia～森定道広によるポリフォニー作品に焦点を当てた新グループ、初公演』
  [art] https://jazztokyo.org/reviews/live-report/post-124112/
  [tab] created OK (2a8def6e-8784-469b-b1aa-a80babb8a7d7)
 [8/30] SKIP old (pub=2026-08-15): #1420 権代敦彦 オペラ《ZEN》
  [art] https://jazztokyo.org/reviews/live-report/post-124299/
  [tab] created OK (beee95e8-feef-49c4-bd53-20ce3df963e8)
 [9/30] SKIP old (pub=2026-08-15): #1419 望月紅華ダンスカンパニー / 今来個ん – Konkokon –
  [art] https://jazztokyo.org/reviews/cd-dvd-review/post-124209/
  [tab] POST /tabs returned 503: {"error":"Browser session expired. Retry to get a fresh session.","code":"session_expired","retryable":true,"recovery":"retry"}
  [tab] checking existing tabs...
 [10/30] FETCH ERROR: https://jazztokyo.org/reviews/cd-dvd-review/post-124209/
  [art] https://jazztokyo.org/reviews/live-report/post-124715/
  [tab] created OK (dc958be5-b3aa-455d-abc9-a0df36076dc8)
 [11/30] SKIP old (pub=2026-08-15): #1417 マリア・シュナイダー・オーケストラ
  [art] https://jazztokyo.org/reviews/sound-check/post-123995/
  [tab] created OK (0a704e60-70e1-4de4-accc-b0634e7280f0)
 [12/30] SKIP old (pub=2026-08-15): #25 『シンディ・ブラックマン・サンタナ／コヒーレンス』
  [art] https://jazztokyo.org/column/a-view-with-notes/post-124156/
