Boomkat scraper — Today: 2026-08-22, Cutoff: 2026-08-21, Pages: 2, Limit: 100
Creating tab and navigating to New Releases...
Waiting 15s for CF challenge to clear...
CF check: Boomkat|50

=== Page 1 (https://boomkat.com/new-releases?show=100) ===
Found 50 products on page 1

=== Page 2 (https://boomkat.com/new-releases?show=100&page=2) ===
Found 46 products on page 2

Total unique products: 96
  OK — Felicia Atkinson & Christina Vantzou : Reflections Vol. 3: Water Poems (2026-08-21)
  OK — STEPHEN O'MALLEY : Avaeken (2026-08-21)
  OK — Ghost Dubs : Damaged (2026-08-21)
  OK — TYONDAI BRAXTON : Splayed Werks (2026-08-21)
  OK — Frances Chang : been thinking bout confession (2026-08-21)
  OK — Barnt : Geffen (2026-08-21)
  OK — Lyeform : Vintage Gilly (2026-08-21)
  OK — Carrier : Thresholds (2026-08-21)
  OK — YHWH Nailgun : Magazine (2026-08-21)
  OK — Kotaro Maruyama : Vapor Curve (2026-08-21)
  OK — Darlynn : Dyke Den (2026-08-21)
  OK — HTRK : Work (Work, Work) (2026-08-21)
  OK — SWELL MAPS : The John Peel Sessions (2026-08-21)
  OK — Mark Jenkin : The Rose Of Nevada (Original Score) (2026-08-21)
  OK — Christer Bothén, Oren Ambarchi, Johan Berthling, Andreas Werliin : Serpentine (2026-08-21)
  OK — Charles Dodge : Synthesized Voices (2026-08-21)
  OK — Anne Clark : Our Darkness (2026-08-21)
  OK — Manuel Göttsching : E2-E4 (2026-08-21)
  OK — White Light & Jo Bogaert : Whale (2026-08-21)
  OK — Intertoto x Michael J. Blood : If I Take You Home (Michael J. Blood Mixes) (2026-08-21)
  OK — Sa Pa : Girls on Tour EP (2026-08-21)
  OK — LUSINE : Melting Days (2026-08-21)
  OK — K. Freund : Window Left Open (2026-08-21)
  OK — Regina Collage : Horizont (2026-08-21)
  OK — Daniel Pineda : Landlocked (2026-08-21)
  OK — Kirk Barley : Arc (2026-08-21)
  OK — Ezra Feinberg : Soft Power (2026-08-21)
  OK — GB : Herzsprung (2026-08-21)
  OK — Dinosaur Jr. : I Bet on Sky (2026-08-21)
  OK — Charanjit Singh : Synthesizing: Ten Ragas To A Disco Beat (2026-08-21)
  OK — Cities Aviv : EVEN COLDER SPRING (2026-08-21)
  OK — LAMBCHOP : Punching the Clown (2026-08-21)
  OK — Julia Holter : Materia (2026-08-21)
  OK — Marco Cassanelli : Visions EP (2026-08-21)
  OK — Lovely Dave : Lovely Dave (2026-08-21)
  OK — Various Artists : AMERICAN DUB ELECTRONICS (2026-08-21)
  OK — aisie : Black Fire Dream (2026-08-21)
  OK — John Coltrane : Meditations (Verve Vault) (2026-08-21)
  OK — Various Artists : My Heart is Dust Before Him: 21st Century Gasba from Algeria (2026-08-21)
  OK — AKUFEN : Architextures 1 -2 -3 (2026-08-21)
  OK — Various Artists : Never Say When (2026-08-21)
  OK — Francesca Gaza and Kugelförmigkeit Ensemble : Crown Shyness (2026-08-21)
  OK — Black Marble : Life in Small Spaces (2026-08-21)
  OK — Guiding Light : Fear on My Own Time (2026-08-21)
  OK — Giraffe : The Towering Inferno With Bongo Drums (2026-08-21)
  OK — Various Artists : Sofa Singles Club #3 (2026-08-21)
  OK — Enofa : Small Modernist House in Woodland Setting (2026-08-21)
  OK — IROIRO : Formosa (Single Mix) (2026-08-21)
  OK — Marie Delprat : What Remains After Desire (2026-08-21)
  OK — Scrambled Eggs : Happier Together, Filthier Than Ever [The Best Of] (2026-08-21)
  OK — The Incompetents : A Temporary Convergence Of Interests [The Disgruntled Best Of] (2026-08-21)
  OK — Clara Hill and Crackazat : I Want You to Know (My Heart Beats Slow) (2026-08-21)
  OK — Maťkovia : 1982-1986 (Expanded) (2026-08-21)
  OK — The Force of Music : Dub Duel (2026-08-21)
  OK — Danny Passarella : The Wrecked Exotics Vol 1 (2026-08-21)
  OK — Rteph88, Steve Cobby : The Seven Dogs (2026-08-21)
  OK — Riviera Gaz : Catacroma (2026-08-21)
  OK — Stefano Guzzetti : In A Strange Place (2026-08-21)
  OK — A.Morgan : Nothing Is Lost (2026-08-21)
  OK — Will Saul & Mark Hawkins : Do 4 U (2026-08-21)
  OK — Robert Hood : Red Passion III - B1 (2026-08-21)
  OK — EbE404 : Cortisol (2026-08-21)
  OK — STEVE RODEN : chair (a subscape of resonance) (2026-08-21)
  OK — Ell Murphy : summer juce (2026-08-21)
  OK — Sonny Khoeblal,Thalamus : Summer of Love & Music (2026-08-21)
  OK — Groove Armada : Body Action (2026-08-21)
  OK — Monsieur Van Pratt : Too Slow To Disco Edits 19: Monsieur Van Pratt (2026-08-21)
  OK — Baba Stiltz : Totally (2026-08-21)
  OK — Phil Kieran, Jordan Nocturne : Going Home (2026-08-21)
  OK — Ben Hixon : The Return (2026-08-21)
  OK — CLARK : Entity Stims (2026-08-21)
  OK — Olsvang​​èr : Honey Tangerine (2026-08-21)
  OK — Modern Walker : Raveworld (2026-08-21)
  OK — pdqb : Ratio 68 (Diputació) (2026-08-21)
  OK — Robag Wruhme : Fumaxohn (2026-08-21)
  OK — Billy Hare : Too Much (2026-08-21)
  OK — Maribou State : Hallucinating Love (Deluxe) (2026-08-21)
  OK — Sam Amidon, Sam Wilkes : Froggy (2026-08-21)
  OK — Dj Tomer, Ricardo Gi, Gil Bokobza, Nomvula SA : Umlilo (2026-08-21)
  OK — Smadi : The Present Moment (2026-08-21)
  OK — Raphael Loher : Figuren II (2026-08-21)
  OK — Eldritch Priest : too, so like nothing (2026-08-21)
  OK — AgainstMe : UTIL 08 (2026-08-21)
  OK — Garden Variety : Knocking The Skill Level (2026-08-21)
  OK — Bonn : Unpleasant (2026-08-21)
  OK — Hyenah & Benjee (TN) : Allele (2026-08-21)
  OK — Various Artists : Hotflush On The Floor 9 (2026-08-21)
  OK — Ondness : I Can Only Put So Much Into A Song (2026-08-21)
  OK — Limewax : 2/1 EP (2026-08-21)
  OK — Limewax : 1/2 EP (2026-08-21)
  OK — Jakob Mäder : House Your Feeling EP (2026-08-21)
  OK — Shahrokh Dini, Phil Rosplesch : See About Me (Remix EP) (2026-08-21)
  OK — Robbie Akbal, Nicaré : Meridian (2026-08-21)
  OK — Sir Hiss : Mi Coco (2026-08-21)
  OK — Franco Rossi : Clergy Splits [04-A] (2026-08-21)
  OK — Raymond Roussel : no one asked us yet (2026-08-21)

=== Visiting 96 product pages for full body ===
  [1/96] Felicia Atkinson & Christina Vantzou : Reflections Vol. 3: Water Poems...
    body: 1857 chars
  [2/96] STEPHEN O'MALLEY : Avaeken...
    body: 2468 chars
  [3/96] Ghost Dubs : Damaged...
    body: 2239 chars
  [4/96] TYONDAI BRAXTON : Splayed Werks...
    body: 6833 chars
  [5/96] Frances Chang : been thinking bout confession...
    body: 1996 chars
  [6/96] Barnt : Geffen...
    body: 522 chars
  [7/96] Lyeform : Vintage Gilly...
    body: 628 chars
  [8/96] Carrier : Thresholds...
    body: 1538 chars
  [9/96] YHWH Nailgun : Magazine...
    body: 2890 chars
  [10/96] Kotaro Maruyama : Vapor Curve...
    body: 1260 chars
  [11/96] Darlynn : Dyke Den...
    body: 1713 chars
  [12/96] HTRK : Work (Work, Work)...
    body: 1567 chars
  [13/96] SWELL MAPS : The John Peel Sessions...
    body: 1444 chars
  [14/96] Mark Jenkin : The Rose Of Nevada (Original Score)...
    body: 1638 chars
  [15/96] Christer Bothén, Oren Ambarchi, Johan Berthling, Andreas Werliin : Serpentine...
    body: 2079 chars
  [16/96] Charles Dodge : Synthesized Voices...
    body: 3370 chars
  [17/96] Anne Clark : Our Darkness...
    body: 1331 chars
  [18/96] Manuel Göttsching : E2-E4...
    body: 1390 chars
  [19/96] White Light & Jo Bogaert : Whale...
    body: 737 chars
  [20/96] Intertoto x Michael J. Blood : If I Take You Home (Michael J. Blood Mix...
    body: 630 chars
  [21/96] Sa Pa : Girls on Tour EP...
    body: 1110 chars
  [22/96] LUSINE : Melting Days...
    body: 1420 chars
  [23/96] K. Freund : Window Left Open...
    body: 1450 chars
  [24/96] Regina Collage : Horizont...
    body: 2375 chars
  [25/96] Daniel Pineda : Landlocked...
    body: 1516 chars
  [26/96] Kirk Barley : Arc...
    body: 1895 chars
  [27/96] Ezra Feinberg : Soft Power...
    body: 3067 chars
  [28/96] GB : Herzsprung...
    body: 1825 chars
  [29/96] Dinosaur Jr. : I Bet on Sky...
    body: 1646 chars
  [30/96] Charanjit Singh : Synthesizing: Ten Ragas To A Disco Beat...
    body: 1437 chars
  [31/96] Cities Aviv : EVEN COLDER SPRING...
    body: 1337 chars
  [32/96] LAMBCHOP : Punching the Clown...
    body: 1264 chars
  [33/96] Julia Holter : Materia...
    body: 3306 chars
  [34/96] Marco Cassanelli : Visions EP...
    body: 507 chars
  [35/96] Lovely Dave : Lovely Dave...
    body: 886 chars
  [36/96] Various Artists : AMERICAN DUB ELECTRONICS...
    body: 1720 chars
  [37/96] aisie : Black Fire Dream...
    body: 1314 chars
  [38/96] John Coltrane : Meditations (Verve Vault)...
    body: 1099 chars
  [39/96] Various Artists : My Heart is Dust Before Him: 21st Centur...
    body: 3214 chars
  [40/96] AKUFEN : Architextures 1 -2 -3...
    body: 1179 chars
  [41/96] Various Artists : Never Say When...
    body: 673 chars
  [42/96] Francesca Gaza and Kugelförmigkeit Ensemble : Crown Shyness...
    body: 2252 chars
  [43/96] Black Marble : Life in Small Spaces...
    body: 2374 chars
  [44/96] Guiding Light : Fear on My Own Time...
    body: 1850 chars
  [45/96] Giraffe : The Towering Inferno With Bongo Drums...
    body: 2498 chars
  [46/96] Various Artists : Sofa Singles Club #3...
    body: 1502 chars
  [47/96] Enofa : Small Modernist House in Woodland Settin...
    body: 3750 chars
  [48/96] IROIRO : Formosa (Single Mix)...
    body: 636 chars
  [49/96] Marie Delprat : What Remains After Desire...
    body: 969 chars
  [50/96] Scrambled Eggs : Happier Together, Filthier Than Ever [Th...
    body: 2783 chars
  [51/96] The Incompetents : A Temporary Convergence Of Interests [Th...
    body: 4289 chars
  [52/96] Clara Hill and Crackazat : I Want You to Know (My Heart Beats Slow)...
    body: 843 chars
  [53/96] Maťkovia : 1982-1986 (Expanded)...
    body: 3204 chars
  [54/96] The Force of Music : Dub Duel...
    body: 3901 chars
  [55/96] Danny Passarella : The Wrecked Exotics Vol 1...
    body: 1175 chars
  [56/96] Rteph88, Steve Cobby : The Seven Dogs...
    body: 1133 chars
  [57/96] Riviera Gaz : Catacroma...
    body: 2145 chars
  [58/96] Stefano Guzzetti : In A Strange Place...
    body: 2995 chars
  [59/96] A.Morgan : Nothing Is Lost...
    body: 977 chars
  [60/96] Will Saul & Mark Hawkins : Do 4 U...
    body: 1001 chars
  [61/96] Robert Hood : Red Passion III - B1...
    body: 636 chars
  [62/96] EbE404 : Cortisol...
    body: 393 chars
  [63/96] STEVE RODEN : chair (a subscape of resonance)...
    body: 1634 chars
  [64/96] Ell Murphy : summer juce...
    body: 956 chars
  [65/96] Sonny Khoeblal,Thalamus : Summer of Love & Music...
    body: 640 chars
  [66/96] Groove Armada : Body Action...
    body: 965 chars
  [67/96] Monsieur Van Pratt : Too Slow To Disco Edits 19: Monsieur Van...
    body: 825 chars
  [68/96] Baba Stiltz : Totally...
    body: 610 chars
  [69/96] Phil Kieran, Jordan Nocturne : Going Home...
    body: 786 chars
  [70/96] Ben Hixon : The Return...
    body: 1141 chars
  [71/96] CLARK : Entity Stims...
    body: 1494 chars
  [72/96] Olsvang​​èr : Honey Tangerine...
    body: 1494 chars
  [73/96] Modern Walker : Raveworld...
    body: 614 chars
  [74/96] pdqb : Ratio 68 (Diputació)...
    body: 636 chars
  [75/96] Robag Wruhme : Fumaxohn...
    body: 1113 chars
  [76/96] Billy Hare : Too Much...
    body: 612 chars
  [77/96] Maribou State : Hallucinating Love (Deluxe)...
    body: 395 chars
  [78/96] Sam Amidon, Sam Wilkes : Froggy...
    body: 1461 chars
  [79/96] Dj Tomer, Ricardo Gi, Gil Bokobza, Nomvula SA : Umlilo...
    body: 608 chars
  [80/96] Smadi : The Present Moment...
    body: 831 chars
  [81/96] Raphael Loher : Figuren II...
    body: 616 chars
  [82/96] Eldritch Priest : too, so like nothing...
    body: 995 chars
  [83/96] AgainstMe : UTIL 08...
    body: 1647 chars
  [84/96] Garden Variety : Knocking The Skill Level...
    body: 2179 chars
  [85/96] Bonn : Unpleasant...
    body: 1136 chars
  [86/96] Hyenah & Benjee (TN) : Allele...
    body: 790 chars
  [87/96] Various Artists : Hotflush On The Floor 9...
    body: 2565 chars
  [88/96] Ondness : I Can Only Put So Much Into A Song...
    body: 2011 chars
  [89/96] Limewax : 2/1 EP...
    body: 1456 chars
  [90/96] Limewax : 1/2 EP...
    body: 1286 chars
  [91/96] Jakob Mäder : House Your Feeling EP...
    body: 1309 chars
  [92/96] Shahrokh Dini, Phil Rosplesch : See About Me (Remix EP)...
    body: 1052 chars
  [93/96] Robbie Akbal, Nicaré : Meridian...
    body: 796 chars
  [94/96] Sir Hiss : Mi Coco...
    body: 610 chars
  [95/96] Franco Rossi : Clergy Splits [04-A]...
    body: 969 chars
  [96/96] Raymond Roussel : no one asked us yet...
    body: 2220 chars

Total: 96 items
Closed tab 3b0bfbc8-3264-44e1-a532-58e84461847a
