JazzTokyo (resilient) — now=2026-08-22T20:28:43.709275+00:00 cutoff=2026-08-21T08:28:43.709275+00:00

=== Listing https://jazztokyo.org/ ===
  [tab] created OK (1f16b15e-4570-4c89-a5f1-569ae99e66b3)
  [list] found 37 post links

=== Listing https://jazztokyo.org/page/2/ ===
  [tab] created OK (31875a69-9392-4eeb-ab5a-7f255db4d8ca)
  [list] found 36 post links

Total unique candidates: 41
  [art] https://jazztokyo.org/column/reflection-of-music/post-123933/
  [tab] created OK (ed6202fa-5682-4ddf-a0f8-fe59fca9e5f2)
 [1/30] SKIP old (pub=2026-08-15): Reflections of Music Vol. 111 渋谷毅
  [art] https://jazztokyo.org/column/inaoka/post-124078/
  [tab] POST /tabs returned 503: {"error":"Browser session expired. Retry to get a fresh session.","code":"session_expired","retryable":true,"recovery":"retry"}
  [tab] checking existing tabs...
 [2/30] FETCH ERROR: https://jazztokyo.org/column/inaoka/post-124078/
  [art] https://jazztokyo.org/all-about-jazz/post-124539/
  [tab] created OK (3b8f4b53-43c3-4da8-917a-b4ed9bea8c84)
 [3/30] SKIP old (pub=2026-08-15): 30年後も、ビジョンは変わらない
  [art] https://jazztokyo.org/reviews/live-report/post-123924/
  [tab] created OK (9affcdab-d5bd-42aa-8a06-e8f05532aeee)
 [4/30] SKIP old (pub=2026-08-15): #1424 コルトレーン・ナイト
  [art] https://jazztokyo.org/reviews/live-report/post-124027/
  [tab] created OK (14ddf932-62db-4460-8a30-8fadc3c2d92c)
 [5/30] SKIP old (pub=2026-08-15): #1423 ニューポート・ジャズフェス2026：アンジーヌ・ド・ポワトリーヌ、ロバート・グラスパー
  [art] https://jazztokyo.org/reviews/live-report/post-124377/
  [tab] created OK (a59c6711-bda3-4555-bd77-bf8a48ed508d)
 [6/30] SKIP old (pub=2026-08-15): #1422 Ben van Gelder & Reinier Baas (ベン・ヴァン・ゲルダー&レ
  [art] https://jazztokyo.org/reviews/live-report/post-124376/
  [tab] created OK (3fa2a7cd-385e-4daa-b0f2-2f42dcbb0709)
 [7/30] SKIP old (pub=2026-08-15): #1421『Polyphonia～森定道広によるポリフォニー作品に焦点を当てた新グループ、初公演』
  [art] https://jazztokyo.org/reviews/live-report/post-124112/
  [tab] POST /tabs returned 503: {"error":"Browser session expired. Retry to get a fresh session.","code":"session_expired","retryable":true,"recovery":"retry"}
  [tab] checking existing tabs...
 [8/30] FETCH ERROR: https://jazztokyo.org/reviews/live-report/post-124112/
  [art] https://jazztokyo.org/reviews/live-report/post-124299/
  [tab] created OK (2d234bfc-50bf-47be-81e7-c44cebeac003)
 [9/30] SKIP old (pub=2026-08-15): #1419 望月紅華ダンスカンパニー / 今来個ん – Konkokon –
  [art] https://jazztokyo.org/reviews/cd-dvd-review/post-124209/
  [tab] created OK (4ff6d336-4933-4ee1-aea1-7dea98ba6d1b)
 [10/30] SKIP old (pub=2026-08-15): #1418 2026年7月、タツ青木
  [art] https://jazztokyo.org/reviews/live-report/post-124715/
  [tab] created OK (4c0c5abe-3eed-4a61-9171-d1c2f27d68cf)
 [11/30] SKIP old (pub=2026-08-15): #1417 マリア・シュナイダー・オーケストラ
  [art] https://jazztokyo.org/reviews/sound-check/post-123995/
  [tab] created OK (c7798abb-cee9-4279-91ce-f9e52ef37a0b)
 [12/30] SKIP old (pub=2026-08-15): #25 『シンディ・ブラックマン・サンタナ／コヒーレンス』
  [art] https://jazztokyo.org/column/a-view-with-notes/post-124156/
  [tab] created OK (9010a812-06bd-46ef-adc8-abb7cd07e426)
 [13/30] SKIP old (pub=2026-08-15): （アーカイヴ）音の見える風景 Chapter 19 渋谷 毅　望月由美
  [art] https://jazztokyo.org/column/live-after-live/post-124004/
  [tab] POST /tabs returned 503: {"error":"Browser session expired. Retry to get a fresh session.","code":"session_expired","retryable":true,"recovery":"retry"}
  [tab] checking existing tabs...
 [14/30] FETCH ERROR: https://jazztokyo.org/column/live-after-live/post-124004/
  [art] https://jazztokyo.org/column/kaze-wo-aruku/post-124002/
  [tab] created OK (a65631aa-b820-4243-ba33-1cde04fdc4ea)
 [15/30] SKIP old (pub=2026-08-15): #51 風巻 隆 「風を歩く」から～綱島「Namak Café／ナマック・カフェ」
  [art] https://jazztokyo.org/column/waka-to-jazz/post-124106/
  [tab] created OK (13f95eb2-c652-4e83-ba27-5d9fcd0441de)
 [16/30] SKIP old (pub=2026-08-15): S-010　在原業平と「Can’t help falling in love」
  [art] https://jazztokyo.org/column/lagrange-point/post-124351/
  [tab] created OK (e6a2e4f9-7d09-4698-a4ec-f9c68efcaeaf)
 [17/30] SKIP old (pub=2026-08-15): 「オト・コトバ・ウタ」（9）　金野ONNYK吉晃
  [art] https://jazztokyo.org/column/special/post-124435/
  [tab] created OK (55b77859-912b-4828-8c40-b9a35834ae79)
 [18/30] SKIP old (pub=2026-08-15): 「どこかで〜中村八大という人」 第１回　さがゆき
  [art] https://jazztokyo.org/reviews/cd-dvd-review/post-124176/
  [tab] created OK (98f6104f-aa85-49f3-849d-670be5e01956)
 [19/30] SKIP old (pub=2026-08-15): #2453 『Emmet Cohen / Universal Truth』
『エメット・コーエン／ユ
  [art] https://jazztokyo.org/reviews/cd-dvd-review/post-123941/
  [tab] POST /tabs returned 503: {"error":"Browser session expired. Retry to get a fresh session.","code":"session_expired","retryable":true,"recovery":"retry"}
  [tab] checking existing tabs...
 [20/30] FETCH ERROR: https://jazztokyo.org/reviews/cd-dvd-review/post-123941/
  [art] https://jazztokyo.org/reviews/cd-dvd-review/post-124438/
  [tab] created OK (b32fb906-7304-41eb-a6be-c6492a5d4e6d)
 [21/30] SKIP old (pub=2026-08-15): #2451 『及川陽菜／ Short Songs』
  [art] https://jazztokyo.org/reviews/cd-dvd-review/post-124329/
  [tab] created OK (63d7d1e3-1c41-4310-b2f9-370e30a3dcf5)
 [22/30] SKIP old (pub=2026-08-15): #2450 『TON・KLAMI』
  [art] https://jazztokyo.org/reviews/cd-dvd-review/post-124313/
  [tab] created OK (714967e2-f11e-419e-bdd7-f75ad3584910)
 [23/30] SKIP old (pub=2026-08-15): #2449 『Nonturn（米田 望） / Repeating Town』
  [art] https://jazztokyo.org/reviews/cd-dvd-review/post-124611/
  [tab] created OK (0d07d724-e48d-49a4-a809-d04ac9708f78)
 [24/30] SKIP old (pub=2026-08-15): #2448 『ギドン・ヌネス・ファズ~カール＝マーティン・アルムクヴィスト／池の中のかわず』『Gid
  [art] https://jazztokyo.org/reviews/cd-dvd-review/post-121464/
  [tab] created OK (b73f5cc0-3ac2-4907-b081-ad68c4f9015e)
 [25/30] SKIP old (pub=2026-08-15): #2447 『沼尾翔子／The Siwnin Sails ― 青い帆』
  [art] https://jazztokyo.org/news/post-123978/
  [tab] created OK (2d1152f6-08d1-4a05-ab28-45bc44e6f1f8)
 [26/30] SKIP old (pub=2026-08-15): 9/15 須田晶子、柳原由佳、沢田穣治 at 神田 神保町「月花舎」
  [art] https://jazztokyo.org/news/post-124373/
  [tab] created OK (3291430a-ef4f-454b-a46d-fbe5eb553beb)
  [art] eval failed: 410 {"error":"Tab no longer exists (browser was restarted). Create a new tab.","code":"browser_restarted
 [27/30] FETCH ERROR: https://jazztokyo.org/news/post-124373/
  [art] https://jazztokyo.org/news/post-124055/
  [tab] created OK (47e9fcff-ea61-4b3b-9bb7-5c2ebc046fdc)
 [28/30] SKIP old (pub=2026-08-05): 河合孝治著「マンガでわかる現代音楽入門〜世界は最初から鳴っていた」刊行
  [art] https://jazztokyo.org/news/post-123974/
  [tab] created OK (724c6917-ca76-49bd-95f4-943f8cdcc4dd)
 [29/30] SKIP old (pub=2026-08-04): 10/03~10 小橋敦子＆トニー・オーヴァーウォーター
Japan Tour 2026 PORGY
  [art] https://jazztokyo.org/news/post-123964/
  [tab] created OK (f450366a-72c3-40d5-b190-9d6d591fb042)
 [30/30] SKIP old (pub=2026-07-28): ダウンビート誌「国際批評家投票 2026」（第74回）結果発表

Results: total=0 in_window=0 non_music=0 old=25 no_date=0 errors=5
Wrote /home/liyifan/music-record/2026/08/2026-08-23/jazztokyo_reviews.json (0 items)
