Boomkat scraper — Today: 2026-07-28, Cutoff: 2026-07-27, Pages: 2, Limit: 100
Creating tab and navigating to New Releases...

=== Page 1 ===
Found 50 products on page 1

=== Page 2 ===
Found 49 products on page 2

Total unique products: 99
  OK — Cate Kennan : Shadows (2026-07-28)
  OK — Ghost Dubs : Damaged (2026-07-28)
  OK — Nurse With Wound : HEALSGEBEDDA BUDGERIGAR (2026-07-28)
  OK — Casimir Liberski ReTRio, Casimir Liberski : The Z Suites (2026-07-28)
  OK — Gena : The Pleasure Is Yours (2026-07-28)
  OK — goldenstar : Chamber Music (2026-07-28)
  OK — Alwin Nikolais : Electronic Dance Music, 1966-1989 (2026-07-28)
  OK — Chrystabell & David Lynch : Cellophane Memories (2026-07-28)
  OK — JEFF PARKER : The New Breed (IA11 Edition) (2026-07-28)
  OK — YOKO ONO : Season of Glass (2026-07-28)
  OK — Various Artists : The Bristol Meets Africa Sound (2026-07-28)
  OK — HALLUCINATOR : People (2026-07-28)
  OK — Tirez Tirez : Story Of The Year (2026-07-28)
  OK — Merzbow : Tsubute Mosaic (2026-07-28)
  OK — Spitbender : Spin (2026-07-28)
  OK — JOHN TILBURY : At home (2026-07-28)
  OK — YL Hooi : Untitled (2026-07-28)
  OK — Charanjit Singh : Synthesizing: Ten Ragas To A Disco Beat (2026-07-28)
  OK — Efdemin : Mirror Phase EP (2026-07-28)
  OK — O.G. Jigg (Memotone) : Black Tor Tracks (2026-07-28)
  OK — Low End Activist : JH Versions (2026-07-28)
  OK — Mathias : Kissa (2026-07-28)
  OK — Jessika Kenney & Eyvind Kang : The Face of the Earth (2026-07-28)
  OK — Batu & Donato Dozzy : Exhale (2026-07-28)
  OK — cv313 & Federsen : Sky Space EP (2026-07-28)
  OK — Phase Fatale : Off Desire (2026-07-28)
  OK — Tobias. & Friends : Plenty Of Time With Nothing To Do (2026-07-28)
  OK — Rosso Polare : Cacciamali (2026-07-28)
  OK — Ercília Costa : My Torment (2026-07-28)
  OK — Peaches : Take It (SIERRA VEINS Remix) (2026-07-28)
  OK — Nate Mercereau : Fantastic Thoughts (2026-07-28)
  OK — SQUANDERERS : Theme for the Casino at 5 A.M. (2026-07-28)
  OK — Michaela Turcerová : šumum (2026-07-28)
  OK — H.Takahashi : Body Trip (Remixed) (2026-07-28)
  OK — sachi's mirror : Talking in a Different Way (2026-07-28)
  OK — Grandma Love : Grandma Love (2026-07-28)
  OK — Ida : Equator Dub (2026-07-28)
  OK — Charlotte Jacobs : Word Passed the Time (2026-07-28)
  OK — Nosaj Thing & Daito Manabe : LXR (2026-07-28)
  OK — Cletus Strap & Earl Sweatshirt : nonchalant (2026-07-28)
  OK — Mike Pearson : If We Have Any Problems b/w Need To Belong (2026-07-28)
  OK — Various Artists : TV Lounge (2026-07-28)
  OK — Perzeptiverdampfkesselqualmtbesinnlich : Faxxekondyy (Kan3da Remix) (2026-07-28)
  OK — HAAi, Echonomist : Ignition (2026-07-28)
  OK — Three Corners : SE LO WA METER (2026-07-28)
  OK — Alex Burey : Unspoken (2026-07-28)
  OK — SCALA : VDT (2026-07-28)
  OK — Seely : Meteor Shower (2026-07-28)
  OK — Long Fin Killie : Hands and Lips (2026-07-28)
  OK — SCALA : Slide (2026-07-28)
  OK — Belle and Sebastian : Paper Boat (2026-07-28)
  OK — KORLAKANG : SAMONG SAI (2026-07-28)
  OK — Peter Zinovieff & Lucy Railton : RFG Inventions for Cello and Computer (2026-07-28)
  OK — DJ SPRINKLES : Midtown 120 Blues (Special Edition) (2026-07-28)
  OK — Marina Zispin : Now You See Me, Now You Don't (2026-07-28)
  OK — CHBB : CHBB (2026-07-28)
  OK — Picture : Uuuuuuuu (2026-07-28)
  OK — THE CONGOS : Heart Of The Congos (2026-07-28)
  OK — Sun Ra & Merzbow : Strange City (2026-07-28)
  OK — JAN JELINEK : Loop Finding Jazz Records (2026-07-28)
  OK — Paul St. Hilaire : Tikiman Vol. 1 (2026-07-28)
  OK — Roméo Poirier & The Exposures : LOVE/HATE (2026-07-28)
  OK — DJ Anderson do Paraiso : Queridão (2026-07-28)
  OK — [Ahmed] : Giant Beauty (2026-07-28)
  OK — Brighde Chaimbeul : Sunwise (2026-07-28)
  OK — Visible Cloaks / Jun Arasaki / Nine Sheep : Kajyadhi Fu Bushi (w/ Visible Cloaks Remix) (2026-07-28)
  OK — Maude Vôs : Medicinal Properties (2026-07-28)
  OK — AUTECHRE : Quaristice (2026-07-28)
  OK — Alan & Jan (Alan Abrahams & Jan Jelinek) : Take me, I’m yours (2026-07-28)
  OK — Alex Nut : The Heat EP (2026-07-28)
  OK — Thomas Bush : Guld (2026-07-28)
  OK — Slim Levy : Snippet Sounds (2026-07-28)
  OK — Rob Boskamp & Dudu Capoeira : Brazilian Funk (EP2) (2026-07-28)
  OK — Marta Salogni & Stefano Pilia, Marta Salogni, Stefano Pilia : e il mio fiume scorre verso te, oh mare, accoglimi (2026-07-28)
  OK — Fat Dog : Shit Love (2026-07-28)
  OK — Soul Fingers & Funk Rimini : Anima Adriatica (2026-07-28)
  OK — Fields Of Mist : modern mirage / aqua crystal (2026-07-28)
  OK — Charles Walker & The Beatniks : Just Me And You b/w Got My Eyes On The World (2026-07-28)
  OK — Lazarus Tembo : Singles (2026-07-28)
  OK — The Jean Johnson Singers : There Is No Greater Love b/w Let Your Little Light Shine (2026-07-28)
  OK — Yesterdays New Quintet & Madlib : Elle's Theme (2026-07-28)
  OK — Dictent Vroom : Brain Massage EP (2026-07-28)
  OK — Geinoh Yamashirogumi : Ecophony Rinne (2026-07-28)
  OK — Bot1500 : The Black Sea (2026-07-28)
  OK — Burial & Four Tet & Thom Yorke : Her Revolution / His Rope (2026-07-28)
  OK — So Savoeun : The Golden Voice Of Phnom Penh, 1962- 1974 (2026-07-28)
  OK — The Spectacle of Light Abductions 2 : Music for the Paintings of Vedran Kopljar (2026-07-28)
  OK — RIP Magic : Light Over There (2026-07-28)
  OK — Tomoyoshi Date + Stijn Hüwels : Tatemono (建物) (2026-07-28)
  OK — Leo : Cicada Burnt (2026-07-28)
  OK — NPLGNN : BABYLON INNA 'A CAPA MI (2026-07-28)
  OK — CxBxT, Tujiko Noriko & Adrian Corker : .After Again (2026-07-28)
  OK — CHRIS CONNELLY : War.Poem (2026-07-28)
  OK — Damos Room : Volcano (2026-07-28)
  OK — MOJAVE 3 : Ask Me Tomorrow (2026 Remaster) (2026-07-28)
  OK — Daniel Pineda : Burbujas (Remixes) (2026-07-28)
  OK — The Sprigs : For Red Riverbank (2026-07-28)
  OK — Mohamed Bourouissa : LILA (2026-07-28)
  OK — Sun Ra : Lanquidity (Special Edition) (2026-07-28)

=== Visiting 99 product pages for full body ===
  [1/99] Cate Kennan : Shadows...
    body: 1073 chars
  [2/99] Ghost Dubs : Damaged...
    body: 2239 chars
  [3/99] Nurse With Wound : HEALSGEBEDDA BUDGERIGAR...
    body: 1079 chars
  [4/99] Casimir Liberski ReTRio, Casimir Liberski : The Z Suites...
    body: 810 chars
  [5/99] Gena : The Pleasure Is Yours...
    body: 3282 chars
  [6/99] goldenstar : Chamber Music...
    body: 1975 chars
  [7/99] Alwin Nikolais : Electronic Dance Music, 1966-1989...
    body: 3342 chars
  [8/99] Chrystabell & David Lynch : Cellophane Memories...
    body: 2964 chars
  [9/99] JEFF PARKER : The New Breed (IA11 Edition)...
    body: 3581 chars
  [10/99] YOKO ONO : Season of Glass...
    body: 1495 chars
  [11/99] Various Artists : The Bristol Meets Africa Sound...
    body: 1737 chars
  [12/99] HALLUCINATOR : People...
    body: 1110 chars
  [13/99] Tirez Tirez : Story Of The Year...
    body: 1972 chars
  [14/99] Merzbow : Tsubute Mosaic...
    body: 1002 chars
  [15/99] Spitbender : Spin...
    body: 2464 chars
  [16/99] JOHN TILBURY : At home...
    body: 2618 chars
  [17/99] YL Hooi : Untitled...
    body: 1040 chars
  [18/99] Charanjit Singh : Synthesizing: Ten Ragas To A Disco Beat...
    body: 1437 chars
  [19/99] Efdemin : Mirror Phase EP...
    body: 657 chars
  [20/99] O.G. Jigg (Memotone) : Black Tor Tracks...
    body: 1400 chars
  [21/99] Low End Activist : JH Versions...
    body: 1001 chars
  [22/99] Mathias : Kissa...
    body: 1173 chars
  [23/99] Jessika Kenney & Eyvind Kang : The Face of the Earth...
    body: 1327 chars
  [24/99] Batu & Donato Dozzy : Exhale...
    body: 2124 chars
  [25/99] cv313 & Federsen : Sky Space EP...
    body: 873 chars
  [26/99] Phase Fatale : Off Desire...
    body: 645 chars
  [27/99] Tobias. & Friends : Plenty Of Time With Nothing To Do...
    body: 1529 chars
  [28/99] Rosso Polare : Cacciamali...
    body: 964 chars
  [29/99] Ercília Costa : My Torment...
    body: 364 chars
  [30/99] Peaches : Take It (SIERRA VEINS Remix)...
    body: 652 chars
  [31/99] Nate Mercereau : Fantastic Thoughts...
    body: 1000 chars
  [32/99] SQUANDERERS : Theme for the Casino at 5 A.M....
    body: 656 chars
  [33/99] Michaela Turcerová : šumum...
    body: 1107 chars
  [34/99] H.Takahashi : Body Trip (Remixed)...
    body: 5032 chars
  [35/99] sachi's mirror : Talking in a Different Way...
    body: 2199 chars
  [36/99] Grandma Love : Grandma Love...
    body: 393 chars
  [37/99] Ida : Equator Dub...
    body: 1529 chars
  [38/99] Charlotte Jacobs : Word Passed the Time...
    body: 1596 chars
  [39/99] Nosaj Thing & Daito Manabe : LXR...
    body: 602 chars
  [40/99] Cletus Strap & Earl Sweatshirt : nonchalant...
    body: 807 chars
  [41/99] Mike Pearson : If We Have Any Problems b/w Need To Belo...
    body: 836 chars
  [42/99] Various Artists : TV Lounge...
    body: 1135 chars
  [43/99] Perzeptiverdampfkesselqualmtbesinnlich : Faxxekondyy (Kan3da Remix)...
    body: 648 chars
  [44/99] HAAi, Echonomist : Ignition...
    body: 781 chars
  [45/99] Three Corners : SE LO WA METER...
    body: 624 chars
  [46/99] Alex Burey : Unspoken...
    body: 612 chars
  [47/99] SCALA : VDT...
    body: 778 chars
  [48/99] Seely : Meteor Shower...
    body: 797 chars
  [49/99] Long Fin Killie : Hands and Lips...
    body: 1124 chars
  [50/99] SCALA : Slide...
    body: 1155 chars
  [51/99] Belle and Sebastian : Paper Boat...
    body: 616 chars
  [52/99] KORLAKANG : SAMONG SAI...
    body: 892 chars
  [53/99] Peter Zinovieff & Lucy Railton : RFG Inventions for Cello and Computer...
    body: 2474 chars
  [54/99] DJ SPRINKLES : Midtown 120 Blues (Special Edition)...
    body: 1642 chars
  [55/99] Marina Zispin : Now You See Me, Now You Don't...
    body: 1913 chars
  [56/99] CHBB : CHBB...
    body: 2814 chars
  [57/99] Picture : Uuuuuuuu...
    body: 864 chars
  [58/99] THE CONGOS : Heart Of The Congos...
    body: 2111 chars
  [59/99] Sun Ra & Merzbow : Strange City...
    body: 1227 chars
  [60/99] JAN JELINEK : Loop Finding Jazz Records...
    body: 1638 chars
  [61/99] Paul St. Hilaire : Tikiman Vol. 1...
    body: 2034 chars
  [62/99] Roméo Poirier & The Exposures : LOVE/HATE...
    body: 891 chars
  [63/99] DJ Anderson do Paraiso : Queridão...
    body: 2914 chars
  [64/99] [Ahmed] : Giant Beauty...
    body: 4086 chars
  [65/99] Brighde Chaimbeul : Sunwise...
    body: 2721 chars
  [66/99] Visible Cloaks / Jun Arasaki / Nine Sheep : Kajyadhi Fu Bushi (w/ Visible Cloaks Rem...
    body: 2369 chars
  [67/99] Maude Vôs : Medicinal Properties...
    body: 786 chars
  [68/99] AUTECHRE : Quaristice...
    body: 2023 chars
  [69/99] Alan & Jan (Alan Abrahams & Jan Jelinek) : Take me, I’m yours...
    body: 1610 chars
  [70/99] Alex Nut : The Heat EP...
    body: 841 chars
  [71/99] Thomas Bush : Guld...
    body: 1692 chars
  [72/99] Slim Levy : Snippet Sounds...
    body: 1235 chars
  [73/99] Rob Boskamp & Dudu Capoeira : Brazilian Funk (EP2)...
    body: 794 chars
  [74/99] Marta Salogni & Stefano Pilia, Marta Salogni, Stefano Pilia : e il mio fiume scorre verso te, oh mare,...
    body: 699 chars
  [75/99] Fat Dog : Shit Love...
    body: 614 chars
  [76/99] Soul Fingers & Funk Rimini : Anima Adriatica...
    body: 1139 chars
  [77/99] Fields Of Mist : modern mirage / aqua crystal...
    body: 395 chars
  [78/99] Charles Walker & The Beatniks : Just Me And You b/w Got My Eyes On The W...
    body: 840 chars
  [79/99] Lazarus Tembo : Singles...
    body: 2175 chars
  [80/99] The Jean Johnson Singers : There Is No Greater Love b/w Let Your Li...
    body: 864 chars
  [81/99] Yesterdays New Quintet & Madlib : Elle's Theme...
    body: 1127 chars
  [82/99] Dictent Vroom : Brain Massage EP...
    body: 1323 chars
  [83/99] Geinoh Yamashirogumi : Ecophony Rinne...
    body: 5956 chars
  [84/99] Bot1500 : The Black Sea...
    body: 1628 chars
  [85/99] Burial & Four Tet & Thom Yorke : Her Revolution / His Rope...
    body: 171 chars
  [86/99] So Savoeun : The Golden Voice Of Phnom Penh, 1962- 19...
    body: 1442 chars
  [87/99] The Spectacle of Light Abductions 2 : Music for the Paintings of Vedran Koplja...
    body: 1018 chars
  [88/99] RIP Magic : Light Over There...
    body: 628 chars
  [89/99] Tomoyoshi Date + Stijn Hüwels : Tatemono (建物)...
    body: 1534 chars
  [90/99] Leo : Cicada Burnt...
    body: 1786 chars
  [91/99] NPLGNN : BABYLON INNA 'A CAPA MI...
    body: 791 chars
  [92/99] CxBxT, Tujiko Noriko & Adrian Corker : .After Again...
    body: 1688 chars
  [93/99] CHRIS CONNELLY : War.Poem...
    body: 1264 chars
  [94/99] Damos Room : Volcano...
    body: 841 chars
  [95/99] MOJAVE 3 : Ask Me Tomorrow (2026 Remaster)...
    body: 1567 chars
  [96/99] Daniel Pineda : Burbujas (Remixes)...
    body: 1113 chars
  [97/99] The Sprigs : For Red Riverbank...
    body: 3355 chars
  [98/99] Mohamed Bourouissa : LILA...
    body: 2072 chars
  [99/99] Sun Ra : Lanquidity (Special Edition)...
    body: 1731 chars

Total: 99 items
Closed tab 2ffa2974-673f-48fa-ab08-af23a51aaf6d
EXIT=0
