Boomkat scraper — Today: 2026-07-05, Cutoff: 2026-07-04, Pages: 2, Limit: 100
Creating tab and navigating to New Releases...

=== Page 1 ===
Found 50 products on page 1

=== Page 2 ===
Found 47 products on page 2

Total unique products: 97
  OK — Kevin Richard Martin : Sub Zero - Refractions (The Bug / Ghost Dubs Remixes) (2026-07-05)
  OK — Ana Roxanne : Poem 1 (2026-07-05)
  OK — Boards of Canada : Inferno (2026-07-05)
  OK — Nurse With Wound : 1984 : A Happening (2026-07-05)
  OK — J Bailey : Beton Brute OST (2026-07-05)
  OK — Mark Ernestus’ Ndagga Rhythm Force : Khadim (2026-07-05)
  OK — Beatrice M. : Sinking Part 1 (2026-07-05)
  OK — Rezzett : Boshly (2026-07-05)
  OK — Réka Csiszér & Radwan Ghazi Moumneh : Music Inspired by Philippe Garrel’s Le Révélateur (2026-07-05)
  OK — Basic Rhythm : 8 Bar Techno (2026-07-05)
  OK — ManonMars : Entertainment System (2026-07-05)
  OK — Topdown Dialectic : False LP A (2026-07-05)
  OK — DONNA REGINA : Follow The Sea (2026-07-05)
  OK — Turn On The Sunlight : Iseo (2026-07-05)
  OK — Soul Jazz Records Presents : Rumble In The Jungle (20th Anniversary Edition) (2026-07-05)
  OK — Various Artists : Sowas von Egal 3 (German Synth Wave Underground 1981-86) (2026-07-05)
  OK — Various Artists : Kuboraum Sound Residency Vol. 2 (2026-07-05)
  OK — Akiid : Skeffu (2026-07-05)
  OK — Old Saw : The Wringing Cloth (2026-07-05)
  OK — Contours : Perc EP (2026-07-05)
  OK — Hiss Is Bliss : Higher Me (2026-07-05)
  OK — Various Artists : BURGERS FOR MY NEW LIFE (2026-07-05)
  OK — Pixies : Complete B Sides (Remasters)Complete B Sides: 1988-97 (Remaster) (2026-07-05)
  OK — Dewa Alit & Gamelan Salukat : Baur Bentur (2026-07-05)
  OK — Lovegod : Rendezvous (2026-07-05)
  OK — KADAPT & Nova Ruth featuring Siko Setyanto : Ocean Cage (2026-07-05)
  OK — Beth Orton : The Ground Above (2026-07-05)
  OK — Will Long : Long Trax 5 (2026-07-05)
  OK — alias Junior Rain : Capelli di Cristallo (2026-07-05)
  OK — Lagoss : Música para Plátanos (2026-07-05)
  OK — Aaron MF Olson : Songs Album II (2026-07-05)
  OK — Kennedy : Dream 5 (2026-07-05)
  OK — The Sterling Jubilee Singers : Jesus Hits Like the Atom Bomb: Gospel Quartet Singing in Jefferson County, Alabama (2026-07-05)
  OK — GAS : November 89 (2026-07-05)
  OK — Seekersinternational & wzrdryAV : Orbit Flares (2026-07-05)
  OK — Mija Milovic : STILL LIFE (2026-07-05)
  OK — A Good Year : Play (2026-07-05)
  OK — RICHARD H KIRK : Dasein (2026-07-05)
  OK — Bim Sherman : Ghetto Dub (2026-07-05)
  OK — Aho Ssan : The Sun Turned Black (2026-07-05)
  OK — Function : Aeternum (Existenz) (2026-07-05)
  OK — Steve Rachmad : 3-6-9 EP (2026-07-05)
  OK — Tomo Katsurada and Jonny Nash : At The Emerald Pool (2026-07-05)
  OK — Bleeder : Marble Station (2026-07-05)
  OK — Oren Ambarchi & Will Guthrie : Cold Shoulder (2026-07-05)
  OK — Joseph Kamaru : Further Combinations (2026-07-05)
  OK — Ronald Langestraat : Searching (2026-07-05)
  OK — Liss : I Guess Nothing Will Be The Same (2026-07-05)
  OK — Hildur Guðnadóttir : Mount A (2026-07-05)
  OK — THE CARETAKER : Everywhere At The End Of Time Stages 1-3 (Vinyl Set) (2026-07-05)

=== Visiting 50 product pages for full body ===
  [1/50] Kevin Richard Martin : Sub Zero - Refractions (The Bug / Ghost ...
    body: 1340 chars
  [2/50] Ana Roxanne : Poem 1...
    body: 3010 chars
  [3/50] Boards of Canada : Inferno...
    body: 3259 chars
  [4/50] Nurse With Wound : 1984 : A Happening...
    body: 1078 chars
  [5/50] J Bailey : Beton Brute OST...
    body: 771 chars
  [6/50] Mark Ernestus’ Ndagga Rhythm Force : Khadim...
    body: 3175 chars
  [7/50] Beatrice M. : Sinking Part 1...
    body: 1220 chars
  [8/50] Rezzett : Boshly...
    body: 539 chars
  [9/50] Réka Csiszér & Radwan Ghazi Moumneh : Music Inspired by Philippe Garrel’s Le R...
    body: 2749 chars
  [10/50] Basic Rhythm : 8 Bar Techno...
    body: 1370 chars
  [11/50] ManonMars : Entertainment System...
    body: 2685 chars
  [12/50] Topdown Dialectic : False LP A...
    body: 2688 chars
  [13/50] DONNA REGINA : Follow The Sea...
    body: 1502 chars
  [14/50] Turn On The Sunlight : Iseo...
    body: 2928 chars
  [15/50] Soul Jazz Records Presents : Rumble In The Jungle (20th Anniversary E...
    body: 1490 chars
  [16/50] Various Artists : Sowas von Egal 3 (German Synth Wave Unde...
    body: 996 chars
  [17/50] Various Artists : Kuboraum Sound Residency Vol. 2...
    body: 1904 chars
  [18/50] Akiid : Skeffu...
    body: 1914 chars
  [19/50] Old Saw : The Wringing Cloth...
    body: 2142 chars
  [20/50] Contours : Perc EP...
    body: 831 chars
  [21/50] Hiss Is Bliss : Higher Me...
    body: 461 chars
  [22/50] Various Artists : BURGERS FOR MY NEW LIFE...
    body: 344 chars
  [23/50] Pixies : Complete B Sides (Remasters)Complete B S...
    body: 2786 chars
  [24/50] Dewa Alit & Gamelan Salukat : Baur Bentur...
    body: 1940 chars
  [25/50] Lovegod : Rendezvous...
    body: 656 chars
  [26/50] KADAPT & Nova Ruth featuring Siko Setyanto : Ocean Cage...
    body: 1994 chars
  [27/50] Beth Orton : The Ground Above...
    body: 1902 chars
  [28/50] Will Long : Long Trax 5...
    body: 1165 chars
  [29/50] alias Junior Rain : Capelli di Cristallo...
    body: 1527 chars
  [30/50] Lagoss : Música para Plátanos...
    body: 1826 chars
  [31/50] Aaron MF Olson : Songs Album II...
    body: 1114 chars
  [32/50] Kennedy : Dream 5...
    body: 762 chars
  [33/50] The Sterling Jubilee Singers : Jesus Hits Like the Atom Bomb: Gospel Qu...
    body: 2607 chars
  [34/50] GAS : November 89...
    body: 1896 chars
  [35/50] Seekersinternational & wzrdryAV : Orbit Flares...
    body: 1526 chars
  [36/50] Mija Milovic : STILL LIFE...
    body: 348 chars
  [37/50] A Good Year : Play...
    body: 1549 chars
  [38/50] RICHARD H KIRK : Dasein...
    body: 2064 chars
  [39/50] Bim Sherman : Ghetto Dub...
    body: 1573 chars
  [40/50] Aho Ssan : The Sun Turned Black...
    body: 2062 chars
  [41/50] Function : Aeternum (Existenz)...
    body: 2336 chars
  [42/50] Steve Rachmad : 3-6-9 EP...
    body: 634 chars
  [43/50] Tomo Katsurada and Jonny Nash : At The Emerald Pool...
    body: 4137 chars
  [44/50] Bleeder : Marble Station...
    body: 1007 chars
  [45/50] Oren Ambarchi & Will Guthrie : Cold Shoulder...
    body: 1763 chars
  [46/50] Joseph Kamaru : Further Combinations...
    body: 623 chars
  [47/50] Ronald Langestraat : Searching...
    body: 1084 chars
  [48/50] Liss : I Guess Nothing Will Be The Same...
    body: 668 chars
  [49/50] Hildur Guðnadóttir : Mount A...
    body: 386 chars
  [50/50] THE CARETAKER : Everywhere At The End Of Time Stages 1-3...
    body: 1339 chars

Total: 50 items
Closed tab 8db103a6-66bb-4221-a569-f90dbab0112f
