Boomkat scraper — Today: 2026-07-16, Cutoff: 2026-07-15, Pages: 2, Limit: 100
Creating tab and navigating to New Releases...

=== Page 1 ===
Found 50 products on page 1

=== Page 2 ===
Found 50 products on page 2

Total unique products: 100
  OK — Aeson Zervas : 3 (2026-07-16)
  OK — Tricky : Different When It's Silent (2026-07-16)
  OK — Psychick Warriors Ov Gaia : Ov Biospheres And Sacred Grooves: A Document Ov New Edge Folk Classic (2026-07-16)
  OK — Paul Kendall : AMENace, goodbye (2026-07-16)
  OK — Egil Kalman & Hans Hulbaekmo : Unit of Time (2026-07-16)
  OK — Static Cleaner Lost Reward : Breathing Under Honey (2026-07-16)
  OK — THE WIRE : Issue 510: August 2026 (2026-07-16)
  OK — Foul Play : Origins (2026-07-16)
  OK — Nuke Watch : Fusion (2026-07-16)
  OK — PROTOCOL : Channel Zero (2026-07-16)
  OK — Sylvain Chauveau : The Complexity of the Simple (2026-07-16)
  OK — Florian T M Zeisig : Music for Parents (2026-07-16)
  OK — Picture : Uuuuuuuu (2026-07-16)
  OK — Old Saw : The Wringing Cloth (2026-07-16)
  OK — Various Artists : STUDIO SIMPA: DIGITAL DANCE MUSIC ON VCD FROM DAGBON, NORTHERN GHANA (2026-07-16)
  OK — Tomo Katsurada and Jonny Nash : At The Emerald Pool (2026-07-16)
  OK — Various Artists : Virtual Dreams II - Ambient Explorations In The House & Techno Age, Japan 1993-1999 (2026-07-16)
  OK — Vincent Yuen Ruiz : Trio (2026-07-16)
  OK — Al Wootton : CRUX (2026-07-16)
  OK — K-6000 : WAR GAMES (2026-07-16)
  OK — Keith Hudson : Playing It Cool & Playing It Right (2026-07-16)
  OK — NEOBORIS : Hélas (2026-07-16)
  OK — Various Artists : Virtual Dreams: Ambient Explorations In The House & Techno Age, 1993-1997 (2026-07-16)
  OK — Ferries : Eye Wander (2026-07-16)
  OK — Inox Traxx : Love Letter (2026-07-16)
  OK — I. JORDAN : Soft Serve Summer (2026-07-16)
  OK — Lovegod : Rendezvous (2026-07-16)
  OK — ManonMars : Entertainment System (2026-07-16)
  OK — EZEKIEL HONIG : Surfaces Of A Broken Marching Band (2026 Remaster) (2026-07-16)
  OK — Sutcliffe Jugend : Offal (2026-07-16)
  OK — Sutcliffe Jugend : Pigdaddy (2026-07-16)
  OK — Sutcliffe Jugend : With Extreme Prejudice (2026-07-16)
  OK — PUB : Do You Ever Regret Pantomime? (2026-07-16)
  OK — PUB : Summer (2026-07-16)
  OK — Theo Parrish : Lovely Edits Vol.1 (2026-07-16)
  OK — ML Buch : Skinned (2026-07-16)
  OK — YOKO ONO : Season of Glass (2026-07-16)
  OK — Jejune : Wait A Lifetime (2026-07-16)
  OK — Gi Gi : In Lieu (2026-07-16)
  OK — Sun Ra : East Two + 7 (2026-07-16)
  OK — Mohamed Bourouissa : LILA (2026-07-16)
  OK — Alek Lee : Like A Flower (2026-07-16)
  OK — GAF & The Love Supreme Arkestra : Retiro Espiritual (2026-07-16)
  OK — J.WLSN & Liam Keenan : Country/The Country (2026-07-16)
  OK — GAS : November 89 (2026-07-16)
  OK — ENVY : Insomniac Doze (2026-07-16)
  OK — Yara Asmar : everyone i love is sleeping and i love them so so much (2026-07-16)
  OK — Various Artists : Blues in the Mississippi Night (2026-07-16)
  OK — Abul Mogard & Rafael Anton Irisarri : Where Light Pauses in the Silence of the Sun (2026-07-16)
  OK — Function : Aeternum (Existenz) (2026-07-16)
  OK — Bob Bellerue : Chaos Is A Law (2026-07-16)
  OK — Martyn : Music for Existing (2026-07-16)
  OK — Rue des Garderies : Live at Pe:rsona (2026-07-16)
  OK — Piezo : Sky Burial (2026-07-16)
  OK — Keith Hudson, Soul Syndicate : Nuh Skin Up Dub (2026-07-16)
  OK — CLOCK DVA : White Souls In Black Suits (2026-07-16)
  OK — Bim Sherman : Ghetto Dub (2026-07-16)
  OK — Evil Graham Lee : I Think I'm Alone Now (2026-07-16)
  OK — The Milky Way : Summer-Time Love Song (2026-07-16)
  OK — Ton Klami (Masahiko Satoh, Kang Tae-Hwan, Midori Takada) : Ton Klami (2026-07-16)
  OK — Viviankrist : Morgenrøde (2026-07-16)
  OK — Mary Lawson : Mary In Voice Memo (2026-07-16)
  OK — JULIAN LINDSEY : Don't Know How To Change EP (2026-07-16)
  OK — Nídia & Valentina : Estradas (Versions) (2026-07-16)
  OK — GILBERTO GIL : Louvação (2026-07-16)
  OK — NeWRoomfreaK : NeWRoomfreaK (2026-07-16)
  OK — Hadley Caliman : Iapetus (2026-07-16)
  OK — Ejay Mass / Jah Massagan Sound : Mass-Studio Dubs! (2026-07-16)
  OK — Brokenchord : Lima Echo Crack! (2026-07-16)
  OK — Benabou : Rise & Merge (2026-07-16)
  OK — Distinct Motive : Hypnotize (2026-07-16)
  OK — Kaktus Einarsson : Follow (2026-07-16)
  OK — Ken Ueno & Wukir Suryadi : Earth Song (2026-07-16)
  OK — Upper Wilds : Fever (2026-07-16)
  OK — Larry Nolen : High and Dry b/w World Of Romance (2026-07-16)
  OK — Patricia Wolf : Inflorescence (2026-07-16)
  OK — Soft Cell : In Heaven (When I Dance With You) (2026-07-16)
  OK — Kastil : K07 (2026-07-16)
  OK — HIJINX : Nish (2026-07-16)
  OK — Energy Exchange Ensemble, King Owusu : Crying at the Moon (2026-07-16)
  OK — Various Artists : V.A - Dreaming In Reverb (2026-07-16)
  OK — Resavoir, Matt Gold : Ela / Lua (2026-07-16)
  OK — Roland Mitchell and Band : Irma Special (2026-07-16)
  OK — Elderbrook and Rules : Staring at the Sun (2026-07-16)
  OK — Tyler Ballgame : Live It Down (2026-07-16)
  OK — GREG : Kas Frekans (2026-07-16)
  OK — Queens Of The Stone Age : Easy Street (2026-07-16)
  OK — Dry Cleaning : Secret Love (Deluxe Edition) (2026-07-16)
  OK — Standing On The Corner : Mr. postman, wait! (2026-07-16)
  OK — Soul Jazz Records Presents : Rumble In The Jungle (20th Anniversary Edition) (2026-07-16)
  OK — Debit : Potpourri (2026-07-16)
  OK — Old Saw : Dissection Maps (2026-07-16)
  OK — Yumiko Morioka : Resonance (2026-07-16)
  OK — FILA BRAZILLIA : Old Codes New Chaos - 2026 Remastered Edition (2026-07-16)
  OK — TENNISCOATS : Hip Hop Tennis (2026-07-16)
  OK — LA MARR (Ron Trent) : Mood Programs - Extended Play (2026-07-16)
  OK — NEUROSIS : An Undying Love for a Burning World (2026-07-16)
  OK — Jani Ho : DTM011 (2026-07-16)
  OK — Kiwi Jr. : Photos of the Reenactment (2026-07-16)
  OK — Eden Samara : Oracle (2026-07-16)

=== Visiting 100 product pages for full body ===
  [1/100] Aeson Zervas : 3...
    body: 2141 chars
  [2/100] Tricky : Different When It's Silent...
    body: 4867 chars
  [3/100] Psychick Warriors Ov Gaia : Ov Biospheres And Sacred Grooves: A Docu...
    body: 2096 chars
  [4/100] Paul Kendall : AMENace, goodbye...
    body: 2178 chars
  [5/100] Egil Kalman & Hans Hulbaekmo : Unit of Time...
    body: 3816 chars
  [6/100] Static Cleaner Lost Reward : Breathing Under Honey...
    body: 2100 chars
  [7/100] THE WIRE : Issue 510: August 2026...
    body: 4998 chars
  [8/100] Foul Play : Origins...
    body: 1466 chars
  [9/100] Nuke Watch : Fusion...
    body: 1865 chars
  [10/100] PROTOCOL : Channel Zero...
    body: 874 chars
  [11/100] Sylvain Chauveau : The Complexity of the Simple...
    body: 1663 chars
  [12/100] Florian T M Zeisig : Music for Parents...
    body: 1449 chars
  [13/100] Picture : Uuuuuuuu...
    body: 864 chars
  [14/100] Old Saw : The Wringing Cloth...
    body: 2142 chars
  [15/100] Various Artists : STUDIO SIMPA: DIGITAL DANCE MUSIC ON VCD...
    body: 1768 chars
  [16/100] Tomo Katsurada and Jonny Nash : At The Emerald Pool...
    body: 2641 chars
  [17/100] Various Artists : Virtual Dreams II - Ambient Explorations...
    body: 2291 chars
  [18/100] Vincent Yuen Ruiz : Trio...
    body: 1975 chars
  [19/100] Al Wootton : CRUX...
    body: 2344 chars
  [20/100] K-6000 : WAR GAMES...
    body: 1342 chars
  [21/100] Keith Hudson : Playing It Cool & Playing It Right...
    body: 2142 chars
  [22/100] NEOBORIS : Hélas...
    body: 2890 chars
  [23/100] Various Artists : Virtual Dreams: Ambient Explorations In ...
    body: 864 chars
  [24/100] Ferries : Eye Wander...
    body: 1267 chars
  [25/100] Inox Traxx : Love Letter...
    body: 492 chars
  [26/100] I. JORDAN : Soft Serve Summer...
    body: 637 chars
  [27/100] Lovegod : Rendezvous...
    body: 656 chars
  [28/100] ManonMars : Entertainment System...
    body: 2324 chars
  [29/100] EZEKIEL HONIG : Surfaces Of A Broken Marching Band (2026...
    body: 1481 chars
  [30/100] Sutcliffe Jugend : Offal...
    body: 1034 chars
  [31/100] Sutcliffe Jugend : Pigdaddy...
    body: 767 chars
  [32/100] Sutcliffe Jugend : With Extreme Prejudice...
    body: 860 chars
  [33/100] PUB : Do You Ever Regret Pantomime?...
    body: 1429 chars
  [34/100] PUB : Summer...
    body: 1364 chars
  [35/100] Theo Parrish : Lovely Edits Vol.1...
    body: 757 chars
  [36/100] ML Buch : Skinned...
    body: 1697 chars
  [37/100] YOKO ONO : Season of Glass...
    body: 1495 chars
  [38/100] Jejune : Wait A Lifetime...
    body: 2519 chars
  [39/100] Gi Gi : In Lieu...
    body: 3444 chars
  [40/100] Sun Ra : East Two + 7...
    body: 1566 chars
  [41/100] Mohamed Bourouissa : LILA...
    body: 3797 chars
  [42/100] Alek Lee : Like A Flower...
    body: 1272 chars
  [43/100] GAF & The Love Supreme Arkestra : Retiro Espiritual...
    body: 868 chars
  [44/100] J.WLSN & Liam Keenan : Country/The Country...
    body: 1188 chars
  [45/100] GAS : November 89...
    body: 1896 chars
  [46/100] ENVY : Insomniac Doze...
    body: 840 chars
  [47/100] Yara Asmar : everyone i love is sleeping and i love t...
    body: 4280 chars
  [48/100] Various Artists : Blues in the Mississippi Night...
    body: 4561 chars
  [49/100] Abul Mogard & Rafael Anton Irisarri : Where Light Pauses in the Silence of the...
    body: 3598 chars
  [50/100] Function : Aeternum (Existenz)...
    body: 1296 chars
  [51/100] Bob Bellerue : Chaos Is A Law...
    body: 1172 chars
  [52/100] Martyn : Music for Existing...
    body: 1459 chars
  [53/100] Rue des Garderies : Live at Pe:rsona...
    body: 897 chars
  [54/100] Piezo : Sky Burial...
    body: 855 chars
  [55/100] Keith Hudson, Soul Syndicate : Nuh Skin Up Dub...
    body: 1571 chars
  [56/100] CLOCK DVA : White Souls In Black Suits...
    body: 3759 chars
  [57/100] Bim Sherman : Ghetto Dub...
    body: 1573 chars
  [58/100] Evil Graham Lee : I Think I'm Alone Now...
    body: 1342 chars
  [59/100] The Milky Way : Summer-Time Love Song...
    body: 967 chars
  [60/100] Ton Klami (Masahiko Satoh, Kang Tae-Hwan, Midori Takada) : Ton Klami...
    body: 2097 chars
  [61/100] Viviankrist : Morgenrøde...
    body: 998 chars
  [62/100] Mary Lawson : Mary In Voice Memo...
    body: 2685 chars
  [63/100] JULIAN LINDSEY : Don't Know How To Change EP...
    body: 739 chars
  [64/100] Nídia & Valentina : Estradas (Versions)...
    body: 1459 chars
  [65/100] GILBERTO GIL : Louvação...
    body: 1323 chars
  [66/100] NeWRoomfreaK : NeWRoomfreaK...
    body: 863 chars
  [67/100] Hadley Caliman : Iapetus...
    body: 998 chars
  [68/100] Ejay Mass / Jah Massagan Sound : Mass-Studio Dubs!...
    body: 1238 chars
  [69/100] Brokenchord : Lima Echo Crack!...
    body: 948 chars
  [70/100] Benabou : Rise & Merge...
    body: 886 chars
  [71/100] Distinct Motive : Hypnotize...
    body: 389 chars
  [72/100] Kaktus Einarsson : Follow...
    body: 1069 chars
  [73/100] Ken Ueno & Wukir Suryadi : Earth Song...
    body: 641 chars
  [74/100] Upper Wilds : Fever...
    body: 631 chars
  [75/100] Larry Nolen : High and Dry b/w World Of Romance...
    body: 868 chars
  [76/100] Patricia Wolf : Inflorescence...
    body: 647 chars
  [77/100] Soft Cell : In Heaven (When I Dance With You)...
    body: 1309 chars
  [78/100] Kastil : K07...
    body: 1224 chars
  [79/100] HIJINX : Nish...
    body: 644 chars
  [80/100] Energy Exchange Ensemble, King Owusu : Crying at the Moon...
    body: 657 chars
  [81/100] Various Artists : V.A - Dreaming In Reverb...
    body: 396 chars
  [82/100] Resavoir, Matt Gold : Ela / Lua...
    body: 393 chars
  [83/100] Roland Mitchell and Band : Irma Special...
    body: 645 chars
  [84/100] Elderbrook and Rules : Staring at the Sun...
    body: 858 chars
  [85/100] Tyler Ballgame : Live It Down...
    body: 645 chars
  [86/100] GREG : Kas Frekans...
    body: 1409 chars
  [87/100] Queens Of The Stone Age : Easy Street...
    body: 643 chars
  [88/100] Dry Cleaning : Secret Love (Deluxe Edition)...
    body: 3398 chars
  [89/100] Standing On The Corner : Mr. postman, wait!...
    body: 862 chars
  [90/100] Soul Jazz Records Presents : Rumble In The Jungle (20th Anniversary E...
    body: 1490 chars
  [91/100] Debit : Potpourri...
    body: 3461 chars
  [92/100] Old Saw : Dissection Maps...
    body: 1589 chars
  [93/100] Yumiko Morioka : Resonance...
    body: 1363 chars
  [94/100] FILA BRAZILLIA : Old Codes New Chaos - 2026 Remastered Ed...
    body: 1608 chars
  [95/100] TENNISCOATS : Hip Hop Tennis...
    body: 3259 chars
  [96/100] LA MARR (Ron Trent) : Mood Programs - Extended Play...
    body: 1335 chars
  [97/100] NEUROSIS : An Undying Love for a Burning World...
    body: 3608 chars
  [98/100] Jani Ho : DTM011...
    body: 1027 chars
  [99/100] Kiwi Jr. : Photos of the Reenactment...
    body: 1271 chars
  [100/100] Eden Samara : Oracle...
    body: 633 chars

Total: 100 items
Closed tab f64a232e-21da-4ceb-b7f1-b3a93dd25c6e
