Boomkat scraper — Today: 2026-07-10, Cutoff: 2026-07-09, Pages: 2, Limit: 99
Creating tab and navigating to New Releases...

=== Page 1 ===
Found 50 products on page 1

=== Page 2 ===
Found 49 products on page 2

Total unique products: 99
  OK — Xmal Deutschland : Peel (The Complete Peel Sessions) (2026-07-10)
  OK — DX2OV : Tonegues (2026-07-10)
  OK — Manonmars, O$VMV$M : Entertainment System (2026-07-10)
  OK — Inweys : Inweys (2026-07-10)
  OK — Sylvia Lim : Flare (2026-07-10)
  OK — Alex Zhang Hungtai : Orion/Mother (2026-07-10)
  OK — Various Artists : Documents Of Different Reality (2026-07-10)
  OK — THE WIRE : Issue 510: August 2026 (2026-07-10)
  OK — Kristofer Svensson, Maya Bennardo, Erik Blennow Calälv : For a Lemon Tree (2026-07-10)
  OK — DJ Plead & rRoxymore : Read Round City EP (2026-07-10)
  OK — Michael Brook : Cobalt Blue & Live at the Aquarium (2026 Remaster) (2026-07-10)
  OK — Elori Saxl & Henry Solomon : Seeing Is Forgetting (2026-07-10)
  OK — Chuck Strangers : Glory Of The King's Hand (2026-07-10)
  OK — Speaker Music : Synoptic Audio (2026-07-10)
  OK — Zel & FLEA DIAMONDS : I.T.R (2026-07-10)
  OK — Various Artists : STUDIO SIMPA: DIGITAL DANCE MUSIC ON VCD FROM DAGBON, NORTHERN GHANA (2026-07-10)
  OK — 2K88 & Lauren Duffus & Rainy Miller & Bianca Scout : Everything Always Changes, For We’re Truly Here (2026-07-10)
  OK — Keith Hudson : Playing It Cool & Playing It Right (2026-07-10)
  OK — Kassel Jaeger : Sub Re (2026-07-10)
  OK — Sunn O))) : sunn O))) (2026-07-10)
  OK — JOACHIM NORDWALL : Fight Fire With Fire (2026-07-10)
  OK — Inox Traxx : Love Letter (2026-07-10)
  OK — James M. Creed : Tending (2026-07-10)
  OK — ¿DONDEDOS : Drifting Nowhere (2026-07-10)
  OK — The Bug & Dis Fig : Ladybug 1 (2026-07-10)
  OK — HEALING FORCE PROJECT : Unholy Magnetic (2026-07-10)
  OK — EZEKIEL HONIG : Surfaces Of A Broken Marching Band (2026 Remaster) (2026-07-10)
  OK — THE DURUTTI COLUMN : A Paean to Wilson (2026-07-10)
  OK — OREN AMBARCHI : Hubris (10th Anniversary Remaster) (2026-07-10)
  OK — Memotone : Warm Shadows (2026-07-10)
  OK — Felicia Atkinson : Sans Visage (2026-07-10)
  OK — Dima : Salva (2026-07-10)
  OK — Akusmi : Terra Incognita (2026-07-10)
  OK — Quiet Husband : The Architecture of Perception (2026-07-10)
  OK — TENGGER : SKY (2026-07-10)
  OK — Sam Binga & Addison Groove : BAGS INC. (2026-07-10)
  OK — Emer feat. Ugnė Uma : You And Me (2026-07-10)
  OK — Dux Content : Lifestyle (2026-07-10)
  OK — GAS : November 89 (2026-07-10)
  OK — T++ : Wireless (2026-07-10)
  OK — Burial & Four Tet & Thom Yorke : Her Revolution / His Rope (2026-07-10)
  OK — Various Artists : Blues in the Mississippi Night (2026-07-10)
  OK — Abul Mogard & Rafael Anton Irisarri : Where Light Pauses in the Silence of the Sun (2026-07-10)
  OK — Function : Aeternum (Existenz) (2026-07-10)
  OK — Kelela : new avatar (2026-07-10)
  OK — Bob Bellerue : Chaos Is A Law (2026-07-10)
  OK — Klaus Lang : geschrieben in wasser (2026-07-10)
  OK — Panda Bear & Sonic Boom : A ? of WHEN (2026-07-10)
  OK — Ricardo Villalobos / Oren Ambarchi : Hubris Variation (2026-07-10)
  OK — Victoria Mingot : God Spill (2026-07-10)
  OK — Seekersinternational & wzrdryAV : Orbit Flares (2026-07-10)
  OK — XIU XIU : Eraserhead Xiu Xiu (2026-07-10)
  OK — Edgar : Pavor (2026-07-10)
  OK — Al Wootton : River Songs (2026-07-10)
  OK — Keith Hudson, Soul Syndicate : Nuh Skin Up Dub (2026-07-10)
  OK — Bim Sherman : Ghetto Dub (2026-07-10)
  OK — Evil Graham Lee : I Think I'm Alone Now (2026-07-10)
  OK — Old Saw : Country Tropics (2026-07-10)
  OK — Eldritch Anisette : Complete Fairytales [Paperback Edition] (2026-07-10)
  OK — Aubrey Hoermann : The Dance Flo-Funk EP (2026-07-10)
  OK — Sees : Ampersand Curve (2026-07-10)
  OK — Luca Durán & Kelman Duran : Lejanía (2026-07-10)
  OK — Lucid Dreams : Mesmerism (2026-07-10)
  OK — Monolake : Hongkong (2026-07-10)
  OK — Cat Power : The Greatest (20th Anniversary Edition) (2026-07-10)
  OK — Frances Chang : Auratones of Desire (2026-07-10)
  OK — The Rah Band : Rising Star / Deep Song (2026-07-10)
  OK — GILBERTO GIL : Louvação (2026-07-10)
  OK — Lauren Martin : Aftershock: The Seismic Impact of Dubstep (2026-07-10)
  OK — SCRITTI POLITTI : Cupid & Psyche 85 (Deluxe Edition Remastered) (2026-07-10)
  OK — Andreas Tilliander : Lava (2026-07-10)
  OK — Hildur Guðnadóttir : Without Sinking (2026-07-10)
  OK — Function : Existenz (2026-07-10)
  OK — Natalia Beylis & Eimear Reidy : She Came Through the Window to Stand by the Door (2026-07-10)
  OK — Jürg Frey : Clarinet Quintet (2026-07-10)
  OK — Dimi Angélis : Time Capsule (2026-07-10)
  OK — Wet Leg : moisturizer (deluxe) (2026-07-10)
  OK — We Jazz Magazine : Issue 19 / Summer 2026 "Milestones" (2026-07-10)
  OK — Blue Eyed Soul : You Ain't No Weight (2026-07-10)
  OK — GREG : bby / Kas Frekans (2026-07-10)
  OK — Lionmilk : Visions in Paraíso (2026-07-10)
  OK — Magi Merlin : POWER HOUSE (2026-07-10)
  OK — ALOT : AMOR ODIO EP (2026-07-10)
  OK — Violet Cowboy : Ramraid at the Wiggly Worm (2026-07-10)
  OK — The Head And The Heart : Live at Neumos (2011) (2026-07-10)
  OK — Baby Rose : YEARNALISM (2026-07-10)
  OK — Elias Stemeseder, Thomas Morgan : Io Pur Respiro (2026-07-10)
  OK — Ebbb : Shallow Hits (2026-07-10)
  OK — Mollono.bass : You (Woodkin Remix) (2026-07-10)
  OK — Lakej, NWHR, Carmelo Ponente, Bartig Move, : BISBARRA001 (V/A) (2026-07-10)
  OK — Sam Goku : Interrelation (2026-07-10)
  OK — Robert Hood : The Family (Re-Plant) (2026-07-10)
  OK — papaya noon : through the moods (2026-07-10)
  OK — Eden Burns : Big Beat Manifesto Vol. XII (2026-07-10)
  OK — Paul Valentin, Liv Lisa Fries, DJ Koze : Elvau (DJ Koze Remix) (2026-07-10)
  OK — radd : Espacio Basura (Part 1) (2026-07-10)
  OK — Measure : Artefacts (2026-07-10)
  OK — Damian's Ghost : Universalis (2026-07-10)
  OK — Simon Herody : Water On Mars (2026-07-10)

=== Visiting 99 product pages for full body ===
  [1/99] Xmal Deutschland : Peel (The Complete Peel Sessions)...
    body: 6354 chars
  [2/99] DX2OV : Tonegues...
    body: 1845 chars
  [3/99] Manonmars, O$VMV$M : Entertainment System...
    body: 2685 chars
  [4/99] Inweys : Inweys...
    body: 1968 chars
  [5/99] Sylvia Lim : Flare...
    body: 1392 chars
  [6/99] Alex Zhang Hungtai : Orion/Mother...
    body: 2097 chars
  [7/99] Various Artists : Documents Of Different Reality...
    body: 2383 chars
  [8/99] THE WIRE : Issue 510: August 2026...
    body: 4998 chars
  [9/99] Kristofer Svensson, Maya Bennardo, Erik Blennow Calälv : For a Lemon Tree...
    body: 1212 chars
  [10/99] DJ Plead & rRoxymore : Read Round City EP...
    body: 1564 chars
  [11/99] Michael Brook : Cobalt Blue & Live at the Aquarium (2026...
    body: 3360 chars
  [12/99] Elori Saxl & Henry Solomon : Seeing Is Forgetting...
    body: 1625 chars
  [13/99] Chuck Strangers : Glory Of The King's Hand...
    body: 1075 chars
  [14/99] Speaker Music : Synoptic Audio...
    body: 3507 chars
  [15/99] Zel & FLEA DIAMONDS : I.T.R...
    body: 1071 chars
  [16/99] Various Artists : STUDIO SIMPA: DIGITAL DANCE MUSIC ON VCD...
    body: 1357 chars
  [17/99] 2K88 & Lauren Duffus & Rainy Miller & Bianca Scout : Everything Always Changes, For We’re Tru...
    body: 2425 chars
  [18/99] Keith Hudson : Playing It Cool & Playing It Right...
    body: 2142 chars
  [19/99] Kassel Jaeger : Sub Re...
    body: 2161 chars
  [20/99] Sunn O))) : sunn O)))...
    body: 2279 chars
  [21/99] JOACHIM NORDWALL : Fight Fire With Fire...
    body: 1476 chars
  [22/99] Inox Traxx : Love Letter...
    body: 492 chars
  [23/99] James M. Creed : Tending...
    body: 560 chars
  [24/99] ¿DONDEDOS : Drifting Nowhere...
    body: 1673 chars
  [25/99] The Bug & Dis Fig : Ladybug 1...
    body: 833 chars
  [26/99] HEALING FORCE PROJECT : Unholy Magnetic...
    body: 2025 chars
  [27/99] EZEKIEL HONIG : Surfaces Of A Broken Marching Band (2026...
    body: 1481 chars
  [28/99] THE DURUTTI COLUMN : A Paean to Wilson...
    body: 1579 chars
  [29/99] OREN AMBARCHI : Hubris (10th Anniversary Remaster)...
    body: 1771 chars
  [30/99] Memotone : Warm Shadows...
    body: 2066 chars
  [31/99] Felicia Atkinson : Sans Visage...
    body: 2065 chars
  [32/99] Dima : Salva...
    body: 1186 chars
  [33/99] Akusmi : Terra Incognita...
    body: 1392 chars
  [34/99] Quiet Husband : The Architecture of Perception...
    body: 1865 chars
  [35/99] TENGGER : SKY...
    body: 1045 chars
  [36/99] Sam Binga & Addison Groove : BAGS INC....
    body: 1145 chars
  [37/99] Emer feat. Ugnė Uma : You And Me...
    body: 1392 chars
  [38/99] Dux Content : Lifestyle...
    body: 1678 chars
  [39/99] GAS : November 89...
    body: 1896 chars
  [40/99] T++ : Wireless...
    body: 4096 chars
  [41/99] Burial & Four Tet & Thom Yorke : Her Revolution / His Rope...
    body: 171 chars
  [42/99] Various Artists : Blues in the Mississippi Night...
    body: 2412 chars
  [43/99] Abul Mogard & Rafael Anton Irisarri : Where Light Pauses in the Silence of the...
    body: 3598 chars
  [44/99] Function : Aeternum (Existenz)...
    body: 1296 chars
  [45/99] Kelela : new avatar...
    body: 3399 chars
  [46/99] Bob Bellerue : Chaos Is A Law...
    body: 1172 chars
  [47/99] Klaus Lang : geschrieben in wasser...
    body: 801 chars
  [48/99] Panda Bear & Sonic Boom : A ? of WHEN...
    body: 3120 chars
  [49/99] Ricardo Villalobos / Oren Ambarchi : Hubris Variation...
    body: 565 chars
  [50/99] Victoria Mingot : God Spill...
    body: 1205 chars
  [51/99] Seekersinternational & wzrdryAV : Orbit Flares...
    body: 1526 chars
  [52/99] XIU XIU : Eraserhead Xiu Xiu...
    body: 2018 chars
  [53/99] Edgar : Pavor...
    body: 1569 chars
  [54/99] Al Wootton : River Songs...
    body: 826 chars
  [55/99] Keith Hudson, Soul Syndicate : Nuh Skin Up Dub...
    body: 1571 chars
  [56/99] Bim Sherman : Ghetto Dub...
    body: 1573 chars
  [57/99] Evil Graham Lee : I Think I'm Alone Now...
    body: 1342 chars
  [58/99] Old Saw : Country Tropics...
    body: 1867 chars
  [59/99] Eldritch Anisette : Complete Fairytales [Paperback Edition]...
    body: 1551 chars
  [60/99] Aubrey Hoermann : The Dance Flo-Funk EP...
    body: 703 chars
  [61/99] Sees : Ampersand Curve...
    body: 2427 chars
  [62/99] Luca Durán & Kelman Duran : Lejanía...
    body: 504 chars
  [63/99] Lucid Dreams : Mesmerism...
    body: 1804 chars
  [64/99] Monolake : Hongkong...
    body: 1829 chars
  [65/99] Cat Power : The Greatest (20th Anniversary Edition)...
    body: 1722 chars
  [66/99] Frances Chang : Auratones of Desire...
    body: 751 chars
  [67/99] The Rah Band : Rising Star / Deep Song...
    body: 881 chars
  [68/99] GILBERTO GIL : Louvação...
    body: 1956 chars
  [69/99] Lauren Martin : Aftershock: The Seismic Impact of Dubste...
    body: 3246 chars
  [70/99] SCRITTI POLITTI : Cupid & Psyche 85 (Deluxe Edition Remast...
    body: 1242 chars
  [71/99] Andreas Tilliander : Lava...
    body: 1864 chars
  [72/99] Hildur Guðnadóttir : Without Sinking...
    body: 2371 chars
  [73/99] Function : Existenz...
    body: 3531 chars
  [74/99] Natalia Beylis & Eimear Reidy : She Came Through the Window to Stand by ...
    body: 1828 chars
  [75/99] Jürg Frey : Clarinet Quintet...
    body: 2778 chars
  [76/99] Dimi Angélis : Time Capsule...
    body: 508 chars
  [77/99] Wet Leg : moisturizer (deluxe)...
    body: 2872 chars
  [78/99] We Jazz Magazine : Issue 19 / Summer 2026 "Milestones"...
    body: 1690 chars
  [79/99] Blue Eyed Soul : You Ain't No Weight...
    body: 320 chars
  [80/99] GREG : bby / Kas Frekans...
    body: 895 chars
  [81/99] Lionmilk : Visions in Paraíso...
    body: 4154 chars
  [82/99] Magi Merlin : POWER HOUSE...
    body: 2773 chars
  [83/99] ALOT : AMOR ODIO EP...
    body: 2487 chars
  [84/99] Violet Cowboy : Ramraid at the Wiggly Worm...
    body: 2689 chars
  [85/99] The Head And The Heart : Live at Neumos (2011)...
    body: 3400 chars
  [86/99] Baby Rose : YEARNALISM...
    body: 2812 chars
  [87/99] Elias Stemeseder, Thomas Morgan : Io Pur Respiro...
    body: 393 chars
  [88/99] Ebbb : Shallow Hits...
    body: 2620 chars
  [89/99] Mollono.bass : You (Woodkin Remix)...
    body: 886 chars
  [90/99] Lakej, NWHR, Carmelo Ponente, Bartig Move, : BISBARRA001 (V/A)...
    body: 1665 chars
  [91/99] Sam Goku : Interrelation...
    body: 1269 chars
  [92/99] Robert Hood : The Family (Re-Plant)...
    body: 663 chars
  [93/99] papaya noon : through the moods...
    body: 1622 chars
  [94/99] Eden Burns : Big Beat Manifesto Vol. XII...
    body: 1439 chars
  [95/99] Paul Valentin, Liv Lisa Fries, DJ Koze : Elvau (DJ Koze Remix)...
    body: 663 chars
  [96/99] radd : Espacio Basura (Part 1)...
    body: 1450 chars
  [97/99] Measure : Artefacts...
    body: 2407 chars
  [98/99] Damian's Ghost : Universalis...
    body: 1230 chars
  [99/99] Simon Herody : Water On Mars...
    body: 2419 chars

Total: 99 items
Closed tab faa331ac-8f81-4801-b7f8-99a520430299
