Boomkat scraper — Today: 2026-08-03, Cutoff: 2026-08-02, Pages: 2, Limit: 100
Creating tab and navigating to New Releases...
Waiting 15s for CF challenge to clear...
CF check: Boomkat|49

=== Page 1 ===
Found 49 products on page 1

=== Page 2 ===
Found 0 products on page 2

Total unique products: 49
  OK — Geinoh Yamashirogumi : Ecophony Rinne (2026-08-03)
  OK — Skyjack : Let The Sky Open Under Your Feet (2026-08-03)
  OK — JAKOB ULLMANN : Fremde Zeit - Addendum (2026-08-03)
  OK — LUC FERRARI : L'Œuvre Électronique (2026-08-03)
  OK — GAS : GAS (2026-08-03)
  OK — BERNARD PARMEGIANI : L'Œuvre Musicale (12 CD Box Set) (2026-08-03)
  OK — Isaiah Collier : JOY (2026-08-03)
  OK — Mark Fell, Pat Thomas : Reality Is Not A Theory (2026-08-03)
  OK — Various Artists : life is beautiful records: veneration for the sacred action (2026-08-03)
  OK — LA MARR (Ron Trent) : Mood Programs - Extended Play (2026-08-03)
  OK — Rhythm & Sound : See Mi Yah (2026-08-03)
  OK — Lolina : gg (2026-08-03)
  OK — OREN AMBARCHI : Hubris (10th Anniversary Remaster) (2026-08-03)
  OK — GAS : November 89 (2026-08-03)
  OK — Eden Aurelius : Entre Nous (2026-08-03)
  OK — Eliane Radigue : Oeuvres Électroniques (Electronic Works) (2026-08-03)
  OK — Tirez Tirez : Story Of The Year (2026-08-03)
  OK — Monolake : Interstate (2026-08-03)
  OK — Pharoah Sanders & Bill Laswell : With a Heartbeat (2026-08-03)
  OK — felicita : hej! (2026-08-03)
  OK — François Bayle : 50 Ans D'Acousmatique (15 CD Box Set) (2026-08-03)
  OK — Various Artists : Kwalk (2026 Edition) (2026-08-03)
  OK — Gus Till : Rainsong (2026-08-03)
  OK — Arca : XXXXX (2026-08-03)
  OK — Tokiyo Ooto & Orhythmo : Play Nursery Rhymes and Children's Songs (2026-08-03)
  OK — Monolake : Hongkong (2026-08-03)
  OK — Kamma & Masalo : Can't Fake The Feeling (2026-08-03)
  OK — Suiho Tosha / Norio Maeda : Fantastic Sounds In Shino Flute - Yugen No Sekai (2026-08-03)
  OK — Aisha Vaughan : The Water (Sasha Remix) (2026-08-03)
  OK — Joyce Faison : Love Fire (2026-08-03)
  OK — James Ellis Ford : The Ever After (2026-08-03)
  OK — The Desert Jet Set : People I Should Never Have Met (2026-08-03)
  OK — Gavelman : Orb Age (2026-08-03)
  OK — Wendy Eisenberg : Wendy Eisenberg (2026-08-03)
  OK — Dean Blunt : BLACK METAL (2026-08-03)
  OK — Rosso Polare : Cacciamali (2026-08-03)
  OK — Charanjit Singh : Synthesizing: Ten Ragas To A Disco Beat (2026-08-03)
  OK — cv313 & Federsen : Sky Space EP (2026-08-03)
  OK — Lancer : 2late (2026-08-03)
  OK — Natural Forms : Hallucinations EP (2026-08-03)
  OK — New Frames : Bloom. Continuous Mix. (2026-08-03)
  OK — Matt K (Germany) : Work It Ep (2026-08-03)
  OK — rilé : HYP021 (2026-08-03)
  OK — rilé : FOURTEEN 04 (2026-08-03)
  OK — Aeson Zervas : 3 (2026-08-03)
  OK — KORLAKANG : SAMONG SAI (2026-08-03)
  OK — Ghost Dubs : Damaged (2026-08-03)
  OK — Nueen : Swerved (2026-08-03)
  OK — Nondi_ : Bonus Nondi_ (2026-08-03)

=== Visiting 49 product pages for full body ===
  [1/49] Geinoh Yamashirogumi : Ecophony Rinne...
    body: 5956 chars
  [2/49] Skyjack : Let The Sky Open Under Your Feet...
    body: 3320 chars
  [3/49] JAKOB ULLMANN : Fremde Zeit - Addendum...
    body: 1859 chars
  [4/49] LUC FERRARI : L'Œuvre Électronique...
    body: 2841 chars
  [5/49] GAS : GAS...
    body: 3945 chars
  [6/49] BERNARD PARMEGIANI : L'Œuvre Musicale (12 CD Box Set)...
    body: 1644 chars
  [7/49] Isaiah Collier : JOY...
    body: 805 chars
  [8/49] Mark Fell, Pat Thomas : Reality Is Not A Theory...
    body: 2717 chars
  [9/49] Various Artists : life is beautiful records: veneration fo...
    body: 3360 chars
  [10/49] LA MARR (Ron Trent) : Mood Programs - Extended Play...
    body: 1335 chars
  [11/49] Rhythm & Sound : See Mi Yah...
    body: 2128 chars
  [12/49] Lolina : gg...
    body: 1070 chars
  [13/49] OREN AMBARCHI : Hubris (10th Anniversary Remaster)...
    body: 1771 chars
  [14/49] GAS : November 89...
    body: 1896 chars
  [15/49] Eden Aurelius : Entre Nous...
    body: 1444 chars
  [16/49] Eliane Radigue : Oeuvres Électroniques (Electronic Works)...
    body: 2762 chars
  [17/49] Tirez Tirez : Story Of The Year...
    body: 1972 chars
  [18/49] Monolake : Interstate...
    body: 1875 chars
  [19/49] Pharoah Sanders & Bill Laswell : With a Heartbeat...
    body: 1843 chars
  [20/49] felicita : hej!...
    body: 1722 chars
  [21/49] François Bayle : 50 Ans D'Acousmatique (15 CD Box Set)...
    body: 2437 chars
  [22/49] Various Artists : Kwalk (2026 Edition)...
    body: 1358 chars
  [23/49] Gus Till : Rainsong...
    body: 1614 chars
  [24/49] Arca : XXXXX...
    body: 2524 chars
  [25/49] Tokiyo Ooto & Orhythmo : Play Nursery Rhymes and Children's Songs...
    body: 1352 chars
  [26/49] Monolake : Hongkong...
    body: 1829 chars
  [27/49] Kamma & Masalo : Can't Fake The Feeling...
    body: 495 chars
  [28/49] Suiho Tosha / Norio Maeda : Fantastic Sounds In Shino Flute - Yugen ...
    body: 186 chars
  [29/49] Aisha Vaughan : The Water (Sasha Remix)...
    body: 642 chars
  [30/49] Joyce Faison : Love Fire...
    body: 1868 chars
  [31/49] James Ellis Ford : The Ever After...
    body: 624 chars
  [32/49] The Desert Jet Set : People I Should Never Have Met...
    body: 656 chars
  [33/49] Gavelman : Orb Age...
    body: 1666 chars
  [34/49] Wendy Eisenberg : Wendy Eisenberg...
    body: 3778 chars
  [35/49] Dean Blunt : BLACK METAL...
    body: 1832 chars
  [36/49] Rosso Polare : Cacciamali...
    body: 2463 chars
  [37/49] Charanjit Singh : Synthesizing: Ten Ragas To A Disco Beat...
    body: 1437 chars
  [38/49] cv313 & Federsen : Sky Space EP...
    body: 873 chars
  [39/49] Lancer : 2late...
    body: 773 chars
  [40/49] Natural Forms : Hallucinations EP...
    body: 1023 chars
  [41/49] New Frames : Bloom. Continuous Mix....
    body: 683 chars
  [42/49] Matt K (Germany) : Work It Ep...
    body: 807 chars
  [43/49] rilé : HYP021...
    body: 3440 chars
  [44/49] rilé : FOURTEEN 04...
    body: 1109 chars
  [45/49] Aeson Zervas : 3...
    body: 2141 chars
  [46/49] KORLAKANG : SAMONG SAI...
    body: 892 chars
  [47/49] Ghost Dubs : Damaged...
    body: 4204 chars
  [48/49] Nueen : Swerved...
    body: 2098 chars
  [49/49] Nondi_ : Bonus Nondi_...
    body: 3375 chars

Total: 49 items
Closed tab a29d6501-7ef0-46d6-b44c-16f9a1140560
