Boomkat scraper — Today: 2026-08-08, Cutoff: 2026-08-07, Pages: 2, Limit: 100
Creating tab and navigating to New Releases...
Waiting 15s for CF challenge to clear...
CF check: Boomkat|50

=== Page 1 ===
Found 50 products on page 1

=== Page 2 ===
Found 0 products on page 2

Total unique products: 50
  OK — Father Dionysios Tabakis : Paradise Metal (2026-08-07)
  OK — Various Artists : Emile Omar Présente Déclic, Kaz A Zouk : Zouk - Créole Rap & Ragga - Kompa - Gwo Ka Modern (1987 - 1998) (2026-08-07)
  OK — Vox Populi! : In Dub (2026-08-07)
  OK — LAWRENCE ENGLISH : The Rest Is My Ghost (2026-08-07)
  OK — This heat : THIS HEAT (2026-08-07)
  OK — Various Artists : Fully Nowhere: A World Resources Archive (2026-08-07)
  OK — Roy Montgomery & Martha Skye Murphy : Nebular (2026-08-07)
  OK — LUC FERRARI : L'Œuvre Électronique (2026-08-07)
  OK — Sissi Rada : Serious Songs (2026-08-07)
  OK — BERNARD PARMEGIANI : L'Œuvre Musicale (12 CD Box Set) (2026-08-07)
  OK — THE NECKS : Travel (2026-08-07)
  OK — Various Artists : life is beautiful records: veneration for the sacred action (2026-08-07)
  OK — Various Artists : The Bristol & Bath Blitz Club Meets Art School Sound - 80's Explosion (2026-08-07)
  OK — LA MARR (Ron Trent) : Mood Programs - Extended Play (2026-08-07)
  OK — jason calhoun : revelations of divine love (2026-08-07)
  OK — Cop Tears : The Rules Of The Game (2026-08-07)
  OK — Rhythm & Sound : See Mi Yah (2026-08-07)
  OK — Tara Clerkin Trio : Somewhere Good (2026-08-07)
  OK — ManonMars : Entertainment System (2026-08-07)
  OK — Konx-om-Pax : Naja Naja EP (2026-08-07)
  OK — TALK TALK : Spirit Of Eden (180g Half Speed Master) (2026-08-07)
  OK — Lolina : gg (2026-08-07)
  OK — Art Feynman : Orphans (2026-08-07)
  OK — John Carpenter, Cody Carpenter, & Daniel Davies : Cathedral (2026-08-07)
  OK — Al Wootton & Irene Bianco : Rope (2026-08-07)
  OK — JOHARI SALLEH : JAZZ DARI ANGKASAPURI (2026-08-07)
  OK — Lee Noble : No Becoming (2026 Remaster) (2026-08-07)
  OK — LOREN CONNORS & DAVID GRUBBS : Somewhere in the Wind (2026-08-07)
  OK — Eliane Radigue : Oeuvres Électroniques (Electronic Works) (2026-08-07)
  OK — Flora Yin Wong : Flora Yin-Wong [50] (2026-08-07)
  OK — Salamanda : Music To Watch Seeds Grow By 008: Salamanda (Basil) (2026-08-07)
  OK — THE NECKS : Vertigo (2026-08-07)
  OK — Time is Away : Ballads (2026-08-07)
  OK — THE NECKS : Bleed (2026-08-07)
  OK — Rudimentary Peni : The E.P's of R.P (2026-08-07)
  OK — Arca : XXXXX (2026-08-07)
  OK — François Bayle : 50 Ans D'Acousmatique (15 CD Box Set) (2026-08-07)
  OK — DEV/NULL : Drum Damage (2026-08-07)
  OK — Overmono : Pure Devotion (2026-08-07)
  OK — Gus Till : Rainsong (2026-08-07)
  OK — Steve Rachmad : Light And Time (2026-08-07)
  OK — Tokiyo Ooto & Orhythmo : Play Nursery Rhymes and Children's Songs (2026-08-07)
  OK — Patricia Wolf : Music To Watch Seeds Grow By 009: Patricia Wolf (Yarrow) (2026-08-07)
  OK — Wiregrass Sacred Harp Singers : Songs From The B. F. White Sacred Harp (2026-08-07)
  OK — Anvar Kalandarov : Central Asian Synthesizers (2026-08-07)
  OK — Kamma & Masalo : Can't Fake The Feeling (2026-08-07)
  OK — ALFONSO SOLIANO : TIGA TROMBONE (2026-08-07)
  OK — Slim Levy : Snippet Sounds (2026-08-07)
  OK — Lee "Scratch" Perry : Disco Devil Vol. 3 (5 More Classic Discomixes From The Black Ark Studio 1977-9) (2026-08-07)
  OK — Citizen : Halcyon Blues (2026-08-07)

=== Visiting 50 product pages for full body ===
  [1/50] Father Dionysios Tabakis : Paradise Metal...
    body: 2840 chars
  [2/50] Various Artists : Emile Omar Présente Déclic, Kaz A Zouk :...
    body: 822 chars
  [3/50] Vox Populi! : In Dub...
    body: 1267 chars
  [4/50] LAWRENCE ENGLISH : The Rest Is My Ghost...
    body: 3364 chars
  [5/50] This heat : THIS HEAT...
    body: 2337 chars
  [6/50] Various Artists : Fully Nowhere: A World Resources Archive...
    body: 2125 chars
  [7/50] Roy Montgomery & Martha Skye Murphy : Nebular...
    body: 2536 chars
  [8/50] LUC FERRARI : L'Œuvre Électronique...
    body: 2841 chars
  [9/50] Sissi Rada : Serious Songs...
    body: 3273 chars
  [10/50] BERNARD PARMEGIANI : L'Œuvre Musicale (12 CD Box Set)...
    body: 1644 chars
  [11/50] THE NECKS : Travel...
    body: 1784 chars
  [12/50] Various Artists : life is beautiful records: veneration fo...
    body: 3360 chars
  [13/50] Various Artists : The Bristol & Bath Blitz Club Meets Art ...
    body: 1429 chars
  [14/50] LA MARR (Ron Trent) : Mood Programs - Extended Play...
    body: 1335 chars
  [15/50] jason calhoun : revelations of divine love...
    body: 1800 chars
  [16/50] Cop Tears : The Rules Of The Game...
    body: 1760 chars
  [17/50] Rhythm & Sound : See Mi Yah...
    body: 2128 chars
  [18/50] Tara Clerkin Trio : Somewhere Good...
    body: 2908 chars
  [19/50] ManonMars : Entertainment System...
    body: 2324 chars
  [20/50] Konx-om-Pax : Naja Naja EP...
    body: 605 chars
  [21/50] TALK TALK : Spirit Of Eden (180g Half Speed Master)...
    body: 926 chars
  [22/50] Lolina : gg...
    body: 1070 chars
  [23/50] Art Feynman : Orphans...
    body: 2472 chars
  [24/50] John Carpenter, Cody Carpenter, & Daniel Davies : Cathedral...
    body: 2075 chars
  [25/50] Al Wootton & Irene Bianco : Rope...
    body: 2345 chars
  [26/50] JOHARI SALLEH : JAZZ DARI ANGKASAPURI...
    body: 1562 chars
  [27/50] Lee Noble : No Becoming (2026 Remaster)...
    body: 1456 chars
  [28/50] LOREN CONNORS & DAVID GRUBBS : Somewhere in the Wind...
    body: 1854 chars
  [29/50] Eliane Radigue : Oeuvres Électroniques (Electronic Works)...
    body: 2762 chars
  [30/50] Flora Yin Wong : Flora Yin-Wong [50]...
    body: 1080 chars
  [31/50] Salamanda : Music To Watch Seeds Grow By 008: Salama...
    body: 1294 chars
  [32/50] THE NECKS : Vertigo...
    body: 1558 chars
  [33/50] Time is Away : Ballads...
    body: 1181 chars
  [34/50] THE NECKS : Bleed...
    body: 2213 chars
  [35/50] Rudimentary Peni : The E.P's of R.P...
    body: 783 chars
  [36/50] Arca : XXXXX...
    body: 2651 chars
  [37/50] François Bayle : 50 Ans D'Acousmatique (15 CD Box Set)...
    body: 2437 chars
  [38/50] DEV/NULL : Drum Damage...
    body: 892 chars
  [39/50] Overmono : Pure Devotion...
    body: 1941 chars
  [40/50] Gus Till : Rainsong...
    body: 1614 chars
  [41/50] Steve Rachmad : Light And Time...
    body: 2794 chars
  [42/50] Tokiyo Ooto & Orhythmo : Play Nursery Rhymes and Children's Songs...
    body: 1475 chars
  [43/50] Patricia Wolf : Music To Watch Seeds Grow By 009: Patric...
    body: 1694 chars
  [44/50] Wiregrass Sacred Harp Singers : Songs From The B. F. White Sacred Harp...
    body: 1397 chars
  [45/50] Anvar Kalandarov : Central Asian Synthesizers...
    body: 1428 chars
  [46/50] Kamma & Masalo : Can't Fake The Feeling...
    body: 495 chars
  [47/50] ALFONSO SOLIANO : TIGA TROMBONE...
    body: 1537 chars
  [48/50] Slim Levy : Snippet Sounds...
    body: 1235 chars
  [49/50] Lee "Scratch" Perry : Disco Devil Vol. 3 (5 More Classic Disco...
    body: 116 chars
  [50/50] Citizen : Halcyon Blues...
    body: 886 chars

Total: 50 items
Closed tab d24c304d-9b82-41be-a50d-f74765d6899f
