Boomkat scraper — Today: 2026-08-10, Cutoff: 2026-08-09, Pages: 2, Limit: 100
Creating tab and navigating to New Releases...
Waiting 15s for CF challenge to clear...
CF check: Boomkat|50

=== Page 1 ===
Found 50 products on page 1

=== Page 2 ===
Found 0 products on page 2

Total unique products: 50
  OK — Cold Light : Coldtron2 (2026-08-10)
  OK — Topdown Dialectic : False LP A (2026-08-10)
  OK — Nala Sinephro : Endlessness (2026-08-10)
  OK — This heat : THIS HEAT (2026-08-10)
  OK — Catholics Against Architecture : Columns (2026-08-10)
  OK — RAFAEL TORAL : Spectral Evolution (2026-08-10)
  OK — Mark Jenkin : The Rose Of Nevada (Original Score) (2026-08-10)
  OK — Charli XCX : Music, Fashion, Film (2026-08-10)
  OK — ManonMars : Entertainment System (2026-08-10)
  OK — TALK TALK : Spirit Of Eden (180g Half Speed Master) (2026-08-10)
  OK — Geir Sundstøl & Joe Harvey-Whyte : Langeleik (2026-08-10)
  OK — TENGGER : SKY (2026-08-10)
  OK — John Carpenter, Cody Carpenter, & Daniel Davies : Cathedral (2026-08-10)
  OK — Ø (MIKA VAINIO) : Sysivalo (2026-08-10)
  OK — Salamanda : Music To Watch Seeds Grow By 008: Salamanda (Basil) (2026-08-10)
  OK — Various Artists : Ethiopian Musics 1971 - Recorded by Ragnar Johnson and Ralph Harrisson (2026-08-10)
  OK — STILL GOING : Spaghetti Circus (2026-08-10)
  OK — nqthqn : aa in reverse (2026-08-10)
  OK — Wiregrass Sacred Harp Singers : Songs From The B. F. White Sacred Harp (2026-08-10)
  OK — Colin Stetson : New History Warfare Vol​.​1 (2026-08-10)
  OK — Lee "Scratch" Perry : Disco Devil Vol. 3 (5 More Classic Discomixes From The Black Ark Studio 1977-9) (2026-08-10)
  OK — Little Willie Littlefield : Baby Shame b/w Mistreated (2026-08-10)
  OK — Black Duck with Elena Setién : Funeral in my Brain (2026-08-10)
  OK — Whoismarce : Pleiadians (2026-08-10)
  OK — The Silverettes Of Racine Wisconsin : There's Rest b/w Welcome Home My Child (2026-08-10)
  OK — BLACK LIPS : Kingdom Come (2026-08-10)
  OK — Tara Clerkin Trio : Somewhere Good (2026-08-10)
  OK — OREN AMBARCHI : Hubris (10th Anniversary Remaster) (2026-08-10)
  OK — Dean Blunt : BLACK METAL (2026-08-10)
  OK — Charanjit Singh : Synthesizing: Ten Ragas To A Disco Beat (2026-08-10)
  OK — Overmono : Pure Devotion (2026-08-10)
  OK — Fader Cap : World Two (2026-08-10)
  OK — Father Dionysios Tabakis : Paradise Metal (2026-08-10)
  OK — Various Artists : Emile Omar Présente Déclic, Kaz A Zouk : Zouk - Créole Rap & Ragga - Kompa - Gwo Ka Modern (1987 - 1998) (2026-08-10)
  OK — Vox Populi! : In Dub (2026-08-10)
  OK — LAWRENCE ENGLISH : The Rest Is My Ghost (2026-08-10)
  OK — Various Artists : Fully Nowhere: A World Resources Archive (2026-08-10)
  OK — Roy Montgomery & Martha Skye Murphy : Nebular (2026-08-10)
  OK — LUC FERRARI : L'Œuvre Électronique (2026-08-10)
  OK — Sissi Rada : Serious Songs (2026-08-10)
  OK — BERNARD PARMEGIANI : L'Œuvre Musicale (12 CD Box Set) (2026-08-10)
  OK — THE NECKS : Travel (2026-08-10)
  OK — Various Artists : life is beautiful records: veneration for the sacred action (2026-08-10)
  OK — Various Artists : The Bristol & Bath Blitz Club Meets Art School Sound - 80's Explosion (2026-08-10)
  OK — LA MARR (Ron Trent) : Mood Programs - Extended Play (2026-08-10)
  OK — jason calhoun : revelations of divine love (2026-08-10)
  OK — Cop Tears : The Rules Of The Game (2026-08-10)
  OK — Rhythm & Sound : See Mi Yah (2026-08-10)
  OK — Konx-om-Pax : Naja Naja EP (2026-08-10)
  OK — Lolina : gg (2026-08-10)

=== Visiting 50 product pages for full body ===
  [1/50] Cold Light : Coldtron2...
    body: 1854 chars
  [2/50] Topdown Dialectic : False LP A...
    body: 2688 chars
  [3/50] Nala Sinephro : Endlessness...
    body: 3959 chars
  [4/50] This heat : THIS HEAT...
    body: 2337 chars
  [5/50] Catholics Against Architecture : Columns...
    body: 2528 chars
  [6/50] RAFAEL TORAL : Spectral Evolution...
    body: 4639 chars
  [7/50] Mark Jenkin : The Rose Of Nevada (Original Score)...
    body: 1638 chars
  [8/50] Charli XCX : Music, Fashion, Film...
    body: 4998 chars
  [9/50] ManonMars : Entertainment System...
    body: 2324 chars
  [10/50] TALK TALK : Spirit Of Eden (180g Half Speed Master)...
    body: 926 chars
  [11/50] Geir Sundstøl & Joe Harvey-Whyte : Langeleik...
    body: 1900 chars
  [12/50] TENGGER : SKY...
    body: 2059 chars
  [13/50] John Carpenter, Cody Carpenter, & Daniel Davies : Cathedral...
    body: 4612 chars
  [14/50] Ø (MIKA VAINIO) : Sysivalo...
    body: 2816 chars
  [15/50] Salamanda : Music To Watch Seeds Grow By 008: Salama...
    body: 1294 chars
  [16/50] Various Artists : Ethiopian Musics 1971 - Recorded by Ragn...
    body: 4479 chars
  [17/50] STILL GOING : Spaghetti Circus...
    body: 2050 chars
  [18/50] nqthqn : aa in reverse...
    body: 805 chars
  [19/50] Wiregrass Sacred Harp Singers : Songs From The B. F. White Sacred Harp...
    body: 1397 chars
  [20/50] Colin Stetson : New History Warfare Vol​.​1...
    body: 1361 chars
  [21/50] Lee "Scratch" Perry : Disco Devil Vol. 3 (5 More Classic Disco...
    body: 116 chars
  [22/50] Little Willie Littlefield : Baby Shame b/w Mistreated...
    body: 802 chars
  [23/50] Black Duck with Elena Setién : Funeral in my Brain...
    body: 634 chars
  [24/50] Whoismarce : Pleiadians...
    body: 1483 chars
  [25/50] The Silverettes Of Racine Wisconsin : There's Rest b/w Welcome Home My Child...
    body: 819 chars
  [26/50] BLACK LIPS : Kingdom Come...
    body: 620 chars
  [27/50] Tara Clerkin Trio : Somewhere Good...
    body: 2908 chars
  [28/50] OREN AMBARCHI : Hubris (10th Anniversary Remaster)...
    body: 1771 chars
  [29/50] Dean Blunt : BLACK METAL...
    body: 1832 chars
  [30/50] Charanjit Singh : Synthesizing: Ten Ragas To A Disco Beat...
    body: 3848 chars
  [31/50] Overmono : Pure Devotion...
    body: 3614 chars
  [32/50] Fader Cap : World Two...
    body: 974 chars
  [33/50] Father Dionysios Tabakis : Paradise Metal...
    body: 2840 chars
  [34/50] Various Artists : Emile Omar Présente Déclic, Kaz A Zouk :...
    body: 822 chars
  [35/50] Vox Populi! : In Dub...
    body: 4329 chars
  [36/50] LAWRENCE ENGLISH : The Rest Is My Ghost...
    body: 3364 chars
  [37/50] Various Artists : Fully Nowhere: A World Resources Archive...
    body: 2125 chars
  [38/50] Roy Montgomery & Martha Skye Murphy : Nebular...
    body: 2536 chars
  [39/50] LUC FERRARI : L'Œuvre Électronique...
    body: 4845 chars
  [40/50] Sissi Rada : Serious Songs...
    body: 3273 chars
  [41/50] BERNARD PARMEGIANI : L'Œuvre Musicale (12 CD Box Set)...
    body: 1644 chars
  [42/50] THE NECKS : Travel...
    body: 1784 chars
  [43/50] Various Artists : life is beautiful records: veneration fo...
    body: 3360 chars
  [44/50] Various Artists : The Bristol & Bath Blitz Club Meets Art ...
    body: 1429 chars
  [45/50] LA MARR (Ron Trent) : Mood Programs - Extended Play...
    body: 1335 chars
  [46/50] jason calhoun : revelations of divine love...
    body: 1800 chars
  [47/50] Cop Tears : The Rules Of The Game...
    body: 1760 chars
  [48/50] Rhythm & Sound : See Mi Yah...
    body: 2128 chars
  [49/50] Konx-om-Pax : Naja Naja EP...
    body: 605 chars
  [50/50] Lolina : gg...
    body: 1070 chars

Total: 50 items
Closed tab e758fa88-d669-4f37-910e-43f43b1cf5cb
