Boomkat scraper — Today: 2026-07-19, Cutoff: 2026-07-18, Pages: 2, Limit: 100
Creating tab and navigating to New Releases...

=== Page 1 ===
Found 50 products on page 1

=== Page 2 ===
Found 50 products on page 2

Total unique products: 100
  OK — DX2OV : Tonegues (2026-07-19)
  OK — Florian T M Zeisig : Music for Parents (2026-07-19)
  OK — T++ : Wireless (2026-07-19)
  OK — Nídia & Valentina : Estradas (Versions) (2026-07-19)
  OK — Benabou : Rise & Merge (2026-07-19)
  OK — Distinct Motive : Hypnotize (2026-07-19)
  OK — Aeson Zervas : 3 (2026-07-19)
  OK — Tricky : Different When It's Silent (2026-07-19)
  OK — Iguana : CHORA (2026-07-19)
  OK — Paul Kendall : AMENace, goodbye (2026-07-19)
  OK — Egil Kalman & Hans Hulbaekmo : Unit of Time (2026-07-19)
  OK — Static Cleaner Lost Reward : Breathing Under Honey (2026-07-19)
  OK — Helado Tropical : Helado Tropical (2026-07-19)
  OK — THE WIRE : Issue 510: August 2026 (2026-07-19)
  OK — Foul Play : Origins (2026-07-19)
  OK — DJ Manny & DJ Phil : Feature Presentation EP (2026-07-19)
  OK — Nuke Watch : Fusion (2026-07-19)
  OK — PROTOCOL : Channel Zero (2026-07-19)
  OK — Sylvain Chauveau : The Complexity of the Simple (2026-07-19)
  OK — Untold : False Vacuum EP (2026-07-19)
  OK — Picture : Uuuuuuuu (2026-07-19)
  OK — Old Saw : The Wringing Cloth (2026-07-19)
  OK — Jana Irmert : Messengers (Original Soundtrack) (2026-07-19)
  OK — Various Artists : STUDIO SIMPA: DIGITAL DANCE MUSIC ON VCD FROM DAGBON, NORTHERN GHANA (2026-07-19)
  OK — Tomo Katsurada and Jonny Nash : At The Emerald Pool (2026-07-19)
  OK — Various Artists : Virtual Dreams II - Ambient Explorations In The House & Techno Age, Japan 1993-1999 (2026-07-19)
  OK — Vincent Yuen Ruiz : Trio (2026-07-19)
  OK — NEOBORIS : Hélas (2026-07-19)
  OK — Sick Gazelle : Veld (2026-07-19)
  OK — Regis : Power Is Neutral (Mark Broom Edits) (2026-07-19)
  OK — Various Artists : Virtual Dreams: Ambient Explorations In The House & Techno Age, 1993-1997 (2026-07-19)
  OK — Various Artists : life is beautiful records: veneration for the sacred action (2026-07-19)
  OK — Ferries : Eye Wander (2026-07-19)
  OK — Inox Traxx : Love Letter (2026-07-19)
  OK — I. JORDAN : Soft Serve Summer (2026-07-19)
  OK — ManonMars : Entertainment System (2026-07-19)
  OK — EZEKIEL HONIG : Surfaces Of A Broken Marching Band (2026 Remaster) (2026-07-19)
  OK — Sutcliffe Jugend : Offal (2026-07-19)
  OK — Sutcliffe Jugend : Pigdaddy (2026-07-19)
  OK — Sutcliffe Jugend : With Extreme Prejudice (2026-07-19)
  OK — PUB : Do You Ever Regret Pantomime? (2026-07-19)
  OK — PUB : Summer (2026-07-19)
  OK — Theo Parrish : Lovely Edits Vol.1 (2026-07-19)
  OK — ML Buch : Skinned (2026-07-19)
  OK — YOKO ONO : Season of Glass (2026-07-19)
  OK — Jejune : Wait A Lifetime (2026-07-19)
  OK — Gi Gi : In Lieu (2026-07-19)
  OK — Will Long : Long Trax 5 (2026-07-19)
  OK — Fauzia : I Was Here For a Moment (2026-07-19)
  OK — Alek Lee : Like A Flower (2026-07-19)

=== Visiting 50 product pages for full body ===
  [1/50] DX2OV : Tonegues...
    body: 1845 chars
  [2/50] Florian T M Zeisig : Music for Parents...
    body: 1449 chars
  [3/50] T++ : Wireless...
    body: 2131 chars
  [4/50] Nídia & Valentina : Estradas (Versions)...
    body: 1459 chars
  [5/50] Benabou : Rise & Merge...
    body: 886 chars
  [6/50] Distinct Motive : Hypnotize...
    body: 389 chars
  [7/50] Aeson Zervas : 3...
    body: 2141 chars
  [8/50] Tricky : Different When It's Silent...
    body: 2926 chars
  [9/50] Iguana : CHORA...
    body: 1987 chars
  [10/50] Paul Kendall : AMENace, goodbye...
    body: 2178 chars
  [11/50] Egil Kalman & Hans Hulbaekmo : Unit of Time...
    body: 3816 chars
  [12/50] Static Cleaner Lost Reward : Breathing Under Honey...
    body: 2100 chars
  [13/50] Helado Tropical : Helado Tropical...
    body: 1948 chars
  [14/50] THE WIRE : Issue 510: August 2026...
    body: 4998 chars
  [15/50] Foul Play : Origins...
    body: 1466 chars
  [16/50] DJ Manny & DJ Phil : Feature Presentation EP...
    body: 673 chars
  [17/50] Nuke Watch : Fusion...
    body: 1865 chars
  [18/50] PROTOCOL : Channel Zero...
    body: 874 chars
  [19/50] Sylvain Chauveau : The Complexity of the Simple...
    body: 1663 chars
  [20/50] Untold : False Vacuum EP...
    body: 1238 chars
  [21/50] Picture : Uuuuuuuu...
    body: 864 chars
  [22/50] Old Saw : The Wringing Cloth...
    body: 2142 chars
  [23/50] Jana Irmert : Messengers (Original Soundtrack)...
    body: 1557 chars
  [24/50] Various Artists : STUDIO SIMPA: DIGITAL DANCE MUSIC ON VCD...
    body: 1768 chars
  [25/50] Tomo Katsurada and Jonny Nash : At The Emerald Pool...
    body: 2641 chars
  [26/50] Various Artists : Virtual Dreams II - Ambient Explorations...
    body: 2291 chars
  [27/50] Vincent Yuen Ruiz : Trio...
    body: 1975 chars
  [28/50] NEOBORIS : Hélas...
    body: 2890 chars
  [29/50] Sick Gazelle : Veld...
    body: 940 chars
  [30/50] Regis : Power Is Neutral (Mark Broom Edits)...
    body: 630 chars
  [31/50] Various Artists : Virtual Dreams: Ambient Explorations In ...
    body: 864 chars
  [32/50] Various Artists : life is beautiful records: veneration fo...
    body: 3878 chars
  [33/50] Ferries : Eye Wander...
    body: 1267 chars
  [34/50] Inox Traxx : Love Letter...
    body: 492 chars
  [35/50] I. JORDAN : Soft Serve Summer...
    body: 637 chars
  [36/50] ManonMars : Entertainment System...
    body: 2324 chars
  [37/50] EZEKIEL HONIG : Surfaces Of A Broken Marching Band (2026...
    body: 1481 chars
  [38/50] Sutcliffe Jugend : Offal...
    body: 1034 chars
  [39/50] Sutcliffe Jugend : Pigdaddy...
    body: 767 chars
  [40/50] Sutcliffe Jugend : With Extreme Prejudice...
    body: 860 chars
  [41/50] PUB : Do You Ever Regret Pantomime?...
    body: 1429 chars
  [42/50] PUB : Summer...
    body: 1364 chars
  [43/50] Theo Parrish : Lovely Edits Vol.1...
    body: 757 chars
  [44/50] ML Buch : Skinned...
    body: 1697 chars
  [45/50] YOKO ONO : Season of Glass...
    body: 1495 chars
  [46/50] Jejune : Wait A Lifetime...
    body: 2558 chars
  [47/50] Gi Gi : In Lieu...
    body: 1618 chars
  [48/50] Will Long : Long Trax 5...
    body: 1165 chars
  [49/50] Fauzia : I Was Here For a Moment...
    body: 1626 chars
  [50/50] Alek Lee : Like A Flower...
    body: 1272 chars

Total: 50 items
Closed tab c70ba5e1-3d88-4bc1-9658-7b05d8a21707
EXIT=0
