Boomkat scraper — Today: 2026-07-27, Cutoff: 2026-07-26, Pages: 2, Limit: 100
Creating tab and navigating to New Releases...

=== Page 1 ===
Found 49 products on page 1

=== Page 2 ===
Found 50 products on page 2

Total unique products: 99
  OK — KORLAKANG : SAMONG SAI (2026-07-27)
  OK — Peter Zinovieff & Lucy Railton : RFG Inventions for Cello and Computer (2026-07-27)
  OK — DJ SPRINKLES : Midtown 120 Blues (Special Edition) (2026-07-27)
  OK — Marina Zispin : Now You See Me, Now You Don't (2026-07-27)
  OK — CHBB : CHBB (2026-07-27)
  OK — Picture : Uuuuuuuu (2026-07-27)
  OK — THE CONGOS : Heart Of The Congos (2026-07-27)
  OK — Sun Ra & Merzbow : Strange City (2026-07-27)
  OK — JAN JELINEK : Loop Finding Jazz Records (2026-07-27)
  OK — Paul St. Hilaire : Tikiman Vol. 1 (2026-07-27)
  OK — Roméo Poirier & The Exposures : LOVE/HATE (2026-07-27)
  OK — DJ Anderson do Paraiso : Queridão (2026-07-27)
  OK — [Ahmed] : Giant Beauty (2026-07-27)
  OK — Brighde Chaimbeul : Sunwise (2026-07-27)
  OK — Various Artists : The Bristol Meets Africa Sound (2026-07-27)
  OK — Visible Cloaks / Jun Arasaki / Nine Sheep : Kajyadhi Fu Bushi (w/ Visible Cloaks Remix) (2026-07-27)
  OK — Maude Vôs : Medicinal Properties (2026-07-27)
  OK — AUTECHRE : Quaristice (2026-07-27)
  OK — JOHN TILBURY : At home (2026-07-27)
  OK — Alan & Jan (Alan Abrahams & Jan Jelinek) : Take me, I’m yours (2026-07-27)
  OK — Efdemin : Mirror Phase EP (2026-07-27)
  OK — Moß Garten : Sekvensstyrd 1981–1986 (2026-07-27)
  OK — O.G. Jigg : Black Tor Tracks (2026-07-27)
  OK — Alex Nut : The Heat EP (2026-07-27)
  OK — Thomas Bush : Guld (2026-07-27)
  OK — DISRUPT : SECRET LEVEL (MIXTAPE) (2026-07-27)
  OK — Phase Fatale : Off Desire (2026-07-27)
  OK — Slim Levy : Snippet Sounds (2026-07-27)
  OK — Ezmeralda : Untitled (2026-07-27)
  OK — Rob Boskamp & Dudu Capoeira : Brazilian Funk (EP2) (2026-07-27)
  OK — Marta Salogni & Stefano Pilia, Marta Salogni, Stefano Pilia : e il mio fiume scorre verso te, oh mare, accoglimi (2026-07-27)
  OK — Soul Fingers & Funk Rimini : Anima Adriatica (2026-07-27)
  OK — Fields Of Mist : modern mirage / aqua crystal (2026-07-27)
  OK — Charles Walker & The Beatniks : Just Me And You b/w Got My Eyes On The World (2026-07-27)
  OK — Geinoh Yamashirogumi : Ecophony Rinne (2026-07-27)
  OK — Bot1500 : The Black Sea (2026-07-27)
  OK — Burial & Four Tet & Thom Yorke : Her Revolution / His Rope (2026-07-27)
  OK — So Savoeun : The Golden Voice Of Phnom Penh, 1962- 1974 (2026-07-27)
  OK — The Spectacle of Light Abductions 2 : Music for the Paintings of Vedran Kopljar (2026-07-27)
  OK — RIP Magic : Light Over There (2026-07-27)
  OK — Tomoyoshi Date + Stijn Hüwels : Tatemono (建物) (2026-07-27)
  OK — Leo : Cicada Burnt (2026-07-27)
  OK — NPLGNN : BABYLON INNA 'A CAPA MI (2026-07-27)
  OK — CxBxT, Tujiko Noriko & Adrian Corker : .After Again (2026-07-27)
  OK — CHRIS CONNELLY : War.Poem (2026-07-27)
  OK — Damos Room : Volcano (2026-07-27)
  OK — MOJAVE 3 : Ask Me Tomorrow (2026 Remaster) (2026-07-27)
  OK — Daniel Pineda : Burbujas (Remixes) (2026-07-27)
  OK — The Sprigs : For Red Riverbank (2026-07-27)

=== Visiting 49 product pages for full body ===
  [1/49] KORLAKANG : SAMONG SAI...
    body: 1327 chars
  [2/49] Peter Zinovieff & Lucy Railton : RFG Inventions for Cello and Computer...
    body: 1813 chars
  [3/49] DJ SPRINKLES : Midtown 120 Blues (Special Edition)...
    body: 2013 chars
  [4/49] Marina Zispin : Now You See Me, Now You Don't...
    body: 1921 chars
  [5/49] CHBB : CHBB...
    body: 1852 chars
  [6/49] Picture : Uuuuuuuu...
    body: 1753 chars
  [7/49] THE CONGOS : Heart Of The Congos...
    body: 1730 chars
  [8/49] Sun Ra & Merzbow : Strange City...
    body: 1722 chars
  [9/49] JAN JELINEK : Loop Finding Jazz Records...
    body: 2066 chars
  [10/49] Paul St. Hilaire : Tikiman Vol. 1...
    body: 2206 chars
  [11/49] Roméo Poirier & The Exposures : LOVE/HATE...
    body: 1700 chars
  [12/49] DJ Anderson do Paraiso : Queridão...
    body: 1866 chars
  [13/49] [Ahmed] : Giant Beauty...
    body: 1627 chars
  [14/49] Brighde Chaimbeul : Sunwise...
    body: 1859 chars
  [15/49] Various Artists : The Bristol Meets Africa Sound...
    body: 2214 chars
  [16/49] Visible Cloaks / Jun Arasaki / Nine Sheep : Kajyadhi Fu Bushi (w/ Visible Cloaks Rem...
    body: 1533 chars
  [17/49] Maude Vôs : Medicinal Properties...
    body: 1070 chars
  [18/49] AUTECHRE : Quaristice...
    body: 1667 chars
  [19/49] JOHN TILBURY : At home...
    body: 1981 chars
  [20/49] Alan & Jan (Alan Abrahams & Jan Jelinek) : Take me, I’m yours...
    body: 1669 chars
  [21/49] Efdemin : Mirror Phase EP...
    body: 1966 chars
  [22/49] Moß Garten : Sekvensstyrd 1981–1986...
    body: 1130 chars
  [23/49] O.G. Jigg : Black Tor Tracks...
    body: 340 chars
  [24/49] Alex Nut : The Heat EP...
    body: 1514 chars
  [25/49] Thomas Bush : Guld...
    body: 1833 chars
  [26/49] DISRUPT : SECRET LEVEL (MIXTAPE)...
    body: 1861 chars
  [27/49] Phase Fatale : Off Desire...
    body: 2017 chars
  [28/49] Slim Levy : Snippet Sounds...
    body: 1687 chars
  [29/49] Ezmeralda : Untitled...
    body: 1601 chars
  [30/49] Rob Boskamp & Dudu Capoeira : Brazilian Funk (EP2)...
    body: 794 chars
  [31/49] Marta Salogni & Stefano Pilia, Marta Salogni, Stefano Pilia : e il mio fiume scorre verso te, oh mare,...
    body: 699 chars
  [32/49] Soul Fingers & Funk Rimini : Anima Adriatica...
    body: 1139 chars
  [33/49] Fields Of Mist : modern mirage / aqua crystal...
    body: 3220 chars
  [34/49] Charles Walker & The Beatniks : Just Me And You b/w Got My Eyes On The W...
    body: 840 chars
  [35/49] Geinoh Yamashirogumi : Ecophony Rinne...
    body: 1947 chars
  [36/49] Bot1500 : The Black Sea...
    body: 1801 chars
  [37/49] Burial & Four Tet & Thom Yorke : Her Revolution / His Rope...
    body: 1410 chars
  [38/49] So Savoeun : The Golden Voice Of Phnom Penh, 1962- 19...
    body: 1657 chars
  [39/49] The Spectacle of Light Abductions 2 : Music for the Paintings of Vedran Koplja...
    body: 1712 chars
  [40/49] RIP Magic : Light Over There...
    body: 628 chars
  [41/49] Tomoyoshi Date + Stijn Hüwels : Tatemono (建物)...
    body: 1566 chars
  [42/49] Leo : Cicada Burnt...
    body: 1881 chars
  [43/49] NPLGNN : BABYLON INNA 'A CAPA MI...
    body: 1547 chars
  [44/49] CxBxT, Tujiko Noriko & Adrian Corker : .After Again...
    body: 1911 chars
  [45/49] CHRIS CONNELLY : War.Poem...
    body: 2038 chars
  [46/49] Damos Room : Volcano...
    body: 1727 chars
  [47/49] MOJAVE 3 : Ask Me Tomorrow (2026 Remaster)...
    body: 1962 chars
  [48/49] Daniel Pineda : Burbujas (Remixes)...
    body: 1651 chars
  [49/49] The Sprigs : For Red Riverbank...
    body: 1884 chars

Total: 49 items
Closed tab 763f0ecb-e12b-4de7-9648-0c2849485917
