Boomkat scraper — Today: 2026-07-13, Cutoff: 2026-07-12, Pages: 2, Limit: 100
Creating tab and navigating to New Releases...

=== Page 1 ===
Found 49 products on page 1

=== Page 2 ===
Found 49 products on page 2

Total unique products: 98
  OK — Sylvia Lim : Flare (2026-07-13)
  OK — John T. Gast : Infant (2026-07-13)
  OK — THE WIRE : Issue 510: August 2026 (2026-07-13)
  OK — Sylvain Chauveau : The Complexity of the Simple (2026-07-13)
  OK — TIBSLC : City of Something (2026-07-13)
  OK — Various Artists : STUDIO SIMPA: DIGITAL DANCE MUSIC ON VCD FROM DAGBON, NORTHERN GHANA (2026-07-13)
  OK — Tomo Katsurada and Jonny Nash : At The Emerald Pool (2026-07-13)
  OK — Keith Hudson : Playing It Cool & Playing It Right (2026-07-13)
  OK — Sunn O))) : sunn O))) (2026-07-13)
  OK — Inox Traxx : Love Letter (2026-07-13)
  OK — ManonMars : Entertainment System (2026-07-13)
  OK — EZEKIEL HONIG : Surfaces Of A Broken Marching Band (2026 Remaster) (2026-07-13)
  OK — Sutcliffe Jugend : Offal (2026-07-13)
  OK — Sutcliffe Jugend : With Extreme Prejudice (2026-07-13)
  OK — Jejune : Wait A Lifetime (2026-07-13)
  OK — Burial & Four Tet & Thom Yorke : Her Revolution / His Rope (2026-07-13)
  OK — Abul Mogard & Rafael Anton Irisarri : Where Light Pauses in the Silence of the Sun (2026-07-13)
  OK — Function : Aeternum (Existenz) (2026-07-13)
  OK — Bob Bellerue : Chaos Is A Law (2026-07-13)
  OK — Panda Bear & Sonic Boom : A ? of WHEN (2026-07-13)
  OK — Al Wootton : River Songs (2026-07-13)
  OK — Keith Hudson, Soul Syndicate : Nuh Skin Up Dub (2026-07-13)
  OK — CLOCK DVA : White Souls In Black Suits (2026-07-13)
  OK — Bim Sherman : Ghetto Dub (2026-07-13)
  OK — Evil Graham Lee : I Think I'm Alone Now (2026-07-13)
  OK — Hadley Caliman : Iapetus (2026-07-13)
  OK — Ton Klami (Masahiko Satoh, Kang Tae-Hwan, Midori Takada) : Ton Klami (2026-07-13)
  OK — The Milky Way : Summer-Time Love Song (2026-07-13)
  OK — Monolake : Hongkong (2026-07-13)
  OK — Cat Power : The Greatest (20th Anniversary Edition) (2026-07-13)
  OK — GILBERTO GIL : Louvação (2026-07-13)
  OK — SCRITTI POLITTI : Cupid & Psyche 85 (Deluxe Edition Remastered) (2026-07-13)
  OK — Hildur Guðnadóttir : Without Sinking (2026-07-13)
  OK — Dimi Angélis : Time Capsule (2026-07-13)
  OK — We Jazz Magazine : Issue 19 / Summer 2026 "Milestones" (2026-07-13)
  OK — Viviankrist : Morgenrøde (2026-07-13)
  OK — Tevo Howard : Samba Time Clock the Mode (Suite For Violin Number 1 and 2) (Memorial (Movements 1-4), Sometimes Love Gets in the Way (Movements 1-4)) (2026-07-13)
  OK — Ty Segall : Running to Nowhere (2026-07-13)
  OK — Laza : Acceptance (2026-07-13)
  OK — KOKO, Elena Moroder : I Can't Understand (2026-07-13)
  OK — Joyce Faison : Thanks To The Fool b/w Loves Merry Go Round (2026-07-13)
  OK — Yul McClay : Never Leave Me Alone b/w Over The Rainbow (2026-07-13)
  OK — Turn On The Sunlight : Iseo (2026-07-13)
  OK — Michael Brook : Cobalt Blue & Live at the Aquarium (2026 Remaster) (2026-07-13)
  OK — Memotone : Warm Shadows (2026-07-13)
  OK — Seekersinternational & wzrdryAV : Orbit Flares (2026-07-13)
  OK — DJ Haram & Sha Ray : Critical Thot (2026-07-13)
  OK — FREDDY FRESH : Kick This Rhythm (2026-07-13)
  OK — Xmal Deutschland : Peel (The Complete Peel Sessions) (2026-07-13)

=== Visiting 49 product pages for full body ===
  [1/49] Sylvia Lim : Flare...
    body: 1392 chars
  [2/49] John T. Gast : Infant...
    body: 1929 chars
  [3/49] THE WIRE : Issue 510: August 2026...
    body: 4998 chars
  [4/49] Sylvain Chauveau : The Complexity of the Simple...
    body: 1663 chars
  [5/49] TIBSLC : City of Something...
    body: 1429 chars
  [6/49] Various Artists : STUDIO SIMPA: DIGITAL DANCE MUSIC ON VCD...
    body: 1357 chars
  [7/49] Tomo Katsurada and Jonny Nash : At The Emerald Pool...
    body: 2641 chars
  [8/49] Keith Hudson : Playing It Cool & Playing It Right...
    body: 2142 chars
  [9/49] Sunn O))) : sunn O)))...
    body: 2279 chars
  [10/49] Inox Traxx : Love Letter...
    body: 492 chars
  [11/49] ManonMars : Entertainment System...
    body: 2324 chars
  [12/49] EZEKIEL HONIG : Surfaces Of A Broken Marching Band (2026...
    body: 1481 chars
  [13/49] Sutcliffe Jugend : Offal...
    body: 887 chars
  [14/49] Sutcliffe Jugend : With Extreme Prejudice...
    body: 2006 chars
  [15/49] Jejune : Wait A Lifetime...
    body: 2568 chars
  [16/49] Burial & Four Tet & Thom Yorke : Her Revolution / His Rope...
    body: 171 chars
  [17/49] Abul Mogard & Rafael Anton Irisarri : Where Light Pauses in the Silence of the...
    body: 3598 chars
  [18/49] Function : Aeternum (Existenz)...
    body: 1296 chars
  [19/49] Bob Bellerue : Chaos Is A Law...
    body: 1172 chars
  [20/49] Panda Bear & Sonic Boom : A ? of WHEN...
    body: 3120 chars
  [21/49] Al Wootton : River Songs...
    body: 826 chars
  [22/49] Keith Hudson, Soul Syndicate : Nuh Skin Up Dub...
    body: 1571 chars
  [23/49] CLOCK DVA : White Souls In Black Suits...
    body: 1731 chars
  [24/49] Bim Sherman : Ghetto Dub...
    body: 1573 chars
  [25/49] Evil Graham Lee : I Think I'm Alone Now...
    body: 1342 chars
  [26/49] Hadley Caliman : Iapetus...
    body: 3205 chars
  [27/49] Ton Klami (Masahiko Satoh, Kang Tae-Hwan, Midori Takada) : Ton Klami...
    body: 2936 chars
  [28/49] The Milky Way : Summer-Time Love Song...
    body: 2332 chars
  [29/49] Monolake : Hongkong...
    body: 1829 chars
  [30/49] Cat Power : The Greatest (20th Anniversary Edition)...
    body: 1722 chars
  [31/49] GILBERTO GIL : Louvação...
    body: 1148 chars
  [32/49] SCRITTI POLITTI : Cupid & Psyche 85 (Deluxe Edition Remast...
    body: 1242 chars
  [33/49] Hildur Guðnadóttir : Without Sinking...
    body: 2371 chars
  [34/49] Dimi Angélis : Time Capsule...
    body: 508 chars
  [35/49] We Jazz Magazine : Issue 19 / Summer 2026 "Milestones"...
    body: 2451 chars
  [36/49] Viviankrist : Morgenrøde...
    body: 1743 chars
  [37/49] Tevo Howard : Samba Time Clock the Mode (Suite For Vio...
    body: 2313 chars
  [38/49] Ty Segall : Running to Nowhere...
    body: 854 chars
  [39/49] Laza : Acceptance...
    body: 1089 chars
  [40/49] KOKO, Elena Moroder : I Can't Understand...
    body: 880 chars
  [41/49] Joyce Faison : Thanks To The Fool b/w Loves Merry Go Ro...
    body: 888 chars
  [42/49] Yul McClay : Never Leave Me Alone b/w Over The Rainbo...
    body: 884 chars
  [43/49] Turn On The Sunlight : Iseo...
    body: 2928 chars
  [44/49] Michael Brook : Cobalt Blue & Live at the Aquarium (2026...
    body: 3360 chars
  [45/49] Memotone : Warm Shadows...
    body: 2066 chars
  [46/49] Seekersinternational & wzrdryAV : Orbit Flares...
    body: 1526 chars
  [47/49] DJ Haram & Sha Ray : Critical Thot...
    body: 2159 chars
  [48/49] FREDDY FRESH : Kick This Rhythm...
    body: 653 chars
  [49/49] Xmal Deutschland : Peel (The Complete Peel Sessions)...
    body: 6354 chars

Total: 49 items
Closed tab 64da0d97-a1c2-4c0f-87a5-3c51b8dd3a27
