Boomkat scraper — Today: 2026-07-18, Cutoff: 2026-07-17, Pages: 2, Limit: 100
Creating tab and navigating to New Releases...

=== Page 1 ===
Found 50 products on page 1

=== Page 2 ===
Found 50 products on page 2

Total unique products: 100
  OK — Aeson Zervas : 3 (2026-07-17)
  OK — Tricky : Different When It's Silent (2026-07-17)
  OK — Iguana : CHORA (2026-07-17)
  OK — Paul Kendall : AMENace, goodbye (2026-07-17)
  OK — Egil Kalman & Hans Hulbaekmo : Unit of Time (2026-07-17)
  OK — Static Cleaner Lost Reward : Breathing Under Honey (2026-07-17)
  OK — Helado Tropical : Helado Tropical (2026-07-17)
  OK — THE WIRE : Issue 510: August 2026 (2026-07-17)
  OK — Foul Play : Origins (2026-07-17)
  OK — DJ Manny & DJ Phil : Feature Presentation EP (2026-07-17)
  OK — Nuke Watch : Fusion (2026-07-17)
  OK — PROTOCOL : Channel Zero (2026-07-17)
  OK — Sylvain Chauveau : The Complexity of the Simple (2026-07-17)
  OK — Florian T M Zeisig : Music for Parents (2026-07-17)
  OK — Untold : False Vacuum EP (2026-07-17)
  OK — Picture : Uuuuuuuu (2026-07-17)
  OK — Old Saw : The Wringing Cloth (2026-07-17)
  OK — Jana Irmert : Messengers (Original Soundtrack) (2026-07-17)
  OK — Various Artists : STUDIO SIMPA: DIGITAL DANCE MUSIC ON VCD FROM DAGBON, NORTHERN GHANA (2026-07-17)
  OK — Tomo Katsurada and Jonny Nash : At The Emerald Pool (2026-07-17)
  OK — Various Artists : Virtual Dreams II - Ambient Explorations In The House & Techno Age, Japan 1993-1999 (2026-07-17)
  OK — Vincent Yuen Ruiz : Trio (2026-07-17)
  OK — NEOBORIS : Hélas (2026-07-17)
  OK — Sick Gazelle : Veld (2026-07-17)
  OK — Regis : Power Is Neutral (Mark Broom Edits) (2026-07-17)
  OK — Various Artists : Virtual Dreams: Ambient Explorations In The House & Techno Age, 1993-1997 (2026-07-17)
  OK — Various Artists : life is beautiful records: veneration for the sacred action (2026-07-17)
  OK — Ferries : Eye Wander (2026-07-17)
  OK — Inox Traxx : Love Letter (2026-07-17)
  OK — I. JORDAN : Soft Serve Summer (2026-07-17)
  OK — ManonMars : Entertainment System (2026-07-17)
  OK — EZEKIEL HONIG : Surfaces Of A Broken Marching Band (2026 Remaster) (2026-07-17)
  OK — Sutcliffe Jugend : Offal (2026-07-17)
  OK — Sutcliffe Jugend : Pigdaddy (2026-07-17)
  OK — Sutcliffe Jugend : With Extreme Prejudice (2026-07-17)
  OK — PUB : Do You Ever Regret Pantomime? (2026-07-17)
  OK — PUB : Summer (2026-07-17)
  OK — Theo Parrish : Lovely Edits Vol.1 (2026-07-17)
  OK — ML Buch : Skinned (2026-07-17)
  OK — YOKO ONO : Season of Glass (2026-07-17)
  OK — Jejune : Wait A Lifetime (2026-07-17)
  OK — Gi Gi : In Lieu (2026-07-17)
  OK — Will Long : Long Trax 5 (2026-07-17)
  OK — Fauzia : I Was Here For a Moment (2026-07-17)
  OK — Alek Lee : Like A Flower (2026-07-17)
  OK — GAF & The Love Supreme Arkestra : Retiro Espiritual (2026-07-17)
  OK — DJ Spanish Fly : Cadillac Warning (2026-07-17)
  OK — J.WLSN & Liam Keenan : Country/The Country (2026-07-17)
  OK — GAS : November 89 (2026-07-17)
  OK — Martinou : Ever Changing EP (2026-07-17)
  OK — ENVY : Insomniac Doze (2026-07-17)
  OK — Yara Asmar : everyone i love is sleeping and i love them so so much (2026-07-17)
  OK — Various Artists : Blues in the Mississippi Night (2026-07-17)
  OK — Abul Mogard & Rafael Anton Irisarri : Where Light Pauses in the Silence of the Sun (2026-07-17)
  OK — Bob Bellerue : Chaos Is A Law (2026-07-17)
  OK — Martyn : Music for Existing (2026-07-17)
  OK — Rue des Garderies : Live at Pe:rsona (2026-07-17)
  OK — Piezo : Sky Burial (2026-07-17)
  OK — CLOCK DVA : White Souls In Black Suits (2026-07-17)
  OK — Bim Sherman : Ghetto Dub (2026-07-17)
  OK — Evil Graham Lee : I Think I'm Alone Now (2026-07-17)
  OK — The Milky Way : Summer-Time Love Song (2026-07-17)
  OK — Efdemin : Mirror Phase EP (2026-07-17)
  OK — Ton Klami (Masahiko Satoh, Kang Tae-Hwan, Midori Takada) : Ton Klami (2026-07-17)
  OK — Viviankrist : Morgenrøde (2026-07-17)
  OK — Mary Lawson : Mary In Voice Memo (2026-07-17)
  OK — Peder Mannerfelt : Iguana Aura (2026-07-17)
  OK — JULIAN LINDSEY : Don't Know How To Change EP (2026-07-17)
  OK — GILBERTO GIL : Louvação (2026-07-17)
  OK — NeWRoomfreaK : NeWRoomfreaK (2026-07-17)
  OK — Hadley Caliman : Iapetus (2026-07-17)
  OK — Ejay Mass / Jah Massagan Sound : Mass-Studio Dubs! (2026-07-17)
  OK — Jad Atoui : It Will Take Forever (2026-07-17)
  OK — Brokenchord : Lima Echo Crack! (2026-07-17)
  OK — Benabou : Rise & Merge (2026-07-17)
  OK — Brian Ennals, Blockhead : Boatshoes (2026-07-17)
  OK — Distinct Motive : Hypnotize (2026-07-17)
  OK — jackzebra : Blessed (2026-07-17)
  OK — Hot Chip : One Life Stand (Expanded Edition) (2026-07-17)
  OK — Hot Chip : Made In The Dark (Expanded Edition) (2026-07-17)
  OK — Hot Chip : The Warning (20th Anniversary Edition) (2026-07-17)
  OK — Jimmy Scott : Doesn't Love Mean More? (2026-07-17)
  OK — Paul Ngozi : Heavy Metal (Live! Nairobi International Casino!) (2026-07-17)
  OK — Norf Tech : Phantom Grade (2026-07-17)
  OK — Darryl Jenifer : The Weather Channel (2026-07-17)
  OK — Aisha Vaughan : Water World (2026-07-17)
  OK — Matteo Just : X Amor EP (2026-07-17)
  OK — Various Artists : Gockel & Friends (2026-07-17)
  OK — Alien Radio (DE) : Moah (2026-07-17)
  OK — Alex Lahey : B-Grade University (Reunion Edition) (2026-07-17)
  OK — Evan Parker & John Zorn : Those Landings (2026-07-17)
  OK — Baba Stiltz : Relief (2026-07-17)
  OK — John Hassall & The April Rainers : John Hassall & The April Rainers (2026-07-17)
  OK — Robert Hood : Invincible (2026-07-17)
  OK — Nebraska Presents Dubl Drat : The Alter Alter Ego EP (2026-07-17)
  OK — Robert Hood : Minimal Minded (2026-07-17)
  OK — Tweakz : Rough Cut EP (2026-07-17)
  OK — ADRIAN YOUNGE : Afro-Disco Makossa (2026-07-17)
  OK — Asa Tate : Andromeda (2026-07-17)
  OK — Momery : Galaxy EP (2026-07-17)

=== Visiting 100 product pages for full body ===
  [1/100] Aeson Zervas : 3...
    body: 4036 chars
  [2/100] Tricky : Different When It's Silent...
    body: 2926 chars
  [3/100] Iguana : CHORA...
    body: 1987 chars
  [4/100] Paul Kendall : AMENace, goodbye...
    body: 2178 chars
  [5/100] Egil Kalman & Hans Hulbaekmo : Unit of Time...
    body: 3816 chars
  [6/100] Static Cleaner Lost Reward : Breathing Under Honey...
    body: 2100 chars
  [7/100] Helado Tropical : Helado Tropical...
    body: 1948 chars
  [8/100] THE WIRE : Issue 510: August 2026...
    body: 4998 chars
  [9/100] Foul Play : Origins...
    body: 1466 chars
  [10/100] DJ Manny & DJ Phil : Feature Presentation EP...
    body: 673 chars
  [11/100] Nuke Watch : Fusion...
    body: 1865 chars
  [12/100] PROTOCOL : Channel Zero...
    body: 874 chars
  [13/100] Sylvain Chauveau : The Complexity of the Simple...
    body: 1663 chars
  [14/100] Florian T M Zeisig : Music for Parents...
    body: 1449 chars
  [15/100] Untold : False Vacuum EP...
    body: 1238 chars
  [16/100] Picture : Uuuuuuuu...
    body: 864 chars
  [17/100] Old Saw : The Wringing Cloth...
    body: 2142 chars
  [18/100] Jana Irmert : Messengers (Original Soundtrack)...
    body: 1557 chars
  [19/100] Various Artists : STUDIO SIMPA: DIGITAL DANCE MUSIC ON VCD...
    body: 1768 chars
  [20/100] Tomo Katsurada and Jonny Nash : At The Emerald Pool...
    body: 2641 chars
  [21/100] Various Artists : Virtual Dreams II - Ambient Explorations...
    body: 2291 chars
  [22/100] Vincent Yuen Ruiz : Trio...
    body: 1975 chars
  [23/100] NEOBORIS : Hélas...
    body: 2890 chars
  [24/100] Sick Gazelle : Veld...
    body: 940 chars
  [25/100] Regis : Power Is Neutral (Mark Broom Edits)...
    body: 630 chars
  [26/100] Various Artists : Virtual Dreams: Ambient Explorations In ...
    body: 864 chars
  [27/100] Various Artists : life is beautiful records: veneration fo...
    body: 3878 chars
  [28/100] Ferries : Eye Wander...
    body: 1267 chars
  [29/100] Inox Traxx : Love Letter...
    body: 492 chars
  [30/100] I. JORDAN : Soft Serve Summer...
    body: 637 chars
  [31/100] ManonMars : Entertainment System...
    body: 2324 chars
  [32/100] EZEKIEL HONIG : Surfaces Of A Broken Marching Band (2026...
    body: 1481 chars
  [33/100] Sutcliffe Jugend : Offal...
    body: 1034 chars
  [34/100] Sutcliffe Jugend : Pigdaddy...
    body: 767 chars
  [35/100] Sutcliffe Jugend : With Extreme Prejudice...
    body: 860 chars
  [36/100] PUB : Do You Ever Regret Pantomime?...
    body: 1429 chars
  [37/100] PUB : Summer...
    body: 1364 chars
  [38/100] Theo Parrish : Lovely Edits Vol.1...
    body: 757 chars
  [39/100] ML Buch : Skinned...
    body: 1697 chars
  [40/100] YOKO ONO : Season of Glass...
    body: 1495 chars
  [41/100] Jejune : Wait A Lifetime...
    body: 2558 chars
  [42/100] Gi Gi : In Lieu...
    body: 1618 chars
  [43/100] Will Long : Long Trax 5...
    body: 1165 chars
  [44/100] Fauzia : I Was Here For a Moment...
    body: 1626 chars
  [45/100] Alek Lee : Like A Flower...
    body: 1272 chars
  [46/100] GAF & The Love Supreme Arkestra : Retiro Espiritual...
    body: 868 chars
  [47/100] DJ Spanish Fly : Cadillac Warning...
    body: 3276 chars
  [48/100] J.WLSN & Liam Keenan : Country/The Country...
    body: 1188 chars
  [49/100] GAS : November 89...
    body: 1896 chars
  [50/100] Martinou : Ever Changing EP...
    body: 557 chars
  [51/100] ENVY : Insomniac Doze...
    body: 840 chars
  [52/100] Yara Asmar : everyone i love is sleeping and i love t...
    body: 1887 chars
  [53/100] Various Artists : Blues in the Mississippi Night...
    body: 2412 chars
  [54/100] Abul Mogard & Rafael Anton Irisarri : Where Light Pauses in the Silence of the...
    body: 3598 chars
  [55/100] Bob Bellerue : Chaos Is A Law...
    body: 1172 chars
  [56/100] Martyn : Music for Existing...
    body: 1459 chars
  [57/100] Rue des Garderies : Live at Pe:rsona...
    body: 897 chars
  [58/100] Piezo : Sky Burial...
    body: 855 chars
  [59/100] CLOCK DVA : White Souls In Black Suits...
    body: 1731 chars
  [60/100] Bim Sherman : Ghetto Dub...
    body: 1573 chars
  [61/100] Evil Graham Lee : I Think I'm Alone Now...
    body: 1342 chars
  [62/100] The Milky Way : Summer-Time Love Song...
    body: 967 chars
  [63/100] Efdemin : Mirror Phase EP...
    body: 657 chars
  [64/100] Ton Klami (Masahiko Satoh, Kang Tae-Hwan, Midori Takada) : Ton Klami...
    body: 2097 chars
  [65/100] Viviankrist : Morgenrøde...
    body: 998 chars
  [66/100] Mary Lawson : Mary In Voice Memo...
    body: 2685 chars
  [67/100] Peder Mannerfelt : Iguana Aura...
    body: 839 chars
  [68/100] JULIAN LINDSEY : Don't Know How To Change EP...
    body: 739 chars
  [69/100] GILBERTO GIL : Louvação...
    body: 1323 chars
  [70/100] NeWRoomfreaK : NeWRoomfreaK...
    body: 863 chars
  [71/100] Hadley Caliman : Iapetus...
    body: 998 chars
  [72/100] Ejay Mass / Jah Massagan Sound : Mass-Studio Dubs!...
    body: 1238 chars
  [73/100] Jad Atoui : It Will Take Forever...
    body: 983 chars
  [74/100] Brokenchord : Lima Echo Crack!...
    body: 948 chars
  [75/100] Benabou : Rise & Merge...
    body: 886 chars
  [76/100] Brian Ennals, Blockhead : Boatshoes...
    body: 206 chars
  [77/100] Distinct Motive : Hypnotize...
    body: 389 chars
  [78/100] jackzebra : Blessed...
    body: 378 chars
  [79/100] Hot Chip : One Life Stand (Expanded Edition)...
    body: 43 chars
  [80/100] Hot Chip : Made In The Dark (Expanded Edition)...
    body: 1245 chars
  [81/100] Hot Chip : The Warning (20th Anniversary Edition)...
    body: 41 chars
  [82/100] Jimmy Scott : Doesn't Love Mean More?...
    body: 2301 chars
  [83/100] Paul Ngozi : Heavy Metal (Live! Nairobi International...
    body: 2285 chars
  [84/100] Norf Tech : Phantom Grade...
    body: 1442 chars
  [85/100] Darryl Jenifer : The Weather Channel...
    body: 2622 chars
  [86/100] Aisha Vaughan : Water World...
    body: 1630 chars
  [87/100] Matteo Just : X Amor EP...
    body: 1019 chars
  [88/100] Various Artists : Gockel & Friends...
    body: 1220 chars
  [89/100] Alien Radio (DE) : Moah...
    body: 1685 chars
  [90/100] Alex Lahey : B-Grade University (Reunion Edition)...
    body: 1029 chars
  [91/100] Evan Parker & John Zorn : Those Landings...
    body: 1456 chars
  [92/100] Baba Stiltz : Relief...
    body: 633 chars
  [93/100] John Hassall & The April Rainers : John Hassall & The April Rainers...
    body: 2484 chars
  [94/100] Robert Hood : Invincible...
    body: 1080 chars
  [95/100] Nebraska Presents Dubl Drat : The Alter Alter Ego EP...
    body: 721 chars
  [96/100] Robert Hood : Minimal Minded...
    body: 649 chars
  [97/100] Tweakz : Rough Cut EP...
    body: 1227 chars
  [98/100] ADRIAN YOUNGE : Afro-Disco Makossa...
    body: 1652 chars
  [99/100] Asa Tate : Andromeda...
    body: 1241 chars
  [100/100] Momery : Galaxy EP...
    body: 1045 chars

Total: 100 items
Closed tab 2fa11002-bf06-43d0-be5d-d2784f93c617
EXIT=0
