Boomkat scraper — Today: 2026-08-26, Cutoff: 2026-08-25, Pages: 2, Limit: 100
Creating tab and navigating to New Releases...
Waiting 15s for CF challenge to clear...
CF check: Boomkat|49

=== Page 1 (https://boomkat.com/new-releases?show=100) ===
Found 49 products on page 1

=== Page 2 (https://boomkat.com/new-releases?show=100&page=2) ===
Found 50 products on page 2

Total unique products: 99
  OK — STEPHEN O'MALLEY : Avaeken (2026-08-26)
  OK — Cities Aviv : EVEN COLDER SPRING (2026-08-26)
  OK — Roland Kayn, Luigi Nono : Kayn: Cybernetics III / Nono: Contrappunto dialettico alla mente (Avantgarde Vinyl Series) (2026-08-26)
  OK — Wendy Eisenberg : Wendy Eisenberg (2026-08-26)
  OK — HTRK : Work (Work, Work) (2026-08-26)
  OK — Pole : 1 2 3 (2026-08-26)
  OK — Resavoir, Matt Gold : Horizon (2026-08-26)
  OK — MAD PROFESSOR : Melodies International presents Ariwa Sounds (2026-08-26)
  OK — Various Artists : Dioses Tribales (2026-08-26)
  OK — Abiu : It's The Rest Of A Stump (2026-08-26)
  OK — Opéra De Nuit : Opéra De Nuit (2026-08-26)
  OK — Bushes & Klaus : Live at La Chunky (2026-08-26)
  OK — Ezra Feinberg : Soft Power (2026-08-26)
  OK — Steve (Suzanne Ciani) : Out Of The Closet (2026-08-26)
  OK — KOMET : Rausch (2026-08-26)
  OK — MODEL 500 : I See The Light / Pick Up The Flow (2026-08-26)
  OK — LAMBCHOP : Punching the Clown (2026-08-26)
  OK — QUIET LIGHT : BLUE ANGEL SPARKLING SILVER 2 (2026-08-26)
  OK — Mike Cooper : Stochastic Parrot (2026-08-26)
  OK — emer : Fog (2026-08-26)
  OK — Patricia Wolf : Hrafnamynd (2026-08-26)
  OK — Prince Riser : Through The Storm (2026-08-26)
  OK — Substance & Vainqueur, Skee Mask & More : Curation Three: Verraco (2026-08-26)
  OK — Aphex Twin : Selected Ambient Works 85-92 (2026-08-26)
  OK — Outer World : Break that Chain (2026-08-26)
  OK — Courant Zéro : Strange Aorta / Eroding Us (2026-08-26)
  OK — Light Conductor : Omenize / Ghost City Radio (2026-08-26)
  OK — Steve Bates : Easier sad than done / Lettre d'amour à Fly Pan Am (2026-08-26)
  OK — Alva Noto, Ryuichi Sakamoto : Conversation 6 (2026-08-26)
  OK — THAO & Neko Case : Catch As Catch Can (2026-08-26)
  OK — William Basinski : Passing the Cup of Sorrows 1.1 (2026-08-26)
  OK — Lex Walton : ULTIMATE LOVE FOREVER (2026-08-26)
  OK — Mike Reed's Separatist Party : New Angels (2026-08-26)
  OK — Apparel Wax : D003 (2026-08-26)
  OK — 4AF3 : Comfort (2026-08-26)
  OK — Jespfur : O, wind (2026-08-26)
  OK — Rick Johnson : My Very Own b/w Somebody Is Heartbroken (2026-08-26)
  OK — Joe Glass : It's No Wonder (2026-08-26)
  OK — IVM Trio : Beryl (2026-08-26)
  OK — Ava Rasti : No One Knows How Wild The Wind Blows (2026-08-26)
  OK — Coil : Aqua Regalia (2026 Remaster) (2026-08-26)
  OK — The Sick Man Of Europe : Chromophobia (2026-08-26)
  OK — Gary Nolan Singers : He Saved My Soul b/w Will You Be A Servant (2026-08-26)
  OK — Abstract Concrete : Small World (2026-08-26)
  OK — Julia Jacklin : The Hardest Thing (2026-08-26)
  OK — Superfan : In the Gold Room (2026-08-26)
  OK — Chloé Caillet : After Dark (2026-08-26)
  OK — THE OTHER PEOPLE PLACE : Lifestyles Of The Laptop Café (2026-08-26)
  OK — Tzusing : 東方不敗 (2026-08-26)
  OK — FLORENCE : A Requiem for Prime Time TV (2026-08-25)
  OK — CxBxT, Tujiko Noriko & Adrian Corker : .After Again (2026-08-25)
  OK — ML Buch : Suntub (2026-08-25)
  OK — Cukor Bila Smert' : Recordings 1990-1993 (2026-08-25)
  OK — Tara Clerkin Trio : Somewhere Good (2026-08-25)
  OK — Biosphere : The Way Of Time (2026-08-25)
  OK — Various Artists : Ethiopian Musics 1971 - Recorded by Ragnar Johnson and Ralph Harrisson (2026-08-25)
  OK — Kali Malone : The Sacrificial Code (2026-08-25)
  OK — Void Control : The Other Side EP w/ Watkins Group Dub (2026-08-25)
  OK — Emily A. Sprague : Noon Liquid Ore (2026-08-25)
  OK — Ezra Collective : Jubilee Feeling (2026-08-25)
  OK — John Carroll Kirby : First Position 2 (2026-08-25)
  OK — Jaga Jazzist and The Norwegian Radio Orchestra : Live with the Norwegian Radio Orchestra (2026-08-25)
  OK — ASONICSOUND : Doppelganger (2026-08-25)
  OK — Dis Fig : Psaltery (2026-08-25)
  OK — Arlo Parks, Jacques Greene : Heaven (Jacques Greene Remix) (2026-08-25)
  OK — Cabaret Voltaire : Don't Argue (7" Version, 2026 Remaster) (2026-08-25)
  OK — Simansky Valko Podracky : K-drone (2026-08-25)
  OK — Roy Wright : Alone b/w You Changed My Whole Life (2026-08-25)
  OK — Sander de Keere : Pt. 4 (2026-08-25)
  OK — The Vocalaires : I Love The Lord b/w He Knows (2026-08-25)
  OK — Elliott Skinner and Jensen McRae : THAT KID (2026-08-25)
  OK — Kabaré Balafon, Lobi Balafon : Sublime Frequencies Presents Burkina Faso: Volume 1 (2026-08-25)
  OK — Various Artists : Sublime Frequencies Presents Burkina Faso: Volume 2 (2026-08-25)
  OK — Various Artists : Sublime Frequencies Presents Ishq Ke Maare: Sufi Songs from Sindh and Punjab, Pakistan (2026-08-25)
  OK — ERKIN KORAY : Meçhul: Singles & Rarities (2026-08-25)
  OK — Various Artists : Sublime Frequencies Presents Music Of The Bahnar People From The Central Highlands Of Vietnam (2026-08-25)
  OK — Various Artists : Sublime Frequencies Presents Outlier: Recordings From Madagascar (2026-08-25)
  OK — Various Artists : Sublime Frequencies Presents Indian Talking Machine, Pt. II: Instrumental Gems From the 78rpm Era (2026-08-25)
  OK — Various Artists : Sublime Frequencies Presents Music of Xinjiang: Kazakh and Uyghur Music of Central Asia (2026-08-25)
  OK — Various Artists : Sublime Frequencies Presents Burkina Faso: Volume 3 (2026-08-25)
  OK — Felicia Atkinson & Christina Vantzou : Reflections Vol. 3: Water Poems (2026-08-25)
  OK — RACHEL'S : Handwriting (2026-08-25)
  OK — inrain : Rise (2026-08-25)
  OK — John Carroll Kirby : Piano Works 2016-2026 (2026-08-25)
  OK — Sunn O))) : sunn O))) (2026-08-25)
  OK — Frances Chang : I can feel the waves (2026-08-25)
  OK — Ibukun Sunday : Olùsìn [Worshippers] (2026-08-25)
  OK — LUSINE : Sensorimotor (2026-08-25)
  OK — Marco Cassanelli : Visions EP (2026-08-25)
  OK — Pessimist : Pony Boy Club EP (2026-08-25)
  OK — JOSEPHINE FOSTER : No More Lamps In The Morning (2026-08-25)
  OK — Blanck Mass : Crime 101 (Original Motion Picture Soundtrack) (2026-08-25)
  OK — LUSINE : A Certain Distance (2026-08-25)
  OK — Oceanic : ICI (2026-08-25)
  OK — Midori Hirano : The Juniper Tree & Good Bye (2026-08-25)
  OK — SHYRKA : Afflictions EP (2026-08-25)
  OK — Benny Sings : You Love Me (2026-08-25)
  OK — The Chills : Sunburnt (2026-08-25)
  OK — Joey Gilmore : Time To Get With It (2026-08-25)

=== Visiting 99 product pages for full body ===
  [1/99] STEPHEN O'MALLEY : Avaeken...
    body: 2468 chars
  [2/99] Cities Aviv : EVEN COLDER SPRING...
    body: 1823 chars
  [3/99] Roland Kayn, Luigi Nono : Kayn: Cybernetics III / Nono: Contrappun...
    body: 1528 chars
  [4/99] Wendy Eisenberg : Wendy Eisenberg...
    body: 2142 chars
  [5/99] HTRK : Work (Work, Work)...
    body: 1544 chars
  [6/99] Pole : 1 2 3...
    body: 2427 chars
  [7/99] Resavoir, Matt Gold : Horizon...
    body: 5336 chars
  [8/99] MAD PROFESSOR : Melodies International presents Ariwa So...
    body: 2066 chars
  [9/99] Various Artists : Dioses Tribales...
    body: 3844 chars
  [10/99] Abiu : It's The Rest Of A Stump...
    body: 2030 chars
  [11/99] Opéra De Nuit : Opéra De Nuit...
    body: 1469 chars
  [12/99] Bushes & Klaus : Live at La Chunky...
    body: 1016 chars
  [13/99] Ezra Feinberg : Soft Power...
    body: 3067 chars
  [14/99] Steve (Suzanne Ciani) : Out Of The Closet...
    body: 2021 chars
  [15/99] KOMET : Rausch...
    body: 717 chars
  [16/99] MODEL 500 : I See The Light / Pick Up The Flow...
    body: 844 chars
  [17/99] LAMBCHOP : Punching the Clown...
    body: 1264 chars
  [18/99] QUIET LIGHT : BLUE ANGEL SPARKLING SILVER 2...
    body: 1662 chars
  [19/99] Mike Cooper : Stochastic Parrot...
    body: 1551 chars
  [20/99] emer : Fog...
    body: 1490 chars
  [21/99] Patricia Wolf : Hrafnamynd...
    body: 1475 chars
  [22/99] Prince Riser : Through The Storm...
    body: 1105 chars
  [23/99] Substance & Vainqueur, Skee Mask & More : Curation Three: Verraco...
    body: 811 chars
  [24/99] Aphex Twin : Selected Ambient Works 85-92...
    body: 286 chars
  [25/99] Outer World : Break that Chain...
    body: 986 chars
  [26/99] Courant Zéro : Strange Aorta / Eroding Us...
    body: 806 chars
  [27/99] Light Conductor : Omenize / Ghost City Radio...
    body: 806 chars
  [28/99] Steve Bates : Easier sad than done / Lettre d'amour à ...
    body: 854 chars
  [29/99] Alva Noto, Ryuichi Sakamoto : Conversation 6...
    body: 624 chars
  [30/99] THAO & Neko Case : Catch As Catch Can...
    body: 663 chars
  [31/99] William Basinski : Passing the Cup of Sorrows 1.1...
    body: 656 chars
  [32/99] Lex Walton : ULTIMATE LOVE FOREVER...
    body: 1971 chars
  [33/99] Mike Reed's Separatist Party : New Angels...
    body: 647 chars
  [34/99] Apparel Wax : D003...
    body: 604 chars
  [35/99] 4AF3 : Comfort...
    body: 2482 chars
  [36/99] Jespfur : O, wind...
    body: 641 chars
  [37/99] Rick Johnson : My Very Own b/w Somebody Is Heartbroken...
    body: 830 chars
  [38/99] Joe Glass : It's No Wonder...
    body: 655 chars
  [39/99] IVM Trio : Beryl...
    body: 606 chars
  [40/99] Ava Rasti : No One Knows How Wild The Wind Blows...
    body: 699 chars
  [41/99] Coil : Aqua Regalia (2026 Remaster)...
    body: 906 chars
  [42/99] The Sick Man Of Europe : Chromophobia...
    body: 651 chars
  [43/99] Gary Nolan Singers : He Saved My Soul b/w Will You Be A Serva...
    body: 898 chars
  [44/99] Abstract Concrete : Small World...
    body: 649 chars
  [45/99] Julia Jacklin : The Hardest Thing...
    body: 661 chars
  [46/99] Superfan : In the Gold Room...
    body: 628 chars
  [47/99] Chloé Caillet : After Dark...
    body: 1124 chars
  [48/99] THE OTHER PEOPLE PLACE : Lifestyles Of The Laptop Café...
    body: 1185 chars
  [49/99] Tzusing : 東方不敗...
    body: 1328 chars
  [50/99] FLORENCE : A Requiem for Prime Time TV...
    body: 3677 chars
  [51/99] CxBxT, Tujiko Noriko & Adrian Corker : .After Again...
    body: 1688 chars
  [52/99] ML Buch : Suntub...
    body: 4200 chars
  [53/99] Cukor Bila Smert' : Recordings 1990-1993...
    body: 4998 chars
  [54/99] Tara Clerkin Trio : Somewhere Good...
    body: 2908 chars
  [55/99] Biosphere : The Way Of Time...
    body: 1552 chars
  [56/99] Various Artists : Ethiopian Musics 1971 - Recorded by Ragn...
    body: 2488 chars
  [57/99] Kali Malone : The Sacrificial Code...
    body: 1874 chars
  [58/99] Void Control : The Other Side EP w/ Watkins Group Dub...
    body: 613 chars
  [59/99] Emily A. Sprague : Noon Liquid Ore...
    body: 570 chars
  [60/99] Ezra Collective : Jubilee Feeling...
    body: 626 chars
  [61/99] John Carroll Kirby : First Position 2...
    body: 628 chars
  [62/99] Jaga Jazzist and The Norwegian Radio Orchestra : Live with the Norwegian Radio Orchestra...
    body: 1004 chars
  [63/99] ASONICSOUND : Doppelganger...
    body: 1881 chars
  [64/99] Dis Fig : Psaltery...
    body: 643 chars
  [65/99] Arlo Parks, Jacques Greene : Heaven (Jacques Greene Remix)...
    body: 821 chars
  [66/99] Cabaret Voltaire : Don't Argue (7" Version, 2026 Remaster)...
    body: 950 chars
  [67/99] Simansky Valko Podracky : K-drone...
    body: 1284 chars
  [68/99] Roy Wright : Alone b/w You Changed My Whole Life...
    body: 822 chars
  [69/99] Sander de Keere : Pt. 4...
    body: 772 chars
  [70/99] The Vocalaires : I Love The Lord b/w He Knows...
    body: 808 chars
  [71/99] Elliott Skinner and Jensen McRae : THAT KID...
    body: 852 chars
  [72/99] Kabaré Balafon, Lobi Balafon : Sublime Frequencies Presents Burkina Fas...
    body: 855 chars
  [73/99] Various Artists : Sublime Frequencies Presents Burkina Fas...
    body: 1535 chars
  [74/99] Various Artists : Sublime Frequencies Presents Ishq Ke Maa...
    body: 2484 chars
  [75/99] ERKIN KORAY : Meçhul: Singles & Rarities...
    body: 2585 chars
  [76/99] Various Artists : Sublime Frequencies Presents Music Of Th...
    body: 3111 chars
  [77/99] Various Artists : Sublime Frequencies Presents Outlier: Re...
    body: 2530 chars
  [78/99] Various Artists : Sublime Frequencies Presents Indian Talk...
    body: 395 chars
  [79/99] Various Artists : Sublime Frequencies Presents Music of Xi...
    body: 1931 chars
  [80/99] Various Artists : Sublime Frequencies Presents Burkina Fas...
    body: 2108 chars
  [81/99] Felicia Atkinson & Christina Vantzou : Reflections Vol. 3: Water Poems...
    body: 1857 chars
  [82/99] RACHEL'S : Handwriting...
    body: 2170 chars
  [83/99] inrain : Rise...
    body: 1696 chars
  [84/99] John Carroll Kirby : Piano Works 2016-2026...
    body: 2256 chars
  [85/99] Sunn O))) : sunn O)))...
    body: 2279 chars
  [86/99] Frances Chang : I can feel the waves...
    body: 1717 chars
  [87/99] Ibukun Sunday : Olùsìn [Worshippers]...
    body: 695 chars
  [88/99] LUSINE : Sensorimotor...
    body: 775 chars
  [89/99] Marco Cassanelli : Visions EP...
    body: 507 chars
  [90/99] Pessimist : Pony Boy Club EP...
    body: 942 chars
  [91/99] JOSEPHINE FOSTER : No More Lamps In The Morning...
    body: 1250 chars
  [92/99] Blanck Mass : Crime 101 (Original Motion Picture Sound...
    body: 1656 chars
  [93/99] LUSINE : A Certain Distance...
    body: 494 chars
  [94/99] Oceanic : ICI...
    body: 1117 chars
  [95/99] Midori Hirano : The Juniper Tree & Good Bye...
    body: 808 chars
  [96/99] SHYRKA : Afflictions EP...
    body: 1191 chars
  [97/99] Benny Sings : You Love Me...
    body: 618 chars
  [98/99] The Chills : Sunburnt...
    body: 3227 chars
  [99/99] Joey Gilmore : Time To Get With It...
    body: 634 chars

Total: 99 items
Closed tab a87e5c4d-861b-4faa-bb52-8467891bb06e
