Boomkat scraper — Today: 2026-07-21, Cutoff: 2026-07-20, Pages: 2, Limit: 100
Creating tab and navigating to New Releases...

=== Page 1 ===
Found 50 products on page 1

=== Page 2 ===
Found 50 products on page 2

Total unique products: 100
  OK — Leo : Cicada Burnt (2026-07-21)
  OK — NPLGNN : BABYLON INNA 'A CAPA MI (2026-07-21)
  OK — Picture : Uuuuuuuu (2026-07-21)
  OK — The Sprigs : For Red Riverbank (2026-07-21)
  OK — Mohamed Bourouissa : LILA (2026-07-21)
  OK — Sissi Rada : Nana Butu (2026-07-21)
  OK — Hortense Ellis & Big Youth : Hell & Sorrow / Tribulation (2026-07-21)
  OK — Sun Ra & Merzbow : Strange City (2026-07-21)
  OK — NEUROSIS : An Undying Love for a Burning World (2026-07-21)
  OK — Maude Vôs : Medicinal Properties (2026-07-21)
  OK — Bot1500 : The Black Sea (2026-07-21)
  OK — Actress : Overchord (2026-07-21)
  OK — Grouper : Dragging a Dead Deer Up a Hill (2026-07-21)
  OK — Visible Cloaks / Jun Arasaki / Nine Sheep : Kajyadhi Fu Bushi (w/ Visible Cloaks Remix) (2026-07-21)
  OK — Low End Activist : Low End Activism 004 (2026-07-21)
  OK — So Savoeun : The Golden Voice Of Phnom Penh, 1962- 1974 (2026-07-21)
  OK — LNS : LNS-ID VOL 2 (2026-07-21)
  OK — The Spectacle of Light Abductions 2 : Music for the Paintings of Vedran Kopljar (2026-07-21)
  OK — Pharoah Sanders & Bill Laswell : With a Heartbeat (2026-07-21)
  OK — THE DURUTTI COLUMN : Short Stories for Pauline (2026-07-21)
  OK — Earthquake Studio : Dub Harder Than Steel Dub Harder Than Steel (2026-07-21)
  OK — Alex Nut : The Heat EP (2026-07-21)
  OK — Low End Activist & Sikka Rymes : Invite Chaos (Kill Dem) (2026-07-21)
  OK — THE DURUTTI COLUMN : Sex and Death (2026-07-21)
  OK — panasonic : Muuntaja / Murtaja (2026-07-21)
  OK — Low End Activist : Engineers Origins (2026-07-21)
  OK — Mariam Wallentin & Vestnorsk Jazzensemble : Spring Flood (2026-07-21)
  OK — DADAWAH : Peace & Love (2026-07-21)
  OK — LNS : LNS-ID VOL 1 (2026-07-21)
  OK — Kishi Bashi, Tall Tall Trees & The Sound Sanctuary : Kishi Bashi & Tall Tall Trees & The Sound Sanctuary (2026-07-21)
  OK — Islands On Tape : Dust Conspiracy (2026-07-21)
  OK — megiapa : Open Your Eyes (2026-07-21)
  OK — Josh Da Costa : Shireen (2026-07-21)
  OK — LAMBCHOP : The New World Wave (2026-07-21)
  OK — Emily A. Sprague : Sing To (Khotin Remix) (2026-07-21)
  OK — Hans P. Kjorstad : Dis (2026-07-21)
  OK — Little Willie Littlefield & Rhythm : I Need A Pay Day b/w I Want A Little Girl (2026-07-21)
  OK — Alice Barlow : Behind (2026-07-21)
  OK — Mick Harvey, Amanda Acevedo : Song for Aurora (2026-07-21)
  OK — Chateau : Man Of The Country (2026-07-21)
  OK — Cyst, Iglooghost, & daisy* : Rabbit (2026-07-21)
  OK — Ed Longo, The Applied Arts Ensemble : The Other Fantasy (2026-07-21)
  OK — Alice Jean, The Mondellos & Rhythm : Daylight Saving Time b/w That's What I Call Love (2026-07-21)
  OK — Yakub : Posh Spice / Glamorous death is his destination (2026-07-21)
  OK — Hakushi Hasegawa and HaHa And The Hairpins : Suffocation Diary (2026-07-21)
  OK — Sofie Birch : Bivabippabualukka (2026-07-21)
  OK — Various Artists : Watergate XV (2026-07-21)
  OK — ARTHUR RUSSELL : Another Thought (2026-07-21)
  OK — Saphileaum : Heavenly Hills (2026-07-21)
  OK — Pendant : To All Sides They Will Stretch Out Their Hands (2026-07-21)
  OK — Nashpaints : Everyone Good Is Called Molly (2026-07-20)
  OK — Various Artists : A Minha Vida é um Filme e Nele Eu Sou o Vilão - Carimbos e Vinhetas dos Paredões Brasileiros (2026-07-20)
  OK — Nurse With Wound : 1984 : A Happening (2026-07-20)
  OK — Bill Laswell + P.ST : Mount Analogue (2026-07-20)
  OK — Jejune : No One Like You b/w The Boy With The Thorn In His Side (2026-07-20)
  OK — Pictish Trail : Hold It (Both Hands remix) (2026-07-20)
  OK — Danny Clay : A Moment Beyond (2026-07-20)
  OK — Junge Eko : Metal Horse II (2026-07-20)
  OK — Corey King : The Damndest (2026-07-20)
  OK — Morning People, Adam Feingold, M Salaciak, Richard : Morning People (2026-07-20)
  OK — Jody Fingers Finch : Jack Your Big Booty (2026-07-20)
  OK — DX2OV : Tonegues (2026-07-20)
  OK — Florian T M Zeisig : Music for Parents (2026-07-20)
  OK — T++ : Wireless (2026-07-20)
  OK — Nídia & Valentina : Estradas (Versions) (2026-07-20)
  OK — Benabou : Rise & Merge (2026-07-20)
  OK — Distinct Motive : Hypnotize (2026-07-20)
  OK — Aeson Zervas : 3 (2026-07-20)
  OK — Tricky : Different When It's Silent (2026-07-20)
  OK — Iguana : CHORA (2026-07-20)
  OK — Paul Kendall : AMENace, goodbye (2026-07-20)
  OK — Egil Kalman & Hans Hulbaekmo : Unit of Time (2026-07-20)
  OK — Static Cleaner Lost Reward : Breathing Under Honey (2026-07-20)
  OK — Helado Tropical : Helado Tropical (2026-07-20)
  OK — THE WIRE : Issue 510: August 2026 (2026-07-20)
  OK — Foul Play : Origins (2026-07-20)
  OK — DJ Manny & DJ Phil : Feature Presentation EP (2026-07-20)
  OK — Nuke Watch : Fusion (2026-07-20)
  OK — PROTOCOL : Channel Zero (2026-07-20)
  OK — Sylvain Chauveau : The Complexity of the Simple (2026-07-20)
  OK — Untold : False Vacuum EP (2026-07-20)
  OK — Old Saw : The Wringing Cloth (2026-07-20)
  OK — Jana Irmert : Messengers (Original Soundtrack) (2026-07-20)
  OK — Various Artists : STUDIO SIMPA: DIGITAL DANCE MUSIC ON VCD FROM DAGBON, NORTHERN GHANA (2026-07-20)
  OK — Tomo Katsurada and Jonny Nash : At The Emerald Pool (2026-07-20)
  OK — Various Artists : Virtual Dreams II - Ambient Explorations In The House & Techno Age, Japan 1993-1999 (2026-07-20)
  OK — Vincent Yuen Ruiz : Trio (2026-07-20)
  OK — NEOBORIS : Hélas (2026-07-20)
  OK — Sick Gazelle : Veld (2026-07-20)
  OK — Regis : Power Is Neutral (Mark Broom Edits) (2026-07-20)
  OK — Various Artists : Virtual Dreams: Ambient Explorations In The House & Techno Age, 1993-1997 (2026-07-20)
  OK — Various Artists : life is beautiful records: veneration for the sacred action (2026-07-20)
  OK — Ferries : Eye Wander (2026-07-20)
  OK — Inox Traxx : Love Letter (2026-07-20)
  OK — I. JORDAN : Soft Serve Summer (2026-07-20)
  OK — ManonMars : Entertainment System (2026-07-20)
  OK — EZEKIEL HONIG : Surfaces Of A Broken Marching Band (2026 Remaster) (2026-07-20)
  OK — Sutcliffe Jugend : Offal (2026-07-20)
  OK — Sutcliffe Jugend : Pigdaddy (2026-07-20)
  OK — Sutcliffe Jugend : With Extreme Prejudice (2026-07-20)

=== Visiting 100 product pages for full body ===
  [1/100] Leo : Cicada Burnt...
    body: 1786 chars
  [2/100] NPLGNN : BABYLON INNA 'A CAPA MI...
    body: 791 chars
  [3/100] Picture : Uuuuuuuu...
    body: 864 chars
  [4/100] The Sprigs : For Red Riverbank...
    body: 3355 chars
  [5/100] Mohamed Bourouissa : LILA...
    body: 2072 chars
  [6/100] Sissi Rada : Nana Butu...
    body: 2988 chars
  [7/100] Hortense Ellis & Big Youth : Hell & Sorrow / Tribulation...
    body: 521 chars
  [8/100] Sun Ra & Merzbow : Strange City...
    body: 1227 chars
  [9/100] NEUROSIS : An Undying Love for a Burning World...
    body: 3608 chars
  [10/100] Maude Vôs : Medicinal Properties...
    body: 988 chars
  [11/100] Bot1500 : The Black Sea...
    body: 1628 chars
  [12/100] Actress : Overchord...
    body: 1008 chars
  [13/100] Grouper : Dragging a Dead Deer Up a Hill...
    body: 1480 chars
  [14/100] Visible Cloaks / Jun Arasaki / Nine Sheep : Kajyadhi Fu Bushi (w/ Visible Cloaks Rem...
    body: 760 chars
  [15/100] Low End Activist : Low End Activism 004...
    body: 967 chars
  [16/100] So Savoeun : The Golden Voice Of Phnom Penh, 1962- 19...
    body: 1442 chars
  [17/100] LNS : LNS-ID VOL 2...
    body: 1463 chars
  [18/100] The Spectacle of Light Abductions 2 : Music for the Paintings of Vedran Koplja...
    body: 1018 chars
  [19/100] Pharoah Sanders & Bill Laswell : With a Heartbeat...
    body: 1843 chars
  [20/100] THE DURUTTI COLUMN : Short Stories for Pauline...
    body: 994 chars
  [21/100] Earthquake Studio : Dub Harder Than Steel Dub Harder Than St...
    body: 1142 chars
  [22/100] Alex Nut : The Heat EP...
    body: 841 chars
  [23/100] Low End Activist & Sikka Rymes : Invite Chaos (Kill Dem)...
    body: 708 chars
  [24/100] THE DURUTTI COLUMN : Sex and Death...
    body: 1572 chars
  [25/100] panasonic : Muuntaja / Murtaja...
    body: 1031 chars
  [26/100] Low End Activist : Engineers Origins...
    body: 1120 chars
  [27/100] Mariam Wallentin & Vestnorsk Jazzensemble : Spring Flood...
    body: 2203 chars
  [28/100] DADAWAH : Peace & Love...
    body: 1130 chars
  [29/100] LNS : LNS-ID VOL 1...
    body: 1710 chars
  [30/100] Kishi Bashi, Tall Tall Trees & The Sound Sanctuary : Kishi Bashi & Tall Tall Trees & The Soun...
    body: 1473 chars
  [31/100] Islands On Tape : Dust Conspiracy...
    body: 651 chars
  [32/100] megiapa : Open Your Eyes...
    body: 649 chars
  [33/100] Josh Da Costa : Shireen...
    body: 635 chars
  [34/100] LAMBCHOP : The New World Wave...
    body: 1043 chars
  [35/100] Emily A. Sprague : Sing To (Khotin Remix)...
    body: 516 chars
  [36/100] Hans P. Kjorstad : Dis...
    body: 627 chars
  [37/100] Little Willie Littlefield & Rhythm : I Need A Pay Day b/w I Want A Little Gir...
    body: 884 chars
  [38/100] Alice Barlow : Behind...
    body: 633 chars
  [39/100] Mick Harvey, Amanda Acevedo : Song for Aurora...
    body: 850 chars
  [40/100] Chateau : Man Of The Country...
    body: 866 chars
  [41/100] Cyst, Iglooghost, & daisy* : Rabbit...
    body: 828 chars
  [42/100] Ed Longo, The Applied Arts Ensemble : The Other Fantasy...
    body: 1459 chars
  [43/100] Alice Jean, The Mondellos & Rhythm : Daylight Saving Time b/w That's What I C...
    body: 898 chars
  [44/100] Yakub : Posh Spice / Glamorous death is his dest...
    body: 898 chars
  [45/100] Hakushi Hasegawa and HaHa And The Hairpins : Suffocation Diary...
    body: 863 chars
  [46/100] Sofie Birch : Bivabippabualukka...
    body: 3077 chars
  [47/100] Various Artists : Watergate XV...
    body: 1371 chars
  [48/100] ARTHUR RUSSELL : Another Thought...
    body: 1609 chars
  [49/100] Saphileaum : Heavenly Hills...
    body: 1548 chars
  [50/100] Pendant : To All Sides They Will Stretch Out Their...
    body: 2774 chars
  [51/100] Nashpaints : Everyone Good Is Called Molly...
    body: 2973 chars
  [52/100] Various Artists : A Minha Vida é um Filme e Nele Eu Sou o ...
    body: 3061 chars
  [53/100] Nurse With Wound : 1984 : A Happening...
    body: 1078 chars
  [54/100] Bill Laswell + P.ST : Mount Analogue...
    body: 1972 chars
  [55/100] Jejune : No One Like You b/w The Boy With The Tho...
    body: 910 chars
  [56/100] Pictish Trail : Hold It (Both Hands remix)...
    body: 866 chars
  [57/100] Danny Clay : A Moment Beyond...
    body: 1290 chars
  [58/100] Junge Eko : Metal Horse II...
    body: 649 chars
  [59/100] Corey King : The Damndest...
    body: 1046 chars
  [60/100] Morning People, Adam Feingold, M Salaciak, Richard : Morning People...
    body: 1205 chars
  [61/100] Jody Fingers Finch : Jack Your Big Booty...
    body: 1082 chars
  [62/100] DX2OV : Tonegues...
    body: 1845 chars
  [63/100] Florian T M Zeisig : Music for Parents...
    body: 1449 chars
  [64/100] T++ : Wireless...
    body: 2131 chars
  [65/100] Nídia & Valentina : Estradas (Versions)...
    body: 1459 chars
  [66/100] Benabou : Rise & Merge...
    body: 886 chars
  [67/100] Distinct Motive : Hypnotize...
    body: 389 chars
  [68/100] Aeson Zervas : 3...
    body: 2141 chars
  [69/100] Tricky : Different When It's Silent...
    body: 2926 chars
  [70/100] Iguana : CHORA...
    body: 1987 chars
  [71/100] Paul Kendall : AMENace, goodbye...
    body: 2178 chars
  [72/100] Egil Kalman & Hans Hulbaekmo : Unit of Time...
    body: 3816 chars
  [73/100] Static Cleaner Lost Reward : Breathing Under Honey...
    body: 2100 chars
  [74/100] Helado Tropical : Helado Tropical...
    body: 1948 chars
  [75/100] THE WIRE : Issue 510: August 2026...
    body: 4998 chars
  [76/100] Foul Play : Origins...
    body: 1466 chars
  [77/100] DJ Manny & DJ Phil : Feature Presentation EP...
    body: 673 chars
  [78/100] Nuke Watch : Fusion...
    body: 1865 chars
  [79/100] PROTOCOL : Channel Zero...
    body: 874 chars
  [80/100] Sylvain Chauveau : The Complexity of the Simple...
    body: 1663 chars
  [81/100] Untold : False Vacuum EP...
    body: 1238 chars
  [82/100] Old Saw : The Wringing Cloth...
    body: 2142 chars
  [83/100] Jana Irmert : Messengers (Original Soundtrack)...
    body: 1557 chars
  [84/100] Various Artists : STUDIO SIMPA: DIGITAL DANCE MUSIC ON VCD...
    body: 1768 chars
  [85/100] Tomo Katsurada and Jonny Nash : At The Emerald Pool...
    body: 2641 chars
  [86/100] Various Artists : Virtual Dreams II - Ambient Explorations...
    body: 2291 chars
  [87/100] Vincent Yuen Ruiz : Trio...
    body: 1975 chars
  [88/100] NEOBORIS : Hélas...
    body: 2890 chars
  [89/100] Sick Gazelle : Veld...
    body: 940 chars
  [90/100] Regis : Power Is Neutral (Mark Broom Edits)...
    body: 630 chars
  [91/100] Various Artists : Virtual Dreams: Ambient Explorations In ...
    body: 864 chars
  [92/100] Various Artists : life is beautiful records: veneration fo...
    body: 4998 chars
  [93/100] Ferries : Eye Wander...
    body: 1267 chars
  [94/100] Inox Traxx : Love Letter...
    body: 492 chars
  [95/100] I. JORDAN : Soft Serve Summer...
    body: 637 chars
  [96/100] ManonMars : Entertainment System...
    body: 4013 chars
  [97/100] EZEKIEL HONIG : Surfaces Of A Broken Marching Band (2026...
    body: 1481 chars
  [98/100] Sutcliffe Jugend : Offal...
    body: 1034 chars
  [99/100] Sutcliffe Jugend : Pigdaddy...
    body: 767 chars
  [100/100] Sutcliffe Jugend : With Extreme Prejudice...
    body: 860 chars

Total: 100 items
Closed tab 447d91eb-79d9-43be-83db-143e7056228a
