Boomkat scraper — Today: 2026-08-05, Cutoff: 2026-08-04, Pages: 2, Limit: 100
Creating tab and navigating to New Releases...
Waiting 15s for CF challenge to clear...
CF check: Boomkat|50

=== Page 1 ===
Found 50 products on page 1

=== Page 2 ===
Found 49 products on page 2

Total unique products: 99
  OK — Simo Cell & Abdullah Miniawy : Dying Is The Internet (2026-08-05)
  OK — Vox Populi! : In Dub (2026-08-05)
  OK — Soul Jazz Records Presents : Rumble In The Jungle (20th Anniversary Edition) (2026-08-05)
  OK — Nala Sinephro : Endlessness (2026-08-05)
  OK — FM3 : Buddha Machine #1 2023 Reissue (2026-08-05)
  OK — This heat : THIS HEAT (2026-08-05)
  OK — Smerz : Big City Life (2026-08-05)
  OK — Keith Hudson : Playing It Cool & Playing It Right (2026-08-05)
  OK — BERNARD PARMEGIANI : L'Œuvre Musicale (12 CD Box Set) (2026-08-05)
  OK — Theo Parrish : First Floor Pt. 2 (2026-08-05)
  OK — Theo Parrish : First Floor Pt. 1 (2026-08-05)
  OK — THE NECKS : Travel (2026-08-05)
  OK — RAFAEL TORAL : Spectral Evolution (2026-08-05)
  OK — Sunn O))) : sunn O))) (2026-08-05)
  OK — Rhythm & Sound : See Mi Yah (2026-08-05)
  OK — Kelan Phil Cohran & Legacy : African Skies (2026-08-05)
  OK — Tara Clerkin Trio : Somewhere Good (2026-08-05)
  OK — Dean Blunt : Black Metal 2 (2026-08-05)
  OK — TERRE THAEMLITZ : Tranquilizer (30th Anniversary Restored & Expanded Edition 1994-2024) (2026-08-05)
  OK — Actress : Statik (2026-08-05)
  OK — TERRE THAEMLITZ : Snowflakes & Dog Whistles: Best Electroacoustic Ambient & Sexpanic, 1995-2017 (2026-08-05)
  OK — DJ SPRINKLES : Queerifications & Ruins: Collected Remixes By Dj Sprinkles (Expanded Edition) (2026-08-05)
  OK — THE DURUTTI COLUMN : The Return of The Durutti Column (45th Anniversary Edition) (2026-08-05)
  OK — Lolina : gg (2026-08-05)
  OK — Suiho Tosha / Norio Maeda : Fantastic Sounds In Shino Flute - Yugen No Sekai (2026-08-05)
  OK — Wally Badarou : Echoes (2026-08-05)
  OK — Sofie Birch : Bivabippabualukka (2026-08-05)
  OK — Al Wootton & Irene Bianco : Rope (2026-08-05)
  OK — LOREN CONNORS & DAVID GRUBBS : Somewhere in the Wind (2026-08-05)
  OK — Eliane Radigue : Oeuvres Électroniques (Electronic Works) (2026-08-05)
  OK — Flora Yin Wong : Flora Yin-Wong [50] (2026-08-05)
  OK — Ø (MIKA VAINIO) : Sysivalo (2026-08-05)
  OK — THE NECKS : Vertigo (2026-08-05)
  OK — Dean Blunt : BLACK METAL (2026-08-05)
  OK — THE NECKS : Bleed (2026-08-05)
  OK — Pharoah Sanders & Bill Laswell : With a Heartbeat (2026-08-05)
  OK — Deepchord : Functional Designs (2026-08-05)
  OK — Kali Malone : The Sacrificial Code (2026-08-05)
  OK — Carrier : Rhythm Immortal (2026-08-05)
  OK — Tokiyo Ooto & Orhythmo : Play Nursery Rhymes and Children's Songs (2026-08-05)
  OK — Niagara : De Motu (2026-08-05)
  OK — panasonic : Muuntaja / Murtaja (2026-08-05)
  OK — Wiregrass Sacred Harp Singers : Songs From The B. F. White Sacred Harp (2026-08-05)
  OK — Anvar Kalandarov : Central Asian Synthesizers (2026-08-05)
  OK — Bear Bones, Lay Low x Laslo Umbreit : Tales from the Source (2026-08-05)
  OK — Slim Levy : Snippet Sounds (2026-08-05)
  OK — Aphex Twin : Selected Ambient Works 85-92 (2026-08-05)
  OK — Asher White : Stage Diva (2026-08-05)
  OK — Sarah Davachi : Canto Solo (2026-08-05)
  OK — Gnod : The Witness (2026-08-05)
  OK — Jacques Greene : Presence (2026-08-05)
  OK — M. Woodroe : Carte Blanche (2026-08-05)
  OK — Red Rooster : Like A Baby Pt. 1 b/w Like A Baby Pt.2 (2026-08-05)
  OK — Alexis Taylor and Mike Simonetti : I See A Darkness / Perfect Kiss (2026-08-05)
  OK — Aril Laury : Moody b/w Bursting Of Capella (2026-08-05)
  OK — Girl Ultra, Buscabulla and Chromeo : Mentirasmentiras (2026-08-05)
  OK — Lancer : 2late (2026-08-05)
  OK — GAS : GAS (2026-08-05)
  OK — Mark Fell, Pat Thomas : Reality Is Not A Theory (2026-08-05)
  OK — Various Artists : life is beautiful records: veneration for the sacred action (2026-08-05)
  OK — Monolake : Interstate (2026-08-05)
  OK — Various Artists : Kwalk (2026 Edition) (2026-08-05)
  OK — Monolake : Hongkong (2026-08-05)
  OK — KOEN HOLTKAMP : Slow Fox Run (2026-08-05)
  OK — Luca Durán & Rosa Pistola : Kumbia (2026-08-05)
  OK — Told Slant : Draw Blood (2026-08-05)
  OK — Antioch Arrow : Picnic Pants (Live at Che Cafe) (2026-08-05)
  OK — Isik Kural : Winter Sun (2026-08-05)
  OK — A CERTAIN RATIO : Tumba Rumba (EM) (2026-08-05)
  OK — Bonnie "Prince" Billy : London May (Live in the City of Ghosts) (2026-08-05)
  OK — HUG : Catatumbo (2026-08-05)
  OK — The Three Lapels : Love Is A Wonderful Thing b/w Mitt's Place (2026-08-05)
  OK — Bonnie "Prince" Billy : London May (Live in the City of Ghosts) (2026-08-05)
  OK — Galantis : Can’t Take My Eyes Off You (2026-08-05)
  OK — Geinoh Yamashirogumi : Ecophony Rinne (2026-08-05)
  OK — Skyjack : Let The Sky Open Under Your Feet (2026-08-05)
  OK — JAKOB ULLMANN : Fremde Zeit - Addendum (2026-08-05)
  OK — LUC FERRARI : L'Œuvre Électronique (2026-08-05)
  OK — Isaiah Collier : JOY (2026-08-05)
  OK — LA MARR (Ron Trent) : Mood Programs - Extended Play (2026-08-05)
  OK — OREN AMBARCHI : Hubris (10th Anniversary Remaster) (2026-08-05)
  OK — GAS : November 89 (2026-08-05)
  OK — Eden Aurelius : Entre Nous (2026-08-05)
  OK — Tirez Tirez : Story Of The Year (2026-08-05)
  OK — felicita : hej! (2026-08-05)
  OK — Arca : XXXXX (2026-08-05)
  OK — François Bayle : 50 Ans D'Acousmatique (15 CD Box Set) (2026-08-05)
  OK — Gus Till : Rainsong (2026-08-05)
  OK — Kamma & Masalo : Can't Fake The Feeling (2026-08-05)
  OK — Aisha Vaughan : The Water (Sasha Remix) (2026-08-05)
  OK — Joyce Faison : Love Fire (2026-08-05)
  OK — James Ellis Ford : The Ever After (2026-08-05)
  OK — The Desert Jet Set : People I Should Never Have Met (2026-08-05)
  OK — Gavelman : Orb Age (2026-08-05)
  OK — Bonobo and Joy Crookes : Always on Your Side (2026-08-05)
  OK — Various Artists : NY's Famous Pizza Disco (2026-08-05)
  OK — Wendy Eisenberg : Wendy Eisenberg (2026-08-05)
  OK — Rosso Polare : Cacciamali (2026-08-05)
  OK — Charanjit Singh : Synthesizing: Ten Ragas To A Disco Beat (2026-08-05)

=== Visiting 99 product pages for full body ===
  [1/99] Simo Cell & Abdullah Miniawy : Dying Is The Internet...
    body: 2622 chars
  [2/99] Vox Populi! : In Dub...
    body: 1267 chars
  [3/99] Soul Jazz Records Presents : Rumble In The Jungle (20th Anniversary E...
    body: 1490 chars
  [4/99] Nala Sinephro : Endlessness...
    body: 4998 chars
  [5/99] FM3 : Buddha Machine #1 2023 Reissue...
    body: 4542 chars
  [6/99] This heat : THIS HEAT...
    body: 2337 chars
  [7/99] Smerz : Big City Life...
    body: 3809 chars
  [8/99] Keith Hudson : Playing It Cool & Playing It Right...
    body: 2142 chars
  [9/99] BERNARD PARMEGIANI : L'Œuvre Musicale (12 CD Box Set)...
    body: 1644 chars
  [10/99] Theo Parrish : First Floor Pt. 2...
    body: 1535 chars
  [11/99] Theo Parrish : First Floor Pt. 1...
    body: 1535 chars
  [12/99] THE NECKS : Travel...
    body: 1784 chars
  [13/99] RAFAEL TORAL : Spectral Evolution...
    body: 4639 chars
  [14/99] Sunn O))) : sunn O)))...
    body: 2279 chars
  [15/99] Rhythm & Sound : See Mi Yah...
    body: 2128 chars
  [16/99] Kelan Phil Cohran & Legacy : African Skies...
    body: 2744 chars
  [17/99] Tara Clerkin Trio : Somewhere Good...
    body: 2908 chars
  [18/99] Dean Blunt : Black Metal 2...
    body: 1567 chars
  [19/99] TERRE THAEMLITZ : Tranquilizer (30th Anniversary Restored ...
    body: 3533 chars
  [20/99] Actress : Statik...
    body: 3828 chars
  [21/99] TERRE THAEMLITZ : Snowflakes & Dog Whistles: Best Electroa...
    body: 5216 chars
  [22/99] DJ SPRINKLES : Queerifications & Ruins: Collected Remix...
    body: 1981 chars
  [23/99] THE DURUTTI COLUMN : The Return of The Durutti Column (45th A...
    body: 5149 chars
  [24/99] Lolina : gg...
    body: 1070 chars
  [25/99] Suiho Tosha / Norio Maeda : Fantastic Sounds In Shino Flute - Yugen ...
    body: 888 chars
  [26/99] Wally Badarou : Echoes...
    body: 1441 chars
  [27/99] Sofie Birch : Bivabippabualukka...
    body: 1977 chars
  [28/99] Al Wootton & Irene Bianco : Rope...
    body: 2345 chars
  [29/99] LOREN CONNORS & DAVID GRUBBS : Somewhere in the Wind...
    body: 1854 chars
  [30/99] Eliane Radigue : Oeuvres Électroniques (Electronic Works)...
    body: 2762 chars
  [31/99] Flora Yin Wong : Flora Yin-Wong [50]...
    body: 1080 chars
  [32/99] Ø (MIKA VAINIO) : Sysivalo...
    body: 4997 chars
  [33/99] THE NECKS : Vertigo...
    body: 1558 chars
  [34/99] Dean Blunt : BLACK METAL...
    body: 1832 chars
  [35/99] THE NECKS : Bleed...
    body: 2213 chars
  [36/99] Pharoah Sanders & Bill Laswell : With a Heartbeat...
    body: 1843 chars
  [37/99] Deepchord : Functional Designs...
    body: 886 chars
  [38/99] Kali Malone : The Sacrificial Code...
    body: 1874 chars
  [39/99] Carrier : Rhythm Immortal...
    body: 2486 chars
  [40/99] Tokiyo Ooto & Orhythmo : Play Nursery Rhymes and Children's Songs...
    body: 1381 chars
  [41/99] Niagara : De Motu...
    body: 1445 chars
  [42/99] panasonic : Muuntaja / Murtaja...
    body: 1126 chars
  [43/99] Wiregrass Sacred Harp Singers : Songs From The B. F. White Sacred Harp...
    body: 1397 chars
  [44/99] Anvar Kalandarov : Central Asian Synthesizers...
    body: 1428 chars
  [45/99] Bear Bones, Lay Low x Laslo Umbreit : Tales from the Source...
    body: 1564 chars
  [46/99] Slim Levy : Snippet Sounds...
    body: 1235 chars
  [47/99] Aphex Twin : Selected Ambient Works 85-92...
    body: 286 chars
  [48/99] Asher White : Stage Diva...
    body: 616 chars
  [49/99] Sarah Davachi : Canto Solo...
    body: 616 chars
  [50/99] Gnod : The Witness...
    body: 786 chars
  [51/99] Jacques Greene : Presence...
    body: 977 chars
  [52/99] M. Woodroe : Carte Blanche...
    body: 622 chars
  [53/99] Red Rooster : Like A Baby Pt. 1 b/w Like A Baby Pt.2...
    body: 827 chars
  [54/99] Alexis Taylor and Mike Simonetti : I See A Darkness / Perfect Kiss...
    body: 1209 chars
  [55/99] Aril Laury : Moody b/w Bursting Of Capella...
    body: 393 chars
  [56/99] Girl Ultra, Buscabulla and Chromeo : Mentirasmentiras...
    body: 962 chars
  [57/99] Lancer : 2late...
    body: 611 chars
  [58/99] GAS : GAS...
    body: 3945 chars
  [59/99] Mark Fell, Pat Thomas : Reality Is Not A Theory...
    body: 2717 chars
  [60/99] Various Artists : life is beautiful records: veneration fo...
    body: 3360 chars
  [61/99] Monolake : Interstate...
    body: 1875 chars
  [62/99] Various Artists : Kwalk (2026 Edition)...
    body: 1358 chars
  [63/99] Monolake : Hongkong...
    body: 3135 chars
  [64/99] KOEN HOLTKAMP : Slow Fox Run...
    body: 620 chars
  [65/99] Luca Durán & Rosa Pistola : Kumbia...
    body: 608 chars
  [66/99] Told Slant : Draw Blood...
    body: 786 chars
  [67/99] Antioch Arrow : Picnic Pants (Live at Che Cafe)...
    body: 860 chars
  [68/99] Isik Kural : Winter Sun...
    body: 616 chars
  [69/99] A CERTAIN RATIO : Tumba Rumba (EM)...
    body: 998 chars
  [70/99] Bonnie "Prince" Billy : London May (Live in the City of Ghosts)...
    body: 674 chars
  [71/99] HUG : Catatumbo...
    body: 614 chars
  [72/99] The Three Lapels : Love Is A Wonderful Thing b/w Mitt's Pla...
    body: 836 chars
  [73/99] Bonnie "Prince" Billy : London May (Live in the City of Ghosts)...
    body: 674 chars
  [74/99] Galantis : Can’t Take My Eyes Off You...
    body: 991 chars
  [75/99] Geinoh Yamashirogumi : Ecophony Rinne...
    body: 5956 chars
  [76/99] Skyjack : Let The Sky Open Under Your Feet...
    body: 2779 chars
  [77/99] JAKOB ULLMANN : Fremde Zeit - Addendum...
    body: 1859 chars
  [78/99] LUC FERRARI : L'Œuvre Électronique...
    body: 2841 chars
  [79/99] Isaiah Collier : JOY...
    body: 914 chars
  [80/99] LA MARR (Ron Trent) : Mood Programs - Extended Play...
    body: 1335 chars
  [81/99] OREN AMBARCHI : Hubris (10th Anniversary Remaster)...
    body: 1771 chars
  [82/99] GAS : November 89...
    body: 1896 chars
  [83/99] Eden Aurelius : Entre Nous...
    body: 3917 chars
  [84/99] Tirez Tirez : Story Of The Year...
    body: 1972 chars
  [85/99] felicita : hej!...
    body: 1722 chars
  [86/99] Arca : XXXXX...
    body: 2651 chars
  [87/99] François Bayle : 50 Ans D'Acousmatique (15 CD Box Set)...
    body: 2437 chars
  [88/99] Gus Till : Rainsong...
    body: 1614 chars
  [89/99] Kamma & Masalo : Can't Fake The Feeling...
    body: 495 chars
  [90/99] Aisha Vaughan : The Water (Sasha Remix)...
    body: 642 chars
  [91/99] Joyce Faison : Love Fire...
    body: 1868 chars
  [92/99] James Ellis Ford : The Ever After...
    body: 624 chars
  [93/99] The Desert Jet Set : People I Should Never Have Met...
    body: 656 chars
  [94/99] Gavelman : Orb Age...
    body: 3754 chars
  [95/99] Bonobo and Joy Crookes : Always on Your Side...
    body: 1149 chars
  [96/99] Various Artists : NY's Famous Pizza Disco...
    body: 1901 chars
  [97/99] Wendy Eisenberg : Wendy Eisenberg...
    body: 2142 chars
  [98/99] Rosso Polare : Cacciamali...
    body: 2463 chars
  [99/99] Charanjit Singh : Synthesizing: Ten Ragas To A Disco Beat...
    body: 1437 chars

Total: 99 items
Closed tab a33e748d-f23e-471e-9f06-eb1018d63d35
