Boomkat scraper — Today: 2026-07-08, Cutoff: 2026-07-07, Pages: 2, Limit: 100
Creating tab and navigating to New Releases...

=== Page 1 ===
Found 49 products on page 1

=== Page 2 ===
Found 49 products on page 2

Total unique products: 98
  OK — DX2OV : Tonegues (2026-07-08)
  OK — ManonMars : Entertainment System (2026-07-08)
  OK — Inweys : Inweys (2026-07-08)
  OK — Various Artists : Documents Of Different Reality (2026-07-08)
  OK — THE WIRE : Issue 510: August 2026 (2026-07-08)
  OK — DJ Plead & rRoxymore : Read Round City EP (2026-07-08)
  OK — Tom Boogizm : All Night Long Vol 4 (2026-07-08)
  OK — Elori Saxl & Henry Solomon : Seeing Is Forgetting (2026-07-08)
  OK — Sunn O))) : sunn O))) (2026-07-08)
  OK — JOACHIM NORDWALL : Fight Fire With Fire (2026-07-08)
  OK — MNEMONIC DEVICES : Workshop 34 (2026-07-08)
  OK — THE DURUTTI COLUMN : A Paean to Wilson (2026-07-08)
  OK — Dean Blunt : Black Metal 2 (2026-07-08)
  OK — Memotone : Warm Shadows (2026-07-08)
  OK — Felicia Atkinson : Sans Visage (2026-07-08)
  OK — J.WLSN & Liam Keenan : Country/The Country (2026-07-08)
  OK — Pavel Milyakov / Yana Pavlova : Thrill (2026-07-08)
  OK — Seekersinternational & wzrdryAV : Orbit Flares (2026-07-08)
  OK — Aubrey Hoermann : The Dance Flo-Funk EP (2026-07-08)
  OK — Push For Night : That Porous Line (2026-07-08)
  OK — Lauren Martin : Aftershock: The Seismic Impact of Dubstep (2026-07-08)
  OK — Function : Existenz (2026-07-08)
  OK — Natalia Beylis & Eimear Reidy : She Came Through the Window to Stand by the Door (2026-07-08)
  OK — Batu & Donato Dozzy : Exhale (2026-07-08)
  OK — Shakali : Toinen Luonto (2026-07-08)
  OK — Asher White : The eagle is no omen (2026-07-08)
  OK — Funkadelic : Can You Get To That (2026 Remastered) (2026-07-08)
  OK — Wille : Planetary Vision (2026-07-08)
  OK — Tomé Silva : Na Sobreda (2026-07-08)
  OK — The Sick Man Of Europe : Negative Stimuli (2026-07-08)
  OK — Sarah Davachi : Interlude V: Harmonic, for Woodwinds (2026-07-08)
  OK — Jacques Greene & DJ BORING : Closer (ft DJ BORING) (2026-07-08)
  OK — Lemna + HIIIT : Waltz of the Fossils (2026-07-08)
  OK — Lean Low : Faizoon (2026-07-08)
  OK — A CERTAIN RATIO : Knife Slits Water EM 12" (2026-07-08)
  OK — Oneness : Thank You b/w The Boss (2026-07-08)
  OK — DENIRO : 4 Cities EP (2026-07-08)
  OK — Kaap : Reconsider (2026-07-08)
  OK — Phil Geraldi : Rural Deceased Undiscovered (2026-07-08)
  OK — Alex Zhang Hungtai : Orion/Mother (2026-07-08)
  OK — Rudi J : I Guess I'm Not In Tune After All (2026-07-08)
  OK — Cindy : I'm Cindy (2026-07-08)
  OK — Emahoy Tsege Mariam Gebru : Souvenirs (2026-07-08)
  OK — ¿DONDEDOS : Drifting Nowhere (2026-07-08)
  OK — Jeff Bruner : Four Corners (2026-07-08)
  OK — Akusmi : Terra Incognita (2026-07-08)
  OK — Adrian Rew : Slot Machine Music, Vol. 1 & 2: Field Recordings from Middle American Casinos (2026-07-08)
  OK — Sam Binga & Addison Groove : BAGS INC. (2026-07-08)
  OK — Emer feat. Ugnė Uma : You And Me (2026-07-08)
  OK — Function : Aeternum (Existenz) (2026-07-07)
  OK — Edgar : Pavor (2026-07-07)
  OK — ALVA NOTO : Xerrox Vol.1-5 (reMASTERs) (2026-07-07)
  OK — Silas : Dimensions (2026-07-07)
  OK — Jürg Frey : Clarinet Quintet (2026-07-07)
  OK — Anton Pearson : Driving Through Belgium (2026-07-07)
  OK — Prison : Sunset Park (single edit) (2026-07-07)
  OK — Nation of Language : The Conversation (2026-07-07)
  OK — Blossom Hill, OLAN : Spirit Animal (2026-07-07)
  OK — BJF : Visions (2026-07-07)
  OK — Grey Streak : Faith in One City 2008 (2026-07-07)
  OK — Kelela & PinkPantheress : the bridge (2026-07-07)
  OK — Capitol K, CHILD : Ħabbata (2026-07-07)
  OK — Peter Matson & Pahua : Melancolía (JKriv Remix) (2026-07-07)
  OK — Ibibio Sound Machine feat. Dele Sosimi : Give Me Peace (2026-07-07)
  OK — Told Slant : Manhattan (2026-07-07)
  OK — Le Melange' Inc. & China : Tortured Journey (2026-07-07)
  OK — Bonobo and Arooj Aftab : Fire on the Water / Drift (2026-07-07)
  OK — Aldous Harding : Revival (2026-07-07)
  OK — EKIN : FOURTEEN 03 (2026-07-07)
  OK — inrain : Rise (2026-07-07)
  OK — Brokenchord : Lima Echo Crack! (2026-07-07)
  OK — heimelektronik & MAS 2008 : Electronic Corporation 1998-2006 (2026-07-07)
  OK — M. Geddes Gengras : Guest List (2026-07-07)
  OK — In Transit : In Transit (2026-07-07)
  OK — Lekan Animashaun : Low Profile (2026-07-07)
  OK — Quiet Husband : The Architecture of Perception (2026-07-07)
  OK — T++ : Wireless (2026-07-07)
  OK — OM : Conference of the Birds (2026-07-07)
  OK — Mário Rui Silva : Stories from Another Time 1982-1988 (Half-Speed Mastered Edition) (2026-07-07)
  OK — Sergeant : Symbols (2026-07-07)
  OK — Mark Broom : Knight (2026-07-07)
  OK — James Ellis Ford : Overtones (2026-07-07)
  OK — CARMEN VILLAIN : Entre Nosotros (2026-07-07)
  OK — Antioch Arrow : The Suspicious Uzi (Unreleased Recording) (2026-07-07)
  OK — Will Charette : East Of Olema (2026-07-07)
  OK — VELOCETTE : Bitterscene (2026-07-07)
  OK — Kevin Richard Martin : Sub Zero - Refractions (The Bug / Ghost Dubs Remixes) (2026-07-07)
  OK — Ana Roxanne : Poem 1 (2026-07-07)
  OK — Boards of Canada : Inferno (2026-07-07)
  OK — Nurse With Wound : 1984 : A Happening (2026-07-07)
  OK — J Bailey : Beton Brute OST (2026-07-07)
  OK — Mark Ernestus’ Ndagga Rhythm Force : Khadim (2026-07-07)
  OK — Beatrice M. : Sinking Part 1 (2026-07-07)
  OK — Rezzett : Boshly (2026-07-07)
  OK — Réka Csiszér & Radwan Ghazi Moumneh : Music Inspired by Philippe Garrel’s Le Révélateur (2026-07-07)
  OK — Basic Rhythm : 8 Bar Techno (2026-07-07)
  OK — Topdown Dialectic : False LP A (2026-07-07)
  OK — Spinbeat : Play (2026-07-07)

=== Visiting 98 product pages for full body ===
  [1/98] DX2OV : Tonegues...
    body: 1845 chars
  [2/98] ManonMars : Entertainment System...
    body: 2685 chars
  [3/98] Inweys : Inweys...
    body: 1968 chars
  [4/98] Various Artists : Documents Of Different Reality...
    body: 2383 chars
  [5/98] THE WIRE : Issue 510: August 2026...
    body: 4781 chars
  [6/98] DJ Plead & rRoxymore : Read Round City EP...
    body: 1564 chars
  [7/98] Tom Boogizm : All Night Long Vol 4...
    body: 963 chars
  [8/98] Elori Saxl & Henry Solomon : Seeing Is Forgetting...
    body: 1625 chars
  [9/98] Sunn O))) : sunn O)))...
    body: 2279 chars
  [10/98] JOACHIM NORDWALL : Fight Fire With Fire...
    body: 1476 chars
  [11/98] MNEMONIC DEVICES : Workshop 34...
    body: 1691 chars
  [12/98] THE DURUTTI COLUMN : A Paean to Wilson...
    body: 1579 chars
  [13/98] Dean Blunt : Black Metal 2...
    body: 1567 chars
  [14/98] Memotone : Warm Shadows...
    body: 2066 chars
  [15/98] Felicia Atkinson : Sans Visage...
    body: 2065 chars
  [16/98] J.WLSN & Liam Keenan : Country/The Country...
    body: 1075 chars
  [17/98] Pavel Milyakov / Yana Pavlova : Thrill...
    body: 2207 chars
  [18/98] Seekersinternational & wzrdryAV : Orbit Flares...
    body: 1526 chars
  [19/98] Aubrey Hoermann : The Dance Flo-Funk EP...
    body: 703 chars
  [20/98] Push For Night : That Porous Line...
    body: 2946 chars
  [21/98] Lauren Martin : Aftershock: The Seismic Impact of Dubste...
    body: 2388 chars
  [22/98] Function : Existenz...
    body: 1600 chars
  [23/98] Natalia Beylis & Eimear Reidy : She Came Through the Window to Stand by ...
    body: 1828 chars
  [24/98] Batu & Donato Dozzy : Exhale...
    body: 2124 chars
  [25/98] Shakali : Toinen Luonto...
    body: 1247 chars
  [26/98] Asher White : The eagle is no omen...
    body: 661 chars
  [27/98] Funkadelic : Can You Get To That (2026 Remastered)...
    body: 695 chars
  [28/98] Wille : Planetary Vision...
    body: 870 chars
  [29/98] Tomé Silva : Na Sobreda...
    body: 2808 chars
  [30/98] The Sick Man Of Europe : Negative Stimuli...
    body: 653 chars
  [31/98] Sarah Davachi : Interlude V: Harmonic, for Woodwinds...
    body: 693 chars
  [32/98] Jacques Greene & DJ BORING : Closer (ft DJ BORING)...
    body: 561 chars
  [33/98] Lemna + HIIIT : Waltz of the Fossils...
    body: 661 chars
  [34/98] Lean Low : Faizoon...
    body: 635 chars
  [35/98] A CERTAIN RATIO : Knife Slits Water EM 12"...
    body: 879 chars
  [36/98] Oneness : Thank You b/w The Boss...
    body: 846 chars
  [37/98] DENIRO : 4 Cities EP...
    body: 1221 chars
  [38/98] Kaap : Reconsider...
    body: 870 chars
  [39/98] Phil Geraldi : Rural Deceased Undiscovered...
    body: 2699 chars
  [40/98] Alex Zhang Hungtai : Orion/Mother...
    body: 2097 chars
  [41/98] Rudi J : I Guess I'm Not In Tune After All...
    body: 3227 chars
  [42/98] Cindy : I'm Cindy...
    body: 1391 chars
  [43/98] Emahoy Tsege Mariam Gebru : Souvenirs...
    body: 2812 chars
  [44/98] ¿DONDEDOS : Drifting Nowhere...
    body: 1547 chars
  [45/98] Jeff Bruner : Four Corners...
    body: 2951 chars
  [46/98] Akusmi : Terra Incognita...
    body: 1392 chars
  [47/98] Adrian Rew : Slot Machine Music, Vol. 1 & 2: Field Re...
    body: 3707 chars
  [48/98] Sam Binga & Addison Groove : BAGS INC....
    body: 1068 chars
  [49/98] Emer feat. Ugnė Uma : You And Me...
    body: 1392 chars
  [50/98] Function : Aeternum (Existenz)...
    body: 1296 chars
  [51/98] Edgar : Pavor...
    body: 1569 chars
  [52/98] ALVA NOTO : Xerrox Vol.1-5 (reMASTERs)...
    body: 1712 chars
  [53/98] Silas : Dimensions...
    body: 612 chars
  [54/98] Jürg Frey : Clarinet Quintet...
    body: 697 chars
  [55/98] Anton Pearson : Driving Through Belgium...
    body: 2175 chars
  [56/98] Prison : Sunset Park (single edit)...
    body: 886 chars
  [57/98] Nation of Language : The Conversation...
    body: 653 chars
  [58/98] Blossom Hill, OLAN : Spirit Animal...
    body: 647 chars
  [59/98] BJF : Visions...
    body: 1213 chars
  [60/98] Grey Streak : Faith in One City 2008...
    body: 2947 chars
  [61/98] Kelela & PinkPantheress : the bridge...
    body: 1418 chars
  [62/98] Capitol K, CHILD : Ħabbata...
    body: 635 chars
  [63/98] Peter Matson & Pahua : Melancolía (JKriv Remix)...
    body: 1080 chars
  [64/98] Ibibio Sound Machine feat. Dele Sosimi : Give Me Peace...
    body: 1050 chars
  [65/98] Told Slant : Manhattan...
    body: 639 chars
  [66/98] Le Melange' Inc. & China : Tortured Journey...
    body: 1685 chars
  [67/98] Bonobo and Arooj Aftab : Fire on the Water / Drift...
    body: 1050 chars
  [68/98] Aldous Harding : Revival...
    body: 635 chars
  [69/98] EKIN : FOURTEEN 03...
    body: 1239 chars
  [70/98] inrain : Rise...
    body: 1696 chars
  [71/98] Brokenchord : Lima Echo Crack!...
    body: 539 chars
  [72/98] heimelektronik & MAS 2008 : Electronic Corporation 1998-2006...
    body: 2096 chars
  [73/98] M. Geddes Gengras : Guest List...
    body: 2511 chars
  [74/98] In Transit : In Transit...
    body: 1643 chars
  [75/98] Lekan Animashaun : Low Profile...
    body: 2121 chars
  [76/98] Quiet Husband : The Architecture of Perception...
    body: 1865 chars
  [77/98] T++ : Wireless...
    body: 2131 chars
  [78/98] OM : Conference of the Birds...
    body: 1387 chars
  [79/98] Mário Rui Silva : Stories from Another Time 1982-1988 (Hal...
    body: 1596 chars
  [80/98] Sergeant : Symbols...
    body: 1235 chars
  [81/98] Mark Broom : Knight...
    body: 1062 chars
  [82/98] James Ellis Ford : Overtones...
    body: 639 chars
  [83/98] CARMEN VILLAIN : Entre Nosotros...
    body: 649 chars
  [84/98] Antioch Arrow : The Suspicious Uzi (Unreleased Recording...
    body: 703 chars
  [85/98] Will Charette : East Of Olema...
    body: 2429 chars
  [86/98] VELOCETTE : Bitterscene...
    body: 1037 chars
  [87/98] Kevin Richard Martin : Sub Zero - Refractions (The Bug / Ghost ...
    body: 1340 chars
  [88/98] Ana Roxanne : Poem 1...
    body: 4973 chars
  [89/98] Boards of Canada : Inferno...
    body: 3259 chars
  [90/98] Nurse With Wound : 1984 : A Happening...
    body: 1078 chars
  [91/98] J Bailey : Beton Brute OST...
    body: 771 chars
  [92/98] Mark Ernestus’ Ndagga Rhythm Force : Khadim...
    body: 3175 chars
  [93/98] Beatrice M. : Sinking Part 1...
    body: 1220 chars
  [94/98] Rezzett : Boshly...
    body: 539 chars
  [95/98] Réka Csiszér & Radwan Ghazi Moumneh : Music Inspired by Philippe Garrel’s Le R...
    body: 2749 chars
  [96/98] Basic Rhythm : 8 Bar Techno...
    body: 1370 chars
  [97/98] Topdown Dialectic : False LP A...
    body: 2688 chars
  [98/98] Spinbeat : Play...
    body: 1767 chars

Total: 98 items
Closed tab 49003922-cb00-4ba0-bf59-8d4663b2c16c
