Boomkat scraper — Today: 2026-08-06, Cutoff: 2026-08-05, Pages: 2, Limit: 100
Creating tab and navigating to New Releases...
Waiting 15s for CF challenge to clear...
CF check: Boomkat|50

=== Page 1 ===
Found 50 products on page 1

=== Page 2 ===
Found 50 products on page 2

Total unique products: 100
  OK — Father Dionysios Tabakis : Paradise Metal (2026-08-06)
  OK — Various Artists : Emile Omar Présente Déclic, Kaz A Zouk : Zouk - Créole Rap & Ragga - Kompa - Gwo Ka Modern (1987 - 1998) (2026-08-06)
  OK — Vox Populi! : In Dub (2026-08-06)
  OK — This heat : THIS HEAT (2026-08-06)
  OK — Various Artists : Fully Nowhere: A World Resources Archive (2026-08-06)
  OK — Roy Montgomery & Martha Skye Murphy : Nebular (2026-08-06)
  OK — LUC FERRARI : L'Œuvre Électronique (2026-08-06)
  OK — Sissi Rada : Serious Songs (2026-08-06)
  OK — BERNARD PARMEGIANI : L'Œuvre Musicale (12 CD Box Set) (2026-08-06)
  OK — THE NECKS : Travel (2026-08-06)
  OK — RAFAEL TORAL : Spectral Evolution (2026-08-06)
  OK — Mark Fell, Pat Thomas : Reality Is Not A Theory (2026-08-06)
  OK — Various Artists : life is beautiful records: veneration for the sacred action (2026-08-06)
  OK — Various Artists : The Bristol & Bath Blitz Club Meets Art School Sound - 80's Explosion (2026-08-06)
  OK — LA MARR (Ron Trent) : Mood Programs - Extended Play (2026-08-06)
  OK — Nirosta Steel : MY SKYSCRAPER (2026-08-06)
  OK — Rhythm & Sound : See Mi Yah (2026-08-06)
  OK — Tara Clerkin Trio : Somewhere Good (2026-08-06)
  OK — Dean Blunt : Black Metal 2 (2026-08-06)
  OK — Actress : Statik (2026-08-06)
  OK — THE DURUTTI COLUMN : The Return of The Durutti Column (45th Anniversary Edition) (2026-08-06)
  OK — Lolina : gg (2026-08-06)
  OK — Sofie Birch : Bivabippabualukka (2026-08-06)
  OK — John Carpenter, Cody Carpenter, & Daniel Davies : Cathedral (2026-08-06)
  OK — Al Wootton & Irene Bianco : Rope (2026-08-06)
  OK — JOHARI SALLEH : JAZZ DARI ANGKASAPURI (2026-08-06)
  OK — LOREN CONNORS & DAVID GRUBBS : Somewhere in the Wind (2026-08-06)
  OK — Eliane Radigue : Oeuvres Électroniques (Electronic Works) (2026-08-06)
  OK — Flora Yin Wong : Flora Yin-Wong [50] (2026-08-06)
  OK — Ø (MIKA VAINIO) : Sysivalo (2026-08-06)
  OK — THE NECKS : Vertigo (2026-08-06)
  OK — THE NECKS : Bleed (2026-08-06)
  OK — Rudimentary Peni : The E.P's of R.P (2026-08-06)
  OK — François Bayle : 50 Ans D'Acousmatique (15 CD Box Set) (2026-08-06)
  OK — Overmono : Pure Devotion (2026-08-06)
  OK — Gus Till : Rainsong (2026-08-06)
  OK — Tokiyo Ooto & Orhythmo : Play Nursery Rhymes and Children's Songs (2026-08-06)
  OK — Wiregrass Sacred Harp Singers : Songs From The B. F. White Sacred Harp (2026-08-06)
  OK — Anvar Kalandarov : Central Asian Synthesizers (2026-08-06)
  OK — Kamma & Masalo : Can't Fake The Feeling (2026-08-06)
  OK — ALFONSO SOLIANO : TIGA TROMBONE (2026-08-06)
  OK — Slim Levy : Snippet Sounds (2026-08-06)
  OK — Aphex Twin : Selected Ambient Works 85-92 (2026-08-06)
  OK — Muwosi : Dream Center (2026-08-06)
  OK — The Pigeon : Inland Concrete (2026-08-06)
  OK — Rolf Saxer : L.P.D. EP (2026-08-06)
  OK — 1017, Erland Dahlen, Colin Stetson & Stian Westerhus : End this now (2026-08-06)
  OK — Eddy Dugosh & the Ah‐Ha Playboys : Bad Luck Come My Way b/w There Is No Need (2026-08-06)
  OK — Monty : Classic Yeh (2026-08-06)
  OK — M.I.A. : Paper Planes - Homeland Security Remixes (2026-08-06)
  OK — LA Priest : Rayon (2026-08-06)
  OK — Eera & Sacred holes : Crossed Up (Sacred holes Remix) (2026-08-06)
  OK — Robag Wruhme : Sabrah Desah (2026-08-06)
  OK — Rene & Rene : Loving You Could Hurt Me So b/w Crei (My Dream) (2026-08-06)
  OK — Eldritch Priest : nape...wrinkle...linger (2026-08-06)
  OK — Two Shell : Closer To The Sound (2026-08-06)
  OK — Button Masher featuring Sungazer : Tallinn Massage Chair (2026-08-06)
  OK — Simo Cell & Abdullah Miniawy : Dying Is The Internet (2026-08-06)
  OK — Soul Jazz Records Presents : Rumble In The Jungle (20th Anniversary Edition) (2026-08-06)
  OK — Nala Sinephro : Endlessness (2026-08-06)
  OK — FM3 : Buddha Machine #1 2023 Reissue (2026-08-06)
  OK — Smerz : Big City Life (2026-08-06)
  OK — Keith Hudson : Playing It Cool & Playing It Right (2026-08-06)
  OK — Theo Parrish : First Floor Pt. 2 (2026-08-06)
  OK — Theo Parrish : First Floor Pt. 1 (2026-08-06)
  OK — Sunn O))) : sunn O))) (2026-08-06)
  OK — Kelan Phil Cohran & Legacy : African Skies (2026-08-06)
  OK — TERRE THAEMLITZ : Tranquilizer (30th Anniversary Restored & Expanded Edition 1994-2024) (2026-08-06)
  OK — TERRE THAEMLITZ : Snowflakes & Dog Whistles: Best Electroacoustic Ambient & Sexpanic, 1995-2017 (2026-08-06)
  OK — DJ SPRINKLES : Queerifications & Ruins: Collected Remixes By Dj Sprinkles (Expanded Edition) (2026-08-06)
  OK — Suiho Tosha / Norio Maeda : Fantastic Sounds In Shino Flute - Yugen No Sekai (2026-08-06)
  OK — OREN AMBARCHI : Hubris (10th Anniversary Remaster) (2026-08-06)
  OK — Wally Badarou : Echoes (2026-08-06)
  OK — Monolake : Interstate (2026-08-06)
  OK — Dean Blunt : BLACK METAL (2026-08-06)
  OK — Time is Away : Ballads (2026-08-06)
  OK — Pharoah Sanders & Bill Laswell : With a Heartbeat (2026-08-06)
  OK — Deepchord : Functional Designs (2026-08-06)
  OK — Kali Malone : The Sacrificial Code (2026-08-06)
  OK — Carrier : Rhythm Immortal (2026-08-06)
  OK — Niagara : De Motu (2026-08-06)
  OK — Monolake : Hongkong (2026-08-06)
  OK — panasonic : Muuntaja / Murtaja (2026-08-06)
  OK — Bear Bones, Lay Low x Laslo Umbreit : Tales from the Source (2026-08-06)
  OK — Asher White : Stage Diva (2026-08-06)
  OK — Sarah Davachi : Canto Solo (2026-08-06)
  OK — Gnod : The Witness (2026-08-06)
  OK — Jacques Greene : Presence (2026-08-06)
  OK — M. Woodroe : Carte Blanche (2026-08-06)
  OK — Red Rooster : Like A Baby Pt. 1 b/w Like A Baby Pt.2 (2026-08-06)
  OK — Alexis Taylor and Mike Simonetti : I See A Darkness / Perfect Kiss (2026-08-06)
  OK — Aril Laury : Moody b/w Bursting Of Capella (2026-08-06)
  OK — Girl Ultra, Buscabulla and Chromeo : Mentirasmentiras (2026-08-06)
  OK — Lancer : 2late (2026-08-06)
  OK — GAS : GAS (2026-08-06)
  OK — Various Artists : Kwalk (2026 Edition) (2026-08-06)
  OK — KOEN HOLTKAMP : Slow Fox Run (2026-08-06)
  OK — Luca Durán & Rosa Pistola : Kumbia (2026-08-06)
  OK — Told Slant : Draw Blood (2026-08-06)
  OK — Antioch Arrow : Picnic Pants (Live at Che Cafe) (2026-08-06)

=== Visiting 100 product pages for full body ===
  [1/100] Father Dionysios Tabakis : Paradise Metal...
    body: 2840 chars
  [2/100] Various Artists : Emile Omar Présente Déclic, Kaz A Zouk :...
    body: 822 chars
  [3/100] Vox Populi! : In Dub...
    body: 1267 chars
  [4/100] This heat : THIS HEAT...
    body: 2337 chars
  [5/100] Various Artists : Fully Nowhere: A World Resources Archive...
    body: 2125 chars
  [6/100] Roy Montgomery & Martha Skye Murphy : Nebular...
    body: 2536 chars
  [7/100] LUC FERRARI : L'Œuvre Électronique...
    body: 2841 chars
  [8/100] Sissi Rada : Serious Songs...
    body: 3273 chars
  [9/100] BERNARD PARMEGIANI : L'Œuvre Musicale (12 CD Box Set)...
    body: 1644 chars
  [10/100] THE NECKS : Travel...
    body: 1784 chars
  [11/100] RAFAEL TORAL : Spectral Evolution...
    body: 4639 chars
  [12/100] Mark Fell, Pat Thomas : Reality Is Not A Theory...
    body: 2717 chars
  [13/100] Various Artists : life is beautiful records: veneration fo...
    body: 3360 chars
  [14/100] Various Artists : The Bristol & Bath Blitz Club Meets Art ...
    body: 1429 chars
  [15/100] LA MARR (Ron Trent) : Mood Programs - Extended Play...
    body: 1335 chars
  [16/100] Nirosta Steel : MY SKYSCRAPER...
    body: 3628 chars
  [17/100] Rhythm & Sound : See Mi Yah...
    body: 2128 chars
  [18/100] Tara Clerkin Trio : Somewhere Good...
    body: 2908 chars
  [19/100] Dean Blunt : Black Metal 2...
    body: 1567 chars
  [20/100] Actress : Statik...
    body: 3828 chars
  [21/100] THE DURUTTI COLUMN : The Return of The Durutti Column (45th A...
    body: 5149 chars
  [22/100] Lolina : gg...
    body: 1070 chars
  [23/100] Sofie Birch : Bivabippabualukka...
    body: 1977 chars
  [24/100] John Carpenter, Cody Carpenter, & Daniel Davies : Cathedral...
    body: 3456 chars
  [25/100] Al Wootton & Irene Bianco : Rope...
    body: 2345 chars
  [26/100] JOHARI SALLEH : JAZZ DARI ANGKASAPURI...
    body: 1562 chars
  [27/100] LOREN CONNORS & DAVID GRUBBS : Somewhere in the Wind...
    body: 1854 chars
  [28/100] Eliane Radigue : Oeuvres Électroniques (Electronic Works)...
    body: 2762 chars
  [29/100] Flora Yin Wong : Flora Yin-Wong [50]...
    body: 1080 chars
  [30/100] Ø (MIKA VAINIO) : Sysivalo...
    body: 2816 chars
  [31/100] THE NECKS : Vertigo...
    body: 1558 chars
  [32/100] THE NECKS : Bleed...
    body: 2213 chars
  [33/100] Rudimentary Peni : The E.P's of R.P...
    body: 783 chars
  [34/100] François Bayle : 50 Ans D'Acousmatique (15 CD Box Set)...
    body: 3889 chars
  [35/100] Overmono : Pure Devotion...
    body: 3235 chars
  [36/100] Gus Till : Rainsong...
    body: 1614 chars
  [37/100] Tokiyo Ooto & Orhythmo : Play Nursery Rhymes and Children's Songs...
    body: 1475 chars
  [38/100] Wiregrass Sacred Harp Singers : Songs From The B. F. White Sacred Harp...
    body: 2301 chars
  [39/100] Anvar Kalandarov : Central Asian Synthesizers...
    body: 1428 chars
  [40/100] Kamma & Masalo : Can't Fake The Feeling...
    body: 495 chars
  [41/100] ALFONSO SOLIANO : TIGA TROMBONE...
    body: 1537 chars
  [42/100] Slim Levy : Snippet Sounds...
    body: 1235 chars
  [43/100] Aphex Twin : Selected Ambient Works 85-92...
    body: 286 chars
  [44/100] Muwosi : Dream Center...
    body: 1871 chars
  [45/100] The Pigeon : Inland Concrete...
    body: 795 chars
  [46/100] Rolf Saxer : L.P.D. EP...
    body: 792 chars
  [47/100] 1017, Erland Dahlen, Colin Stetson & Stian Westerhus : End this now...
    body: 620 chars
  [48/100] Eddy Dugosh & the Ah‐Ha Playboys : Bad Luck Come My Way b/w There Is No Nee...
    body: 834 chars
  [49/100] Monty : Classic Yeh...
    body: 633 chars
  [50/100] M.I.A. : Paper Planes - Homeland Security Remixes...
    body: 1609 chars
  [51/100] LA Priest : Rayon...
    body: 606 chars
  [52/100] Eera & Sacred holes : Crossed Up (Sacred holes Remix)...
    body: 658 chars
  [53/100] Robag Wruhme : Sabrah Desah...
    body: 620 chars
  [54/100] Rene & Rene : Loving You Could Hurt Me So b/w Crei (My...
    body: 846 chars
  [55/100] Eldritch Priest : nape...wrinkle...linger...
    body: 642 chars
  [56/100] Two Shell : Closer To The Sound...
    body: 634 chars
  [57/100] Button Masher featuring Sungazer : Tallinn Massage Chair...
    body: 988 chars
  [58/100] Simo Cell & Abdullah Miniawy : Dying Is The Internet...
    body: 2622 chars
  [59/100] Soul Jazz Records Presents : Rumble In The Jungle (20th Anniversary E...
    body: 1490 chars
  [60/100] Nala Sinephro : Endlessness...
    body: 3959 chars
  [61/100] FM3 : Buddha Machine #1 2023 Reissue...
    body: 3927 chars
  [62/100] Smerz : Big City Life...
    body: 3809 chars
  [63/100] Keith Hudson : Playing It Cool & Playing It Right...
    body: 2142 chars
  [64/100] Theo Parrish : First Floor Pt. 2...
    body: 2989 chars
  [65/100] Theo Parrish : First Floor Pt. 1...
    body: 1535 chars
  [66/100] Sunn O))) : sunn O)))...
    body: 2279 chars
  [67/100] Kelan Phil Cohran & Legacy : African Skies...
    body: 2744 chars
  [68/100] TERRE THAEMLITZ : Tranquilizer (30th Anniversary Restored ...
    body: 4998 chars
  [69/100] TERRE THAEMLITZ : Snowflakes & Dog Whistles: Best Electroa...
    body: 5216 chars
  [70/100] DJ SPRINKLES : Queerifications & Ruins: Collected Remix...
    body: 1981 chars
  [71/100] Suiho Tosha / Norio Maeda : Fantastic Sounds In Shino Flute - Yugen ...
    body: 888 chars
  [72/100] OREN AMBARCHI : Hubris (10th Anniversary Remaster)...
    body: 1771 chars
  [73/100] Wally Badarou : Echoes...
    body: 1441 chars
  [74/100] Monolake : Interstate...
    body: 1875 chars
  [75/100] Dean Blunt : BLACK METAL...
    body: 1832 chars
  [76/100] Time is Away : Ballads...
    body: 1181 chars
  [77/100] Pharoah Sanders & Bill Laswell : With a Heartbeat...
    body: 1843 chars
  [78/100] Deepchord : Functional Designs...
    body: 886 chars
  [79/100] Kali Malone : The Sacrificial Code...
    body: 1874 chars
  [80/100] Carrier : Rhythm Immortal...
    body: 2486 chars
  [81/100] Niagara : De Motu...
    body: 1445 chars
  [82/100] Monolake : Hongkong...
    body: 1829 chars
  [83/100] panasonic : Muuntaja / Murtaja...
    body: 1126 chars
  [84/100] Bear Bones, Lay Low x Laslo Umbreit : Tales from the Source...
    body: 1564 chars
  [85/100] Asher White : Stage Diva...
    body: 616 chars
  [86/100] Sarah Davachi : Canto Solo...
    body: 616 chars
  [87/100] Gnod : The Witness...
    body: 786 chars
  [88/100] Jacques Greene : Presence...
    body: 977 chars
  [89/100] M. Woodroe : Carte Blanche...
    body: 622 chars
  [90/100] Red Rooster : Like A Baby Pt. 1 b/w Like A Baby Pt.2...
    body: 827 chars
  [91/100] Alexis Taylor and Mike Simonetti : I See A Darkness / Perfect Kiss...
    body: 1209 chars
  [92/100] Aril Laury : Moody b/w Bursting Of Capella...
    body: 1004 chars
  [93/100] Girl Ultra, Buscabulla and Chromeo : Mentirasmentiras...
    body: 962 chars
  [94/100] Lancer : 2late...
    body: 611 chars
  [95/100] GAS : GAS...
    body: 3945 chars
  [96/100] Various Artists : Kwalk (2026 Edition)...
    body: 1358 chars
  [97/100] KOEN HOLTKAMP : Slow Fox Run...
    body: 620 chars
  [98/100] Luca Durán & Rosa Pistola : Kumbia...
    body: 608 chars
  [99/100] Told Slant : Draw Blood...
    body: 786 chars
  [100/100] Antioch Arrow : Picnic Pants (Live at Che Cafe)...
    body: 860 chars

Total: 100 items
Closed tab effa5d4f-8765-4d67-a15d-2518c7094147
